     VMA      LMA     Size Align Out     In      Symbol
       0        0        0     1 RAM_START = 0x22000000
       0        0        0     1 RAM_LENGTH = 0x000ea000
       0        0        0     1 FLASH_START = 0x02000000
       0        0        0     1 FLASH_LENGTH = 0x00080000
       0        0        0     1 DATA_FLASH_START = 0x27000000
       0        0        0     1 DATA_FLASH_LENGTH = 0x00000000
       0        0        0     1 SDRAM_START = 0x68000000
       0        0        0     1 SDRAM_LENGTH = 0x04000000
       0        0        0     1 OSPI0_CS0_START = 0x80000000
       0        0        0     1 OSPI0_CS0_LENGTH = 0x08000000
       0        0        0     1 OSPI0_CS1_START = 0x90000000
       0        0        0     1 OSPI0_CS1_LENGTH = 0x08000000
       0        0        0     1 OSPI1_CS0_START = 0x70000000
       0        0        0     1 OSPI1_CS0_LENGTH = 0x04000000
       0        0        0     1 OSPI1_CS1_START = 0x78000000
       0        0        0     1 OSPI1_CS1_LENGTH = 0x04000000
       0        0        0     1 OPTION_SETTING_OFS0_START = 0x02c9f040
       0        0        0     1 OPTION_SETTING_OFS0_LENGTH = 0x00000004
       0        0        0     1 OPTION_SETTING_OFS2_START = 0x02c9f044
       0        0        0     1 OPTION_SETTING_OFS2_LENGTH = 0x00000004
       0        0        0     1 OPTION_SETTING_SAS_START = 0x02c9f074
       0        0        0     1 OPTION_SETTING_SAS_LENGTH = 0x00000004
       0        0        0     1 OPTION_SETTING_OFS1_START = 0x12c9f4c0
       0        0        0     1 OPTION_SETTING_OFS1_LENGTH = 0x00000004
       0        0        0     1 OPTION_SETTING_OFS1_SEC_START = 0x02c9f0c0
       0        0        0     1 OPTION_SETTING_OFS1_SEC_LENGTH = 0x00000004
       0        0        0     1 OPTION_SETTING_OFS1_SEL_START = 0x02c9f120
       0        0        0     1 OPTION_SETTING_OFS1_SEL_LENGTH = 0x00000004
       0        0        0     1 OPTION_SETTING_OFS3_START = 0x12c9f4c4
       0        0        0     1 OPTION_SETTING_OFS3_LENGTH = 0x00000004
       0        0        0     1 OPTION_SETTING_OFS3_SEC_START = 0x02c9f0c4
       0        0        0     1 OPTION_SETTING_OFS3_SEC_LENGTH = 0x00000004
       0        0        0     1 OPTION_SETTING_OFS3_SEL_START = 0x02c9f124
       0        0        0     1 OPTION_SETTING_OFS3_SEL_LENGTH = 0x00000004
       0        0        0     1 OPTION_SETTING_BPS_START = 0x12c9f600
       0        0        0     1 OPTION_SETTING_BPS_LENGTH = 0x00000080
       0        0        0     1 OPTION_SETTING_BPS_SEC_START = 0x02c9f200
       0        0        0     1 OPTION_SETTING_BPS_SEC_LENGTH = 0x00000080
       0        0        0     1 OPTION_SETTING_OTP_FSBLCTRL0_START = 0x02e07600
       0        0        0     1 OPTION_SETTING_OTP_FSBLCTRL0_LENGTH = 0x00000004
       0        0        0     1 OPTION_SETTING_OTP_FSBLCTRL1_START = 0x02e07604
       0        0        0     1 OPTION_SETTING_OTP_FSBLCTRL1_LENGTH = 0x00000004
       0        0        0     1 OPTION_SETTING_OTP_FSBLCTRL2_START = 0x02e07608
       0        0        0     1 OPTION_SETTING_OTP_FSBLCTRL2_LENGTH = 0x00000004
       0        0        0     1 OPTION_SETTING_OTP_SAMR_START = 0x02e07614
       0        0        0     1 OPTION_SETTING_OTP_SAMR_LENGTH = 0x00000004
       0        0        0     1 OPTION_SETTING_OTP_SACC00_START = 0x02e07620
       0        0        0     1 OPTION_SETTING_OTP_SACC00_LENGTH = 0x00000004
       0        0        0     1 OPTION_SETTING_OTP_SACC10_START = 0x02e07630
       0        0        0     1 OPTION_SETTING_OTP_SACC10_LENGTH = 0x00000004
       0        0        0     1 OPTION_SETTING_OTP_SACC01_START = 0x02e07640
       0        0        0     1 OPTION_SETTING_OTP_SACC01_LENGTH = 0x00000004
       0        0        0     1 OPTION_SETTING_OTP_SACC11_START = 0x02e07650
       0        0        0     1 OPTION_SETTING_OTP_SACC11_LENGTH = 0x00000004
       0        0        0     1 OPTION_SETTING_OTP_SACC02_START = 0x02e07660
       0        0        0     1 OPTION_SETTING_OTP_SACC02_LENGTH = 0x00000004
       0        0        0     1 OPTION_SETTING_OTP_SACC12_START = 0x02e07670
       0        0        0     1 OPTION_SETTING_OTP_SACC12_LENGTH = 0x00000004
       0        0        0     1 OPTION_SETTING_OTP_SACC03_START = 0x02e07680
       0        0        0     1 OPTION_SETTING_OTP_SACC03_LENGTH = 0x00000004
       0        0        0     1 OPTION_SETTING_OTP_SACC13_START = 0x02e07690
       0        0        0     1 OPTION_SETTING_OTP_SACC13_LENGTH = 0x00000004
       0        0        0     1 OPTION_SETTING_OTP_PBPS_SEC_START = 0x02e17700
       0        0        0     1 OPTION_SETTING_OTP_PBPS_SEC_LENGTH = 0x00000080
       0        0        0     1 OPTION_SETTING_OTP_PBPS_START = 0x12e17780
       0        0        0     1 OPTION_SETTING_OTP_PBPS_LENGTH = 0x00000080
       0        0        0     1 OPTION_SETTING_OTP_ZHUK_START = 0x02e17920
       0        0        0     1 OPTION_SETTING_OTP_ZHUK_LENGTH = 0x00000004
       0        0        0     1 ITCM_START = 0x00000000
       0        0        0     1 ITCM_LENGTH = 0x00020000
       0        0        0     1 DTCM_START = 0x20000000
       0        0        0     1 DTCM_LENGTH = 0x00020000
90000000 90000000        0     1 .ospi0_cs1.startof
90000000 90000000        0     1         __ddsc_OSPI0_CS1_START = .
68000000 68000000        0     1 .sdram.startof
68000000 68000000        0     1         __ddsc_SDRAM_START = .
68000000 68000000        0     1 __sdram_from_ospi0_cs1$$
68000000 68000000        0     1         __sdram_from_ospi0_cs1$$Base = .
68000000 68000000        0     1         __sdram_from_ospi0_cs1$$Load = LOADADDR(__sdram_from_ospi0_cs1$$)
68000000 68000000        0     1         __sdram_from_ospi0_cs1$$Limit = .
80000000 80000000        0     1 .ospi0_cs0.startof
80000000 80000000        0     1         __ddsc_OSPI0_CS0_START = .
80000000 80000000        0     1 __ospi0_cs0_from_ospi0_cs1$$
80000000 80000000        0     1         __ospi0_cs0_from_ospi0_cs1$$Base = .
80000000 80000000        0     1         __ospi0_cs0_from_ospi0_cs1$$Load = LOADADDR(__ospi0_cs0_from_ospi0_cs1$$)
80000000 80000000        0     1         __ospi0_cs0_from_ospi0_cs1$$Limit = .
70000000 70000000        0     1 .ospi1_cs0.startof
70000000 70000000        0     1         __ddsc_OSPI1_CS0_START = .
70000000 70000000        0     1 __ospi1_cs0_from_ospi0_cs1$$
70000000 70000000        0     1         __ospi1_cs0_from_ospi0_cs1$$Base = .
70000000 70000000        0     1         __ospi1_cs0_from_ospi0_cs1$$Load = LOADADDR(__ospi1_cs0_from_ospi0_cs1$$)
70000000 70000000        0     1         __ospi1_cs0_from_ospi0_cs1$$Limit = .
       0        0        0     1 .itcm.startof
       0        0        0     1         __ddsc_ITCM_START = .
       0        0        0     1 __itcm_from_ospi0_cs1$$
       0        0        0     1         __itcm_from_ospi0_cs1$$Base = .
       0        0        0     1         __itcm_from_ospi0_cs1$$Load = LOADADDR(__itcm_from_ospi0_cs1$$)
       0        0        0     1         __itcm_from_ospi0_cs1$$Limit = .
20000000 20000000        0     1 .dtcm.startof
20000000 20000000        0     1         __ddsc_DTCM_START = .
20000000 20000000        0     1 __dtcm_from_ospi0_cs1$$
20000000 20000000        0     1         __dtcm_from_ospi0_cs1$$Base = .
20000000 20000000        0     1         __dtcm_from_ospi0_cs1$$Load = LOADADDR(__dtcm_from_ospi0_cs1$$)
20000000 20000000        0     1         __dtcm_from_ospi0_cs1$$Limit = .
22000000 22000000        0     1 .ram.startof
22000000 22000000        0     1         __ddsc_RAM_START = .
22000000 22000000        0     1 __ram_dtc_vector$$
22000000 22000000        0     1         __ram_dtc_vector$$Base = .
22000000 22000000        0     1         __ram_dtc_vector$$Limit = .
22000000 22000000        0     1 __ram_from_ospi0_cs1$$
22000000 22000000        0     1         __ram_from_ospi0_cs1$$Base = .
22000000 22000000        0     1         __ram_from_ospi0_cs1$$Load = LOADADDR(__ram_from_ospi0_cs1$$)
22000000 22000000        0     1         __ram_from_ospi0_cs1$$Limit = .
90000000 90000000        0     1 __ospi0_cs1_readonly$$
90000000 90000000        0     1         __ospi0_cs1_readonly$$Base = .
90000000 90000000        0     1         __ospi0_cs1_readonly$$Limit = .
90000000 90000000        0     1 __ospi0_cs1_noinit$$
90000000 90000000        0     1         __ospi0_cs1_noinit$$Base = .
90000000 90000000        0     1         __ospi0_cs1_noinit$$Limit = .
90000000 90000000        0     1 .ospi0_cs1.endof
90000000 90000000        0     1         __ddsc_OSPI0_CS1_END = .
78000000 78000000        0     1 .ospi1_cs1.startof
78000000 78000000        0     1         __ddsc_OSPI1_CS1_START = .
68000000 68000000        0     1 __sdram_from_ospi1_cs1$$
68000000 68000000        0     1         __sdram_from_ospi1_cs1$$Base = .
68000000 68000000        0     1         __sdram_from_ospi1_cs1$$Load = LOADADDR(__sdram_from_ospi1_cs1$$)
68000000 68000000        0     1         __sdram_from_ospi1_cs1$$Limit = .
80000000 80000000        0     1 __ospi0_cs0_from_ospi1_cs1$$
80000000 80000000        0     1         __ospi0_cs0_from_ospi1_cs1$$Base = .
80000000 80000000        0     1         __ospi0_cs0_from_ospi1_cs1$$Load = LOADADDR(__ospi0_cs0_from_ospi1_cs1$$)
80000000 80000000        0     1         __ospi0_cs0_from_ospi1_cs1$$Limit = .
70000000 70000000        0     1 __ospi1_cs0_from_ospi1_cs1$$
70000000 70000000        0     1         __ospi1_cs0_from_ospi1_cs1$$Base = .
70000000 70000000        0     1         __ospi1_cs0_from_ospi1_cs1$$Load = LOADADDR(__ospi1_cs0_from_ospi1_cs1$$)
70000000 70000000        0     1         __ospi1_cs0_from_ospi1_cs1$$Limit = .
       0        0        0     1 __itcm_from_ospi1_cs1$$
       0        0        0     1         __itcm_from_ospi1_cs1$$Base = .
       0        0        0     1         __itcm_from_ospi1_cs1$$Load = LOADADDR(__itcm_from_ospi1_cs1$$)
       0        0        0     1         __itcm_from_ospi1_cs1$$Limit = .
20000000 20000000        0     1 __dtcm_from_ospi1_cs1$$
20000000 20000000        0     1         __dtcm_from_ospi1_cs1$$Base = .
20000000 20000000        0     1         __dtcm_from_ospi1_cs1$$Load = LOADADDR(__dtcm_from_ospi1_cs1$$)
20000000 20000000        0     1         __dtcm_from_ospi1_cs1$$Limit = .
22000000 22000000        0     1 __ram_from_ospi1_cs1$$
22000000 22000000        0     1         __ram_from_ospi1_cs1$$Base = .
22000000 22000000        0     1         __ram_from_ospi1_cs1$$Load = LOADADDR(__ram_from_ospi1_cs1$$)
22000000 22000000        0     1         __ram_from_ospi1_cs1$$Limit = .
78000000 78000000        0     1 __ospi1_cs1_readonly$$
78000000 78000000        0     1         __ospi1_cs1_readonly$$Base = .
78000000 78000000        0     1         __ospi1_cs1_readonly$$Limit = .
78000000 78000000        0     1 __ospi1_cs1_noinit$$
78000000 78000000        0     1         __ospi1_cs1_noinit$$Base = .
78000000 78000000        0     1         __ospi1_cs1_noinit$$Limit = .
78000000 78000000        0     1 .ospi1_cs1.endof
78000000 78000000        0     1         __ddsc_OSPI1_CS1_END = .
27000000 27000000        0     1 .data_flash.startof
27000000 27000000        0     1         __ddsc_DATA_FLASH_START = .
68000000 68000000        0     1 __sdram_from_data_flash$$
68000000 68000000        0     1         __sdram_from_data_flash$$Base = .
68000000 68000000        0     1         __sdram_from_data_flash$$Load = LOADADDR(__sdram_from_data_flash$$)
68000000 68000000        0     1         __sdram_from_data_flash$$Limit = .
80000000 80000000        0     1 __ospi0_cs0_from_data_flash$$
80000000 80000000        0     1         __ospi0_cs0_from_data_flash$$Base = .
80000000 80000000        0     1         __ospi0_cs0_from_data_flash$$Load = LOADADDR(__ospi0_cs0_from_data_flash$$)
80000000 80000000        0     1         __ospi0_cs0_from_data_flash$$Limit = .
70000000 70000000        0     1 __ospi1_cs0_from_data_flash$$
70000000 70000000        0     1         __ospi1_cs0_from_data_flash$$Base = .
70000000 70000000        0     1         __ospi1_cs0_from_data_flash$$Load = LOADADDR(__ospi1_cs0_from_data_flash$$)
70000000 70000000        0     1         __ospi1_cs0_from_data_flash$$Limit = .
       0        0        0     1 __itcm_from_data_flash$$
       0        0        0     1         __itcm_from_data_flash$$Base = .
       0        0        0     1         __itcm_from_data_flash$$Load = LOADADDR(__itcm_from_data_flash$$)
       0        0        0     1         __itcm_from_data_flash$$Limit = .
20000000 20000000        0     1 __dtcm_from_data_flash$$
20000000 20000000        0     1         __dtcm_from_data_flash$$Base = .
20000000 20000000        0     1         __dtcm_from_data_flash$$Load = LOADADDR(__dtcm_from_data_flash$$)
20000000 20000000        0     1         __dtcm_from_data_flash$$Limit = .
22000000 22000000        0     1 __ram_from_data_flash$$
22000000 22000000        0     1         __ram_from_data_flash$$Base = .
22000000 22000000        0     1         __ram_from_data_flash$$Load = LOADADDR(__ram_from_data_flash$$)
22000000 22000000        0     1         __ram_from_data_flash$$Limit = .
27000000 27000000        0     1 __data_flash_readonly$$
27000000 27000000        0     1         __data_flash_readonly$$Base = .
27000000 27000000        0     1         __data_flash_readonly$$Limit = .
27000000 27000000        0     1 __data_flash_noinit$$
27000000 27000000        0     1         __data_flash_noinit$$Base = .
27000000 27000000        0     1         __data_flash_noinit$$Limit = .
27000000 27000000        0     1 .data_flash.endof
27000000 27000000        0     1         __ddsc_DATA_FLASH_END = .
 2000000  2000000        0     1 .flash.startof
 2000000  2000000        0     1         __ddsc_FLASH_START = .
 2000000  2000000       50     4 __flash_vectors$$
 2000000  2000000        0     1         __flash_vectors$$Base = .
 2000000  2000000        0     1         _VECTORS = .
 2000000  2000000       40     4         ./ra/fsp/src/bsp/cmsis/Device/RENESAS/Source/startup.o:(.fixed_vectors)
 2000000  2000000       40     1                 __Vectors
 2000040  2000040       10     4         ./ra_gen/vector_data.o:(.application_vectors)
 2000040  2000040       10     1                 g_vector_table
 2000050  2000050        0     1         __flash_vectors$$Limit = .
 2000050  2000050        0     1 __flash_noinit$$
 2000050  2000050        0     1         __flash_noinit$$Base = .
 2000050  2000050        0     1         __flash_noinit$$Limit = .
68000000 68000000        0     1 __sdram_from_flash$$
68000000 68000000        0     1         __sdram_from_flash$$Base = .
68000000 68000000        0     1         __sdram_from_flash$$Load = LOADADDR(__sdram_from_flash$$)
68000000 68000000        0     1         __sdram_from_flash$$Limit = .
68000000 68000000        0     1 __sdram_noinit_nocache$$
68000000 68000000        0     1         __sdram_noinit_nocache$$Base = .
68000000 68000000        0     1         __sdram_noinit_nocache$$Limit = .
68000000 68000000        0     1 __sdram_zero_nocache$$
68000000 68000000        0     1         __sdram_zero_nocache$$Base = .
68000000 68000000        0     1         . = ALIGN(32)
68000000 68000000        0     1         __sdram_zero_nocache$$Limit = .
68000000 68000000        0     1 __sdram_noinit$$
68000000 68000000        0     1         __sdram_noinit$$Base = .
68000000 68000000        0     1         __sdram_noinit$$Limit = .
68000000 68000000        0     1 __sdram_zero$$
68000000 68000000        0     1         __sdram_zero$$Base = .
68000000 68000000        0     1         __sdram_zero$$Limit = .
68000000 68000000        0     1 .sdram.endof
68000000 68000000        0     1         __ddsc_SDRAM_END = .
80000000 80000000        0     1 __ospi0_cs0_from_flash$$
80000000 80000000        0     1         __ospi0_cs0_from_flash$$Base = .
80000000 80000000        0     1         __ospi0_cs0_from_flash$$Load = LOADADDR(__ospi0_cs0_from_flash$$)
80000000 80000000        0     1         __ospi0_cs0_from_flash$$Limit = .
80000000 80000000        0     1 __ospi0_cs0_noinit_nocache$$
80000000 80000000        0     1         __ospi0_cs0_noinit_nocache$$Base = .
80000000 80000000        0     1         __ospi0_cs0_noinit_nocache$$Limit = .
80000000 80000000        0     1 __ospi0_cs0_zero_nocache$$
80000000 80000000        0     1         __ospi0_cs0_zero_nocache$$Base = .
80000000 80000000        0     1         . = ALIGN(32)
80000000 80000000        0     1         __ospi0_cs0_zero_nocache$$Limit = .
80000000 80000000        0     1 __ospi0_cs0_noinit$$
80000000 80000000        0     1         __ospi0_cs0_noinit$$Base = .
80000000 80000000        0     1         __ospi0_cs0_noinit$$Limit = .
80000000 80000000        0     1 __ospi0_cs0_zero$$
80000000 80000000        0     1         __ospi0_cs0_zero$$Base = .
80000000 80000000        0     1         __ospi0_cs0_zero$$Limit = .
80000000 80000000        0     1 .ospi0_cs0.endof
80000000 80000000        0     1         __ddsc_OSPI0_CS0_END = .
70000000 70000000        0     1 __ospi1_cs0_from_flash$$
70000000 70000000        0     1         __ospi1_cs0_from_flash$$Base = .
70000000 70000000        0     1         __ospi1_cs0_from_flash$$Load = LOADADDR(__ospi1_cs0_from_flash$$)
70000000 70000000        0     1         __ospi1_cs0_from_flash$$Limit = .
70000000 70000000        0     1 __ospi1_cs0_noinit_nocache$$
70000000 70000000        0     1         __ospi1_cs0_noinit_nocache$$Base = .
70000000 70000000        0     1         __ospi1_cs0_noinit_nocache$$Limit = .
70000000 70000000        0     1 __ospi1_cs0_zero_nocache$$
70000000 70000000        0     1         __ospi1_cs0_zero_nocache$$Base = .
70000000 70000000        0     1         . = ALIGN(32)
70000000 70000000        0     1         __ospi1_cs0_zero_nocache$$Limit = .
70000000 70000000        0     1 __ospi1_cs0_noinit$$
70000000 70000000        0     1         __ospi1_cs0_noinit$$Base = .
70000000 70000000        0     1         __ospi1_cs0_noinit$$Limit = .
70000000 70000000        0     1 __ospi1_cs0_zero$$
70000000 70000000        0     1         __ospi1_cs0_zero$$Base = .
70000000 70000000        0     1         __ospi1_cs0_zero$$Limit = .
70000000 70000000        0     1 .ospi1_cs0.endof
70000000 70000000        0     1         __ddsc_OSPI1_CS0_END = .
       0        0        0     1 __itcm_from_flash$$
       0        0        0     1         __itcm_from_flash$$Base = .
       0        0        0     1         __itcm_from_flash$$Load = LOADADDR(__itcm_from_flash$$)
       0        0        0     1         __itcm_from_flash$$Limit = .
       0        0        0     1 __itcm_noinit$$
       0        0        0     1         __itcm_noinit$$Base = .
       0        0        0     1         __itcm_noinit$$Limit = .
       0        0        0     1 __itcm_zero$$
       0        0        0     1         __itcm_zero$$Base = .
       0        0        0     1         __itcm_zero$$Limit = .
       0        0        0     1 .itcm.endof
       0        0        0     1         __ddsc_ITCM_END = .
20000000 20000000        0     1 __dtcm_from_flash$$
20000000 20000000        0     1         __dtcm_from_flash$$Base = .
20000000 20000000        0     1         __dtcm_from_flash$$Load = LOADADDR(__dtcm_from_flash$$)
20000000 20000000        0     1         __dtcm_from_flash$$Limit = .
20000000 20000000        0     1 __dtcm_noinit$$
20000000 20000000        0     1         __dtcm_noinit$$Base = .
20000000 20000000        0     1         __dtcm_noinit$$Limit = .
20000000 20000000        0     1 __dtcm_zero$$
20000000 20000000        0     1         __dtcm_zero$$Base = .
20000000 20000000        0     1         __dtcm_zero$$Limit = .
20000000 20000000        0     1 .dtcm.endof
20000000 20000000        0     1         __ddsc_DTCM_END = .
22000000  2000050        4     4 __ram_from_flash$$
22000000  2000050        0     1         __ram_from_flash$$Base = .
22000000  2000050        0     1         __ram_from_flash$$Load = LOADADDR(__ram_from_flash$$)
22000000  2000050        4     4         ./ra_gen/hal_data.o:(.data.g_uart1_baud_setting)
22000000  2000050        4     1                 g_uart1_baud_setting
22000004  2000054        0     1         __ram_from_flash$$Limit = .
22000020 22000020        0     1 __ram_noinit_nocache$$
22000020 22000020        0     1         __ram_noinit_nocache$$Base = .
22000020 22000020        0     1         __ram_noinit_nocache$$Limit = .
22000020 22000020        0     1 __ram_zero_nocache$$
22000020 22000020        0     1         __ram_zero_nocache$$Base = .
22000020 22000020        0     1         . = ALIGN(32)
22000020 22000020        0     1         __ram_zero_nocache$$Limit = .
22000020 22000020     402c     8 __ram_noinit$$
22000020 22000020        0     1         __ram_noinit$$Base = .
22000020 22000020     4000     8         ./ra/fsp/src/bsp/cmsis/Device/RENESAS/Source/startup.o:(.bss.g_main_stack)
22000020 22000020     4000     1                 g_main_stack
22004020 22004020       2c     4         ./ra/fsp/src/bsp/mcu/all/bsp_clocks.o:(.ram_noinit)
22004020 22004020       2c     1                 g_clock_freq
2200404c 2200404c        0     1         __ram_noinit$$Limit = .
2200404c 2200404c     31d8     4 __ram_zero$$
2200404c 2200404c        0     1         __ram_zero$$Base = .
2200404c 2200404c        4     4         ./src/new_thread0_entry.o:(.bss.g_voice_cmd_queue)
2200404c 2200404c        4     1                 g_voice_cmd_queue
22004050 22004050        1     1         ./src/new_thread0_entry.o:(.bss.g_pending_voice_cmd)
22004050 22004050        1     1                 g_pending_voice_cmd
22004054 22004054        4     4         ./src/new_thread0_entry.o:(.bss.g_send_count)
22004054 22004054        4     1                 g_send_count
22004058 22004058        1     1         ./src/voice.o:(.bss.g_uart_rx_data)
22004058 22004058        1     1                 g_uart_rx_data
2200405a 2200405a        2     2         ./src/voice.o:(.bss.g_uart_queue_count)
2200405a 2200405a        2     1                 g_uart_queue_count
2200405c 2200405c        1     1         ./src/voice.o:(.bss.g_uart_callback_triggered)
2200405c 2200405c        1     1                 g_uart_callback_triggered
2200405d 2200405d        1     1         ./src/voice.o:(.bss.uart_send_complete_flag)
2200405d 2200405d        1     1                 uart_send_complete_flag
2200405e 2200405e        1     1         ./src/voice.o:(.bss.g_voice_cmd)
2200405e 2200405e        1     1                 g_voice_cmd
2200405f 2200405f        1     1         ./src/voice.o:(.bss.g_packet_buffer)
2200405f 2200405f        1     1                 g_packet_buffer
22004060 22004060      104     4         ./src/voice.o:(.bss.g_uart_queue)
22004060 22004060      104     1                 g_uart_queue
22004164 22004164        8     4         ./ra_gen/common_data.o:(.bss.g_ioport_ctrl)
22004164 22004164        8     1                 g_ioport_ctrl
2200416c 2200416c       34     4         ./ra_gen/hal_data.o:(.bss.g_uart1_ctrl)
2200416c 2200416c       34     1                 g_uart1_ctrl
220041a0 220041a0       1c     4         ./ra_gen/hal_data.o:(.bss.g_ipc0_ctrl)
220041a0 220041a0       1c     1                 g_ipc0_ctrl
220041bc 220041bc        4     4         ./ra_gen/main.o:(.bss.g_fsp_common_initialized_semaphore)
220041bc 220041bc        4     1                 g_fsp_common_initialized_semaphore
220041c0 220041c0        1     1         ./ra_gen/main.o:(.bss.g_fsp_common_initialized)
220041c0 220041c0        1     1                 g_fsp_common_initialized
220041c4 220041c4        4     4         ./ra_gen/main.o:(.bss.g_fsp_common_thread_count)
220041c4 220041c4        4     1                 g_fsp_common_thread_count
220041c8 220041c8       48     4         ./ra_gen/main.o:(.bss.g_fsp_common_initialized_semaphore_memory)
220041c8 220041c8       48     1                 g_fsp_common_initialized_semaphore_memory
22004210 22004210       60     4         ./ra_gen/main.o:(.bss.vApplicationGetIdleTaskMemory.xIdleTaskTCB)
22004210 22004210       60     1                 vApplicationGetIdleTaskMemory.xIdleTaskTCB
22004270 22004270      200     4         ./ra_gen/main.o:(.bss.vApplicationGetIdleTaskMemory.uxIdleTaskStack)
22004270 22004270      200     1                 vApplicationGetIdleTaskMemory.uxIdleTaskStack
22004470 22004470       60     4         ./ra_gen/main.o:(.bss.vApplicationGetTimerTaskMemory.xTimerTaskTCB)
22004470 22004470       60     1                 vApplicationGetTimerTaskMemory.xTimerTaskTCB
220044d0 220044d0      200     4         ./ra_gen/main.o:(.bss.vApplicationGetTimerTaskMemory.uxTimerTaskStack)
220044d0 220044d0      200     1                 vApplicationGetTimerTaskMemory.uxTimerTaskStack
220046d0 220046d0       60     4         ./ra_gen/new_thread0.o:(.bss.new_thread0_memory)
220046d0 220046d0       60     1                 new_thread0_memory
22004730 22004730        4     4         ./ra_gen/new_thread0.o:(.bss.new_thread0)
22004730 22004730        4     1                 new_thread0
22004734 22004734        4     4         ./ra/fsp/src/rm_freertos_port/port.o:(.bss.uxCriticalNesting)
22004734 22004734        4     1                 uxCriticalNesting
22004738 22004738        4     4         ./ra/fsp/src/rm_freertos_port/port.o:(.bss.g_mask_level_before_disable)
22004738 22004738        4     1                 g_mask_level_before_disable
2200473c 2200473c       54     4         ./ra/fsp/src/bsp/mcu/all/bsp_group_irq.o:(.bss.g_bsp_group_irq_sources)
2200473c 2200473c       54     1                 g_bsp_group_irq_sources
22004790 22004790        4     4         ./ra/fsp/src/bsp/mcu/all/bsp_io.o:(.bss.g_protect_pfswe_counter)
22004790 22004790        4     1                 g_protect_pfswe_counter
22004794 22004794       10     4         ./ra/fsp/src/bsp/mcu/all/bsp_irq.o:(.bss.gp_renesas_isr_context)
22004794 22004794       10     1                 gp_renesas_isr_context
220047a4 220047a4        a     2         ./ra/fsp/src/bsp/mcu/all/bsp_register_protection.o:(.bss.g_protect_counters)
220047a4 220047a4        a     1                 g_protect_counters
220047b0 220047b0        4     4         ./ra/fsp/src/bsp/cmsis/Device/RENESAS/Source/system.o:(.bss.SystemCoreClock)
220047b0 220047b0        4     1                 SystemCoreClock
220047b4 220047b4        4     4         ./ra/aws/FreeRTOS/FreeRTOS/Source/portable/MemMang/heap_4.o:(.bss.pxEnd)
220047b4 220047b4        4     1                 pxEnd
220047b8 220047b8        4     4         ./ra/aws/FreeRTOS/FreeRTOS/Source/portable/MemMang/heap_4.o:(.bss.xFreeBytesRemaining)
220047b8 220047b8        4     1                 xFreeBytesRemaining
220047bc 220047bc        8     4         ./ra/aws/FreeRTOS/FreeRTOS/Source/portable/MemMang/heap_4.o:(.bss.xStart)
220047bc 220047bc        8     1                 xStart
220047c4 220047c4     2800     1         ./ra/aws/FreeRTOS/FreeRTOS/Source/portable/MemMang/heap_4.o:(.bss.ucHeap)
220047c4 220047c4     2800     1                 ucHeap
22006fc4 22006fc4        4     4         ./ra/aws/FreeRTOS/FreeRTOS/Source/portable/MemMang/heap_4.o:(.bss.xMinimumEverFreeBytesRemaining)
22006fc4 22006fc4        4     1                 xMinimumEverFreeBytesRemaining
22006fc8 22006fc8        4     4         ./ra/aws/FreeRTOS/FreeRTOS/Source/portable/MemMang/heap_4.o:(.bss.xNumberOfSuccessfulAllocations)
22006fc8 22006fc8        4     1                 xNumberOfSuccessfulAllocations
22006fcc 22006fcc        4     4         ./ra/aws/FreeRTOS/FreeRTOS/Source/portable/MemMang/heap_4.o:(.bss.xNumberOfSuccessfulFrees)
22006fcc 22006fcc        4     1                 xNumberOfSuccessfulFrees
22006fd0 22006fd0       50     4         ./ra/aws/FreeRTOS/FreeRTOS/Source/queue.o:(.bss.xQueueRegistry)
22006fd0 22006fd0       50     1                 xQueueRegistry
22007020 22007020        4     4         ./ra/aws/FreeRTOS/FreeRTOS/Source/tasks.o:(.bss.pxCurrentTCB)
22007020 22007020        4     1                 pxCurrentTCB
22007024 22007024        4     4         ./ra/aws/FreeRTOS/FreeRTOS/Source/tasks.o:(.bss.uxTaskNumber)
22007024 22007024        4     1                 uxTaskNumber
22007028 22007028        4     4         ./ra/aws/FreeRTOS/FreeRTOS/Source/tasks.o:(.bss.xSchedulerRunning)
22007028 22007028        4     1                 xSchedulerRunning
2200702c 2200702c       14     4         ./ra/aws/FreeRTOS/FreeRTOS/Source/tasks.o:(.bss.xTasksWaitingTermination)
2200702c 2200702c       14     1                 xTasksWaitingTermination
22007040 22007040        4     4         ./ra/aws/FreeRTOS/FreeRTOS/Source/tasks.o:(.bss.uxDeletedTasksWaitingCleanUp)
22007040 22007040        4     1                 uxDeletedTasksWaitingCleanUp
22007044 22007044        4     4         ./ra/aws/FreeRTOS/FreeRTOS/Source/tasks.o:(.bss.uxCurrentNumberOfTasks)
22007044 22007044        4     1                 uxCurrentNumberOfTasks
22007048 22007048        4     4         ./ra/aws/FreeRTOS/FreeRTOS/Source/tasks.o:(.bss.uxSchedulerSuspended)
22007048 22007048        4     1                 uxSchedulerSuspended
2200704c 2200704c        4     4         ./ra/aws/FreeRTOS/FreeRTOS/Source/tasks.o:(.bss.xTickCount)
2200704c 2200704c        4     1                 xTickCount
22007050 22007050       64     4         ./ra/aws/FreeRTOS/FreeRTOS/Source/tasks.o:(.bss.pxReadyTasksLists)
22007050 22007050       64     1                 pxReadyTasksLists
220070b4 220070b4        4     4         ./ra/aws/FreeRTOS/FreeRTOS/Source/tasks.o:(.bss.uxTopReadyPriority)
220070b4 220070b4        4     1                 uxTopReadyPriority
220070b8 220070b8       14     4         ./ra/aws/FreeRTOS/FreeRTOS/Source/tasks.o:(.bss.xSuspendedTaskList)
220070b8 220070b8       14     1                 xSuspendedTaskList
220070cc 220070cc        4     4         ./ra/aws/FreeRTOS/FreeRTOS/Source/tasks.o:(.bss.xYieldPendings)
220070cc 220070cc        4     1                 xYieldPendings
220070d0 220070d0       14     4         ./ra/aws/FreeRTOS/FreeRTOS/Source/tasks.o:(.bss.xPendingReadyList)
220070d0 220070d0       14     1                 xPendingReadyList
220070e4 220070e4        4     4         ./ra/aws/FreeRTOS/FreeRTOS/Source/tasks.o:(.bss.xNextTaskUnblockTime)
220070e4 220070e4        4     1                 xNextTaskUnblockTime
220070e8 220070e8        4     4         ./ra/aws/FreeRTOS/FreeRTOS/Source/tasks.o:(.bss.xIdleTaskHandles.0)
220070e8 220070e8        4     1                 xIdleTaskHandles.0
220070ec 220070ec        4     4         ./ra/aws/FreeRTOS/FreeRTOS/Source/tasks.o:(.bss.xPendedTicks)
220070ec 220070ec        4     1                 xPendedTicks
220070f0 220070f0        4     4         ./ra/aws/FreeRTOS/FreeRTOS/Source/tasks.o:(.bss.pxDelayedTaskList)
220070f0 220070f0        4     1                 pxDelayedTaskList
220070f4 220070f4        4     4         ./ra/aws/FreeRTOS/FreeRTOS/Source/tasks.o:(.bss.pxOverflowDelayedTaskList)
220070f4 220070f4        4     1                 pxOverflowDelayedTaskList
220070f8 220070f8        4     4         ./ra/aws/FreeRTOS/FreeRTOS/Source/tasks.o:(.bss.xNumOfOverflows)
220070f8 220070f8        4     1                 xNumOfOverflows
220070fc 220070fc       14     4         ./ra/aws/FreeRTOS/FreeRTOS/Source/tasks.o:(.bss.xDelayedTaskList1)
220070fc 220070fc       14     1                 xDelayedTaskList1
22007110 22007110       14     4         ./ra/aws/FreeRTOS/FreeRTOS/Source/tasks.o:(.bss.xDelayedTaskList2)
22007110 22007110       14     1                 xDelayedTaskList2
22007124 22007124        4     4         ./ra/aws/FreeRTOS/FreeRTOS/Source/timers.o:(.bss.xTimerQueue)
22007124 22007124        4     1                 xTimerQueue
22007128 22007128        4     4         ./ra/aws/FreeRTOS/FreeRTOS/Source/timers.o:(.bss.xTimerTaskHandle)
22007128 22007128        4     1                 xTimerTaskHandle
2200712c 2200712c        4     4         ./ra/aws/FreeRTOS/FreeRTOS/Source/timers.o:(.bss.pxCurrentTimerList)
2200712c 2200712c        4     1                 pxCurrentTimerList
22007130 22007130        4     4         ./ra/aws/FreeRTOS/FreeRTOS/Source/timers.o:(.bss.pxOverflowTimerList)
22007130 22007130        4     1                 pxOverflowTimerList
22007134 22007134        4     4         ./ra/aws/FreeRTOS/FreeRTOS/Source/timers.o:(.bss.prvSampleTimeNow.xLastTime)
22007134 22007134        4     1                 prvSampleTimeNow.xLastTime
22007138 22007138       14     4         ./ra/aws/FreeRTOS/FreeRTOS/Source/timers.o:(.bss.xActiveTimerList1)
22007138 22007138       14     1                 xActiveTimerList1
2200714c 2200714c       14     4         ./ra/aws/FreeRTOS/FreeRTOS/Source/timers.o:(.bss.xActiveTimerList2)
2200714c 2200714c       14     1                 xActiveTimerList2
22007160 22007160       48     4         ./ra/aws/FreeRTOS/FreeRTOS/Source/timers.o:(.bss.prvCheckForValidListAndQueue.xStaticTimerQueue)
22007160 22007160       48     1                 prvCheckForValidListAndQueue.xStaticTimerQueue
220071a8 220071a8       78     1         ./ra/aws/FreeRTOS/FreeRTOS/Source/timers.o:(.bss.prvCheckForValidListAndQueue.ucStaticTimerQueueStorage)
220071a8 220071a8       78     1                 prvCheckForValidListAndQueue.ucStaticTimerQueueStorage
22007220 22007220        4     4         E:\e2studio\toolchains\llvm_arm\ATfE-21.1.1-Windows-x86_64\bin\..\lib\clang-runtimes/arm-none-eabi/armv8.1m.main_hard_fpdp_nomve_exn_rtti_unaligned_size\lib\libc.a(libc_picolib_machine_arm_tls.c.o):(.bss.__tls)
22007220 22007220        4     1                 __tls
22007224 22007224        0     1         __ram_zero$$Limit = .
22007224 22007224        0     1 __ram_tdata$$
22007224 22007224        0     1         __ram_tdata$$Base = .
22007224 22007224        0     1         __ram_tdata$$Load = LOADADDR(__ram_tdata$$)
22007224 22007224        0     1         __ram_tdata$$Limit = .
22007224 22007224        0     1 __ram_tbss$$
22007224 22007224        0     1         __ram_tbss$$Base = .
22007224 22007224        0     1         __ram_tbss$$Limit = .
22007228 22007228     2800     8 __ram_thread_stack$$
22007228 22007228        0     1         __ram_thread_stack$$Base = .
22007228 22007228     2800     8         ./ra_gen/new_thread0.o:(.stack.new_thread0)
22007228 22007228     2800     1                 new_thread0_stack
22009a28 22009a28        0     1         __ram_thread_stack$$Limit = .
22009c00 22009c00        0     1 .ram.endof
22009c00 22009c00        0     1         __ddsc_RAM_END = .
22009c00 22009c00        0     1 .ram.flat_nsc
22009c00 22009c00        0     1         __ddsc_RAM_NSC = .
 2000058  2000058     44f6     8 __flash_readonly$$
 2000058  2000058        0     1         __flash_readonly$$Base = .
 2000058  2000058       1e     2         ./src/hal_entry.o:(.text.vApplicationMallocFailedHook)
 2000058  2000058        0     1                 $t
 2000059  2000059       1e     1                 vApplicationMallocFailedHook
 2000076  2000076        4     2         ./src/hal_entry.o:(.text.vApplicationIdleHook)
 2000076  2000076        0     1                 $t
 2000077  2000077        4     1                 vApplicationIdleHook
 200007a  200007a       1a     2         ./src/hal_warmstart.o:(.text.R_BSP_WarmStart)
 200007a  200007a        0     1                 $t
 200007b  200007b       1a     1                 R_BSP_WarmStart
 2000098  2000098      150     8         ./src/new_thread0_entry.o:(.text.new_thread0_entry)
 2000098  2000098        0     1                 $t
 2000099  2000099      150     1                 new_thread0_entry
 200017e  200017e        0     1                 $d
 200018a  200018a        0     1                 $t
 20001e8  20001e8       54     8         ./src/new_thread0_entry.o:(.text.VoiceIpcSenderTask)
 20001e8  20001e8        0     1                 $t
 20001e9  20001e9       54     1                 VoiceIpcSenderTask
 200023c  200023c       52     2         ./src/voice.o:(.text.Voice_Init)
 200023c  200023c        0     1                 $t
 200023d  200023d       52     1                 Voice_Init
 200028e  200028e       10     2         ./src/voice.o:(.text.Voice_GetCommand)
 200028e  200028e        0     1                 $t
 200028f  200028f       10     1                 Voice_GetCommand
 20002a0  20002a0       6a     8         ./src/voice.o:(.text.Voice_Process)
 20002a0  20002a0        0     1                 $t
 20002a1  20002a1       6a     1                 Voice_Process
 200030a  200030a       94     2         ./src/voice.o:(.text.g_uart0_Callback)
 200030a  200030a        0     1                 $t
 200030b  200030b       94     1                 g_uart0_Callback
 200039e  200039e        2     2         ./ra_gen/common_data.o:(.text.g_common_init)
 200039e  200039e        0     1                 $t
 200039f  200039f        2     1                 g_common_init
 20003a0  20003a0        4     2         ./ra_gen/hal_data.o:(.text.g_hal_init)
 20003a0  20003a0        0     1                 $t
 20003a1  20003a1        4     1                 g_hal_init
 20003a4  20003a4        4     2         ./ra_gen/main.o:(.text.rtos_startup_err_callback_internal)
 20003a4  20003a4        0     1                 $t
 20003a5  20003a5        4     1                 rtos_startup_err_callback_internal
 20003a5  20003a5        4     1                 rtos_startup_err_callback
 20003a8  20003a8       62     8         ./ra_gen/main.o:(.text.rtos_startup_common_init)
 20003a8  20003a8        0     1                 $t
 20003a9  20003a9       62     1                 rtos_startup_common_init
 200040a  200040a       4a     2         ./ra_gen/main.o:(.text.main)
 200040a  200040a        0     1                 $t
 200040b  200040b       4a     1                 main
 2000454  2000454       1c     2         ./ra_gen/main.o:(.text.vApplicationGetIdleTaskMemory)
 2000454  2000454        0     1                 $t
 2000455  2000455       1c     1                 vApplicationGetIdleTaskMemory
 2000470  2000470       1c     2         ./ra_gen/main.o:(.text.vApplicationGetTimerTaskMemory)
 2000470  2000470        0     1                 $t
 2000471  2000471       1c     1                 vApplicationGetTimerTaskMemory
 200048c  200048c       68     2         ./ra_gen/new_thread0.o:(.text.new_thread0_create)
 200048c  200048c        0     1                 $t
 200048d  200048d       68     1                 new_thread0_create
 20004f4  20004f4       12     2         ./ra_gen/new_thread0.o:(.text.new_thread0_func)
 20004f4  20004f4        0     1                 $t
 20004f5  20004f5       12     1                 new_thread0_func
 2000508  2000508       18     4         ./ra/fsp/src/rm_freertos_port/port.o:(.text.SVC_Handler)
 2000508  2000508        0     1                 $t
 2000509  2000509       12     1                 SVC_Handler
 200051c  200051c        0     1                 $d
 2000520  2000520       44     4         ./ra/fsp/src/rm_freertos_port/port.o:(.text.PendSV_Handler)
 2000520  2000520        0     1                 $t
 2000521  2000521       40     1                 PendSV_Handler
 2000560  2000560        0     1                 $d
 2000564  2000564       24     4         ./ra/fsp/src/rm_freertos_port/port.o:(.text.rm_freertos_port_restore_task_stackless)
 2000564  2000564        0     1                 $t
 2000565  2000565       20     1                 rm_freertos_port_restore_task_stackless
 200057e  200057e        0     1                 _skip_restore_ns_context
 2000584  2000584        0     1                 $d
 2000588  2000588       26     2         ./ra/fsp/src/rm_freertos_port/port.o:(.text.SysTick_Handler)
 2000588  2000588        0     1                 $t
 2000589  2000589       26     1                 SysTick_Handler
 20005ae  20005ae       36     2         ./ra/fsp/src/rm_freertos_port/port.o:(.text.vPortSVCHandler_C)
 20005ae  20005ae        0     1                 $t
 20005af  20005af       36     1                 vPortSVCHandler_C
 20005e4  20005e4       28     2         ./ra/fsp/src/rm_freertos_port/port.o:(.text.pxPortInitialiseStack)
 20005e4  20005e4        0     1                 $t
 20005e5  20005e5       28     1                 pxPortInitialiseStack
 2000610  2000610        a     8         ./ra/fsp/src/rm_freertos_port/port.o:(.text.prvTaskExitError)
 2000610  2000610        0     1                 $t
 2000611  2000611        a     1                 prvTaskExitError
 2000620  2000620       3c     8         ./ra/fsp/src/rm_freertos_port/port.o:(.text.xPortStartScheduler)
 2000620  2000620        0     1                 $t
 2000621  2000621       3c     1                 xPortStartScheduler
 200065c  200065c       46     2         ./ra/fsp/src/rm_freertos_port/port.o:(.text.vPortSetupTimerInterrupt)
 200065c  200065c        0     1                 $t
 200065d  200065d       46     1                 vPortSetupTimerInterrupt
 20006a2  20006a2       5c     2         ./ra/fsp/src/rm_freertos_port/port.o:(.text.vPortEnterCritical)
 20006a2  20006a2        0     1                 $t
 20006a3  20006a3       5c     1                 vPortEnterCritical
 20006fe  20006fe       46     2         ./ra/fsp/src/rm_freertos_port/port.o:(.text.vPortExitCritical)
 20006fe  20006fe        0     1                 $t
 20006ff  20006ff       46     1                 vPortExitCritical
 2000748  2000748      266     8         ./ra/fsp/src/r_sci_b_uart/r_sci_b_uart.o:(.text.R_SCI_B_UART_Open)
 2000748  2000748        0     1                 $t
 2000749  2000749      266     1                 R_SCI_B_UART_Open
 20009ae  20009ae        a     2         ./ra/fsp/src/r_sci_b_uart/r_sci_b_uart.o:(.text.R_SCI_B_UART_Read)
 20009ae  20009ae        0     1                 $t
 20009af  20009af        a     1                 R_SCI_B_UART_Read
 20009b8  20009b8       68     2         ./ra/fsp/src/r_sci_b_uart/r_sci_b_uart.o:(.text.r_sci_b_uart_synchronization_delay_cfg)
 20009b8  20009b8        0     1                 $t
 20009b9  20009b9       68     1                 r_sci_b_uart_synchronization_delay_cfg
 2000a20  2000a20       9c     2         ./ra/fsp/src/r_sci_b_uart/r_sci_b_uart.o:(.text.sci_b_uart_txi_isr)
 2000a20  2000a20        0     1                 $t
 2000a21  2000a21       9c     1                 sci_b_uart_txi_isr
 2000abc  2000abc       4a     2         ./ra/fsp/src/r_sci_b_uart/r_sci_b_uart.o:(.text.r_sci_b_uart_call_callback)
 2000abc  2000abc        0     1                 $t
 2000abd  2000abd       4a     1                 r_sci_b_uart_call_callback
 2000b06  2000b06       86     2         ./ra/fsp/src/r_sci_b_uart/r_sci_b_uart.o:(.text.sci_b_uart_rxi_isr)
 2000b06  2000b06        0     1                 $t
 2000b07  2000b07       86     1                 sci_b_uart_rxi_isr
 2000b8c  2000b8c       52     2         ./ra/fsp/src/r_sci_b_uart/r_sci_b_uart.o:(.text.sci_b_uart_tei_isr)
 2000b8c  2000b8c        0     1                 $t
 2000b8d  2000b8d       52     1                 sci_b_uart_tei_isr
 2000bde  2000bde       86     2         ./ra/fsp/src/r_sci_b_uart/r_sci_b_uart.o:(.text.sci_b_uart_eri_isr)
 2000bde  2000bde        0     1                 $t
 2000bdf  2000bdf       86     1                 sci_b_uart_eri_isr
 2000c64  2000c64       6a     2         ./ra/fsp/src/r_sci_b_uart/r_sci_b_uart.o:(.text.r_sci_b_irq_cfg)
 2000c64  2000c64        0     1                 $t
 2000c65  2000c65       6a     1                 r_sci_b_irq_cfg
 2000cce  2000cce       98     2         ./ra/fsp/src/r_ipc/r_ipc.o:(.text.R_IPC_Open)
 2000cce  2000cce        0     1                 $t
 2000ccf  2000ccf       98     1                 R_IPC_Open
 2000d66  2000d66       12     2         ./ra/fsp/src/r_ipc/r_ipc.o:(.text.R_IPC_MessageSend)
 2000d66  2000d66        0     1                 $t
 2000d67  2000d67       12     1                 R_IPC_MessageSend
 2000d78  2000d78        8     2         ./ra/fsp/src/r_ipc/r_ipc.o:(.text.R_IPC_EventGenerate)
 2000d78  2000d78        0     1                 $t
 2000d79  2000d79        8     1                 R_IPC_EventGenerate
 2000d80  2000d80        c     2         ./ra/fsp/src/r_ipc/r_ipc.o:(.text.R_IPC_CallbackSet)
 2000d80  2000d80        0     1                 $t
 2000d81  2000d81        c     1                 R_IPC_CallbackSet
 2000d8c  2000d8c       34     2         ./ra/fsp/src/r_ipc/r_ipc.o:(.text.R_IPC_Close)
 2000d8c  2000d8c        0     1                 $t
 2000d8d  2000d8d       34     1                 R_IPC_Close
 2000dc0  2000dc0       16     2         ./ra/fsp/src/r_ioport/r_ioport.o:(.text.R_IOPORT_Open)
 2000dc0  2000dc0        0     1                 $t
 2000dc1  2000dc1       16     1                 R_IOPORT_Open
 2000dd8  2000dd8       c4     8         ./ra/fsp/src/r_ioport/r_ioport.o:(.text.r_ioport_pins_config)
 2000dd8  2000dd8        0     1                 $t
 2000dd9  2000dd9       c4     1                 r_ioport_pins_config
 2000ea0  2000ea0       e0     8         ./ra/fsp/src/r_ioport/r_ioport.o:(.text.bsp_vbatt_init)
 2000ea0  2000ea0        0     1                 $t
 2000ea1  2000ea1       e0     1                 bsp_vbatt_init
 2000f80  2000f80       aa     4         ./ra/fsp/src/bsp/mcu/all/bsp_clocks.o:(.text.SystemCoreClockUpdate)
 2000f80  2000f80        0     1                 $t
 2000f81  2000f81       aa     1                 SystemCoreClockUpdate
 2000f9c  2000f9c        0     1                 $d
 2000fa0  2000fa0        0     1                 $t
 2001030  2001030      508     8         ./ra/fsp/src/bsp/mcu/all/bsp_clocks.o:(.text.bsp_clock_init)
 2001030  2001030        0     1                 $t
 2001031  2001031      508     1                 bsp_clock_init
 2001518  2001518        0     1                 $d
 2001538  2001538        2     2         ./ra/fsp/src/bsp/mcu/all/bsp_clocks.o:(.text.R_BSP_SubClockStabilizeWaitAfterReset)
 2001538  2001538        0     1                 $t
 2001539  2001539        2     1                 R_BSP_SubClockStabilizeWaitAfterReset
 200153a  200153a        e     2         ./ra/fsp/src/bsp/mcu/all/bsp_clocks.o:(.text.R_BSP_SourceClockHzGet)
 200153a  200153a        0     1                 $t
 200153b  200153b        e     1                 R_BSP_SourceClockHzGet
 2001548  2001548       8a     8         ./ra/fsp/src/bsp/mcu/all/bsp_clocks.o:(.text.R_BSP_Init_RTC)
 2001548  2001548        0     1                 $t
 2001549  2001549       8a     1                 R_BSP_Init_RTC
 20015d2  20015d2        2     2         ./ra/fsp/src/bsp/mcu/all/bsp_common.o:(.text.bsp_init_internal)
 20015d2  20015d2        0     1                 $t
 20015d3  20015d3        2     1                 bsp_init_internal
 20015d3  20015d3        2     1                 bsp_init
 20015d8  20015d8        a     8         ./ra/fsp/src/bsp/mcu/all/bsp_common.o:(.text.__assert_func)
 20015d8  20015d8        0     1                 $t
 20015d9  20015d9        a     1                 __assert_func
 20015e2  20015e2       7a     2         ./ra/fsp/src/bsp/mcu/all/bsp_delay.o:(.text.R_BSP_SoftwareDelay)
 20015e2  20015e2        0     1                 $t
 20015e3  20015e3       7a     1                 R_BSP_SoftwareDelay
 2001660  2001660        8     8         ./ra/fsp/src/bsp/mcu/all/bsp_delay.o:(.text.bsp_prv_software_delay_loop)
 2001660  2001660        0     1                 sw_delay_loop
 2001660  2001660        0     1                 $t
 2001661  2001661        8     1                 bsp_prv_software_delay_loop
 2001668  2001668       4a     8         ./ra/fsp/src/bsp/mcu/all/bsp_group_irq.o:(.text.NMI_Handler)
 2001668  2001668        0     1                 $t
 2001669  2001669       4a     1                 NMI_Handler
 20016b8  20016b8       28     8         ./ra/fsp/src/bsp/mcu/all/bsp_irq.o:(.text.bsp_irq_cfg)
 20016b8  20016b8        0     1                 $t
 20016b9  20016b9       28     1                 bsp_irq_cfg
 20016e0  20016e0       4e     2         ./ra/fsp/src/bsp/mcu/all/bsp_register_protection.o:(.text.R_BSP_RegisterProtectEnable)
 20016e0  20016e0        0     1                 $t
 20016e1  20016e1       4e     1                 R_BSP_RegisterProtectEnable
 200172e  200172e       4c     2         ./ra/fsp/src/bsp/mcu/all/bsp_register_protection.o:(.text.R_BSP_RegisterProtectDisable)
 200172e  200172e        0     1                 $t
 200172f  200172f       4c     1                 R_BSP_RegisterProtectDisable
 2001780  2001780        a     8         ./ra/fsp/src/bsp/cmsis/Device/RENESAS/Source/startup.o:(.text.Reset_Handler)
 2001780  2001780        0     1                 $t
 2001781  2001781        a     1                 Reset_Handler
 200178a  200178a        4     2         ./ra/fsp/src/bsp/cmsis/Device/RENESAS/Source/startup.o:(.text.Default_Handler)
 200178a  200178a        0     1                 $t
 200178b  200178b        4     1                 Default_Handler
 200178b  200178b        4     1                 HardFault_Handler
 200178b  200178b        4     1                 MemManage_Handler
 200178b  200178b        4     1                 BusFault_Handler
 200178b  200178b        4     1                 UsageFault_Handler
 200178b  200178b        4     1                 SecureFault_Handler
 200178b  200178b        4     1                 DebugMon_Handler
 2001790  2001790      238     8         ./ra/fsp/src/bsp/cmsis/Device/RENESAS/Source/system.o:(.text.SystemInit)
 2001790  2001790        0     1                 $t
 2001791  2001791      238     1                 SystemInit
 2001880  2001880        0     1                 memset_64_loop_start_0
 2001888  2001888        0     1                 memset_64_loop_end_0
 2001890  2001890        0     1                 memset_64_loop_start_1
 2001898  2001898        0     1                 memset_64_loop_end_1
 20019c8  20019c8       5e     8         ./ra/fsp/src/bsp/cmsis/Device/RENESAS/Source/system.o:(.text.SystemRuntimeInit)
 20019c8  20019c8        0     1                 $t
 20019c9  20019c9       5e     1                 SystemRuntimeInit
 2001a28  2001a28      244     8         ./ra/aws/FreeRTOS/FreeRTOS/Source/portable/MemMang/heap_4.o:(.text.pvPortMalloc)
 2001a28  2001a28        0     1                 $t
 2001a29  2001a29      244     1                 pvPortMalloc
 2001c70  2001c70      142     8         ./ra/aws/FreeRTOS/FreeRTOS/Source/portable/MemMang/heap_4.o:(.text.vPortFree)
 2001c70  2001c70        0     1                 $t
 2001c71  2001c71      142     1                 vPortFree
 2001db2  2001db2       16     2         ./ra/aws/FreeRTOS/FreeRTOS/Source/list.o:(.text.vListInitialise)
 2001db2  2001db2        0     1                 $t
 2001db3  2001db3       16     1                 vListInitialise
 2001dc8  2001dc8        6     2         ./ra/aws/FreeRTOS/FreeRTOS/Source/list.o:(.text.vListInitialiseItem)
 2001dc8  2001dc8        0     1                 $t
 2001dc9  2001dc9        6     1                 vListInitialiseItem
 2001dd0  2001dd0       3a     8         ./ra/aws/FreeRTOS/FreeRTOS/Source/list.o:(.text.vListInsert)
 2001dd0  2001dd0        0     1                 $t
 2001dd1  2001dd1       3a     1                 vListInsert
 2001e0a  2001e0a       22     2         ./ra/aws/FreeRTOS/FreeRTOS/Source/list.o:(.text.uxListRemove)
 2001e0a  2001e0a        0     1                 $t
 2001e0b  2001e0b       22     1                 uxListRemove
 2001e2c  2001e2c       be     2         ./ra/aws/FreeRTOS/FreeRTOS/Source/queue.o:(.text.xQueueGenericReset)
 2001e2c  2001e2c        0     1                 $t
 2001e2d  2001e2d       be     1                 xQueueGenericReset
 2001eea  2001eea       9e     2         ./ra/aws/FreeRTOS/FreeRTOS/Source/queue.o:(.text.xQueueGenericCreateStatic)
 2001eea  2001eea        0     1                 $t
 2001eeb  2001eeb       9e     1                 xQueueGenericCreateStatic
 2001f88  2001f88       62     2         ./ra/aws/FreeRTOS/FreeRTOS/Source/queue.o:(.text.xQueueGenericCreate)
 2001f88  2001f88        0     1                 $t
 2001f89  2001f89       62     1                 xQueueGenericCreate
 2001fea  2001fea       40     2         ./ra/aws/FreeRTOS/FreeRTOS/Source/queue.o:(.text.xQueueCreateCountingSemaphoreStatic)
 2001fea  2001fea        0     1                 $t
 2001feb  2001feb       40     1                 xQueueCreateCountingSemaphoreStatic
 2002030  2002030      1d0     8         ./ra/aws/FreeRTOS/FreeRTOS/Source/queue.o:(.text.xQueueGenericSend)
 2002030  2002030        0     1                 $t
 2002031  2002031      1d0     1                 xQueueGenericSend
 2002200  2002200       5c     2         ./ra/aws/FreeRTOS/FreeRTOS/Source/queue.o:(.text.prvCopyDataToQueue)
 2002200  2002200        0     1                 $t
 2002201  2002201       5c     1                 prvCopyDataToQueue
 2002260  2002260       76     8         ./ra/aws/FreeRTOS/FreeRTOS/Source/queue.o:(.text.prvUnlockQueue)
 2002260  2002260        0     1                 $t
 2002261  2002261       76     1                 prvUnlockQueue
 20022d8  20022d8      1c2     8         ./ra/aws/FreeRTOS/FreeRTOS/Source/queue.o:(.text.xQueueReceive)
 20022d8  20022d8        0     1                 $t
 20022d9  20022d9      1c2     1                 xQueueReceive
 20024a0  20024a0      18e     8         ./ra/aws/FreeRTOS/FreeRTOS/Source/queue.o:(.text.xQueueSemaphoreTake)
 20024a0  20024a0        0     1                 $t
 20024a1  20024a1      18e     1                 xQueueSemaphoreTake
 2002630  2002630       68     8         ./ra/aws/FreeRTOS/FreeRTOS/Source/queue.o:(.text.vQueueAddToRegistry)
 2002630  2002630        0     1                 $t
 2002631  2002631       68     1                 vQueueAddToRegistry
 2002698  2002698       46     2         ./ra/aws/FreeRTOS/FreeRTOS/Source/queue.o:(.text.vQueueWaitForMessageRestricted)
 2002698  2002698        0     1                 $t
 2002699  2002699       46     1                 vQueueWaitForMessageRestricted
 20026de  20026de       c6     2         ./ra/aws/FreeRTOS/FreeRTOS/Source/tasks.o:(.text.xTaskCreateStatic)
 20026de  20026de        0     1                 $t
 20026df  20026df       c6     1                 xTaskCreateStatic
 20027a8  20027a8      140     8         ./ra/aws/FreeRTOS/FreeRTOS/Source/tasks.o:(.text.prvAddNewTaskToReadyList)
 20027a8  20027a8        0     1                 $t
 20027a9  20027a9      140     1                 prvAddNewTaskToReadyList
 20028e8  20028e8       5a     2         ./ra/aws/FreeRTOS/FreeRTOS/Source/tasks.o:(.text.xTaskCreate)
 20028e8  20028e8        0     1                 $t
 20028e9  20028e9       5a     1                 xTaskCreate
 2002942  2002942       44     2         ./ra/aws/FreeRTOS/FreeRTOS/Source/tasks.o:(.text.prvDeleteTCB)
 2002942  2002942        0     1                 $t
 2002943  2002943       44     1                 prvDeleteTCB
 2002986  2002986       10     2         ./ra/aws/FreeRTOS/FreeRTOS/Source/tasks.o:(.text.vTaskSuspendAll)
 2002986  2002986        0     1                 $t
 2002987  2002987       10     1                 vTaskSuspendAll
 2002996  2002996       a4     2         ./ra/aws/FreeRTOS/FreeRTOS/Source/tasks.o:(.text.prvAddCurrentTaskToDelayedList)
 2002996  2002996        0     1                 $t
 2002997  2002997       a4     1                 prvAddCurrentTaskToDelayedList
 2002a40  2002a40      19c     8         ./ra/aws/FreeRTOS/FreeRTOS/Source/tasks.o:(.text.xTaskResumeAll)
 2002a40  2002a40        0     1                 $t
 2002a41  2002a41      19c     1                 xTaskResumeAll
 2002bdc  2002bdc       5e     2         ./ra/aws/FreeRTOS/FreeRTOS/Source/tasks.o:(.text.vTaskDelay)
 2002bdc  2002bdc        0     1                 $t
 2002bdd  2002bdd       5e     1                 vTaskDelay
 2002c40  2002c40       a4     8         ./ra/aws/FreeRTOS/FreeRTOS/Source/tasks.o:(.text.vTaskSwitchContext)
 2002c40  2002c40        0     1                 $t
 2002c41  2002c41       a4     1                 vTaskSwitchContext
 2002ce4  2002ce4       b4     2         ./ra/aws/FreeRTOS/FreeRTOS/Source/tasks.o:(.text.vTaskStartScheduler)
 2002ce4  2002ce4        0     1                 $t
 2002ce5  2002ce5       b4     1                 vTaskStartScheduler
 2002d98  2002d98       50     8         ./ra/aws/FreeRTOS/FreeRTOS/Source/tasks.o:(.text.prvCheckTasksWaitingTermination)
 2002d98  2002d98        0     1                 $t
 2002d99  2002d99       50     1                 prvCheckTasksWaitingTermination
 2002de8  2002de8      1b8     8         ./ra/aws/FreeRTOS/FreeRTOS/Source/tasks.o:(.text.xTaskIncrementTick)
 2002de8  2002de8        0     1                 $t
 2002de9  2002de9      1b8     1                 xTaskIncrementTick
 2002fa0  2002fa0        c     2         ./ra/aws/FreeRTOS/FreeRTOS/Source/tasks.o:(.text.xTaskGetTickCount)
 2002fa0  2002fa0        0     1                 $t
 2002fa1  2002fa1        c     1                 xTaskGetTickCount
 2002fac  2002fac       42     2         ./ra/aws/FreeRTOS/FreeRTOS/Source/tasks.o:(.text.vTaskPlaceOnEventList)
 2002fac  2002fac        0     1                 $t
 2002fad  2002fad       42     1                 vTaskPlaceOnEventList
 2002fee  2002fee       78     2         ./ra/aws/FreeRTOS/FreeRTOS/Source/tasks.o:(.text.vTaskPlaceOnEventListRestricted)
 2002fee  2002fee        0     1                 $t
 2002fef  2002fef       78     1                 vTaskPlaceOnEventListRestricted
 2003066  2003066      110     2         ./ra/aws/FreeRTOS/FreeRTOS/Source/tasks.o:(.text.xTaskRemoveFromEventList)
 2003066  2003066        0     1                 $t
 2003067  2003067      110     1                 xTaskRemoveFromEventList
 2003176  2003176       1a     2         ./ra/aws/FreeRTOS/FreeRTOS/Source/tasks.o:(.text.vTaskInternalSetTimeOutState)
 2003176  2003176        0     1                 $t
 2003177  2003177       1a     1                 vTaskInternalSetTimeOutState
 2003190  2003190       a0     2         ./ra/aws/FreeRTOS/FreeRTOS/Source/tasks.o:(.text.xTaskCheckForTimeOut)
 2003190  2003190        0     1                 $t
 2003191  2003191       a0     1                 xTaskCheckForTimeOut
 2003230  2003230        e     2         ./ra/aws/FreeRTOS/FreeRTOS/Source/tasks.o:(.text.vTaskMissedYield)
 2003230  2003230        0     1                 $t
 2003231  2003231        e     1                 vTaskMissedYield
 200323e  200323e       26     2         ./ra/aws/FreeRTOS/FreeRTOS/Source/tasks.o:(.text.xTaskGetSchedulerState)
 200323e  200323e        0     1                 $t
 200323f  200323f       26     1                 xTaskGetSchedulerState
 2003268  2003268       92     8         ./ra/aws/FreeRTOS/FreeRTOS/Source/tasks.o:(.text.prvInitialiseNewTask)
 2003268  2003268        0     1                 $t
 2003269  2003269       92     1                 prvInitialiseNewTask
 2003300  2003300       32     8         ./ra/aws/FreeRTOS/FreeRTOS/Source/tasks.o:(.text.prvIdleTask)
 2003300  2003300        0     1                 $t
 2003301  2003301       32     1                 prvIdleTask
 2003332  2003332       7c     2         ./ra/aws/FreeRTOS/FreeRTOS/Source/timers.o:(.text.xTimerCreateTimerTask)
 2003332  2003332        0     1                 $t
 2003333  2003333       7c     1                 xTimerCreateTimerTask
 20033ae  20033ae       7a     2         ./ra/aws/FreeRTOS/FreeRTOS/Source/timers.o:(.text.prvCheckForValidListAndQueue)
 20033ae  20033ae        0     1                 $t
 20033af  20033af       7a     1                 prvCheckForValidListAndQueue
 2003428  2003428      19e     8         ./ra/aws/FreeRTOS/FreeRTOS/Source/timers.o:(.text.prvTimerTask)
 2003428  2003428        0     1                 $t
 2003429  2003429      19e     1                 prvTimerTask
 2003516  2003516        0     1                 $d
 2003520  2003520        0     1                 $t
 20035c8  20035c8       5a     8         ./ra/aws/FreeRTOS/FreeRTOS/Source/timers.o:(.text.prvSampleTimeNow)
 20035c8  20035c8        0     1                 $t
 20035c9  20035c9       5a     1                 prvSampleTimeNow
 2003622  2003622       40     2         ./ra/aws/FreeRTOS/FreeRTOS/Source/timers.o:(.text.prvProcessExpiredTimer)
 2003622  2003622        0     1                 $t
 2003623  2003623       40     1                 prvProcessExpiredTimer
 2003668  2003668       2e     8         ./ra/aws/FreeRTOS/FreeRTOS/Source/timers.o:(.text.prvReloadTimer)
 2003668  2003668        0     1                 $t
 2003669  2003669       2e     1                 prvReloadTimer
 2003696  2003696       40     2         ./ra/aws/FreeRTOS/FreeRTOS/Source/timers.o:(.text.prvInsertTimerInActiveList)
 2003696  2003696        0     1                 $t
 2003697  2003697       40     1                 prvInsertTimerInActiveList
 20036d6  20036d6        8     2         E:\e2studio\toolchains\llvm_arm\ATfE-21.1.1-Windows-x86_64\bin\..\lib\clang-runtimes/arm-none-eabi/armv8.1m.main_hard_fpdp_nomve_exn_rtti_unaligned_size\lib\libc.a(bzero.c.o):(.text.bzero)
 20036d6  20036d6        0     1                 $t
 20036d7  20036d7        8     1                 bzero
 20036d7  20036d7        8     1                 __aeabi_memclr4
 20036d7  20036d7        8     1                 __aeabi_memclr8
 20036d7  20036d7        8     1                 __aeabi_memclr
 20036de  20036de       12     2         E:\e2studio\toolchains\llvm_arm\ATfE-21.1.1-Windows-x86_64\bin\..\lib\clang-runtimes/arm-none-eabi/armv8.1m.main_hard_fpdp_nomve_exn_rtti_unaligned_size\lib\libc.a(memcpy.c.o):(.text.memcpy)
 20036de  20036de        0     1                 $t
 20036df  20036df       12     1                 memcpy
 20036df  20036df       12     1                 __aeabi_memcpy4
 20036df  20036df       12     1                 __aeabi_memcpy8
 20036df  20036df       12     1                 __aeabi_memcpy
 20036f0  20036f0        e     2         E:\e2studio\toolchains\llvm_arm\ATfE-21.1.1-Windows-x86_64\bin\..\lib\clang-runtimes/arm-none-eabi/armv8.1m.main_hard_fpdp_nomve_exn_rtti_unaligned_size\lib\libc.a(memset.c.o):(.text.memset)
 20036f0  20036f0        0     1                 $t
 20036f1  20036f1        e     1                 memset
 2003700  2003700       28     4         E:\e2studio\toolchains\llvm_arm\ATfE-21.1.1-Windows-x86_64\bin\..\lib\clang-runtimes/arm-none-eabi/armv8.1m.main_hard_fpdp_nomve_exn_rtti_unaligned_size\lib\libc.a(libc_picolib_inittls.c.o):(.text._init_tls)
 2003700  2003700        0     1                 $t
 2003701  2003701       28     1                 _init_tls
 2003718  2003718        0     1                 $d
 2003728  2003728       14     4         E:\e2studio\toolchains\llvm_arm\ATfE-21.1.1-Windows-x86_64\bin\..\lib\clang-runtimes/arm-none-eabi/armv8.1m.main_hard_fpdp_nomve_exn_rtti_unaligned_size\lib\libc.a(libc_picolib_machine_arm_set_tls.c.o):(.text._set_tls)
 2003728  2003728        0     1                 $t
 2003729  2003729       14     1                 _set_tls
 2003734  2003734        0     1                 $d
 200373c  200373c      a7d     1         <internal>:(.rodata.str1.1)
 20041bc  20041bc       14     4         ./ra_gen/hal_data.o:(.rodata.g_uart1_cfg_extend)
 20041bc  20041bc       14     1                 g_uart1_cfg_extend
 20041d0  20041d0       20     4         ./ra_gen/hal_data.o:(.rodata.g_uart1_cfg)
 20041d0  20041d0       20     1                 g_uart1_cfg
 20041f0  20041f0       10     4         ./ra_gen/hal_data.o:(.rodata.g_ipc0_cfg)
 20041f0  20041f0       10     1                 g_ipc0_cfg
 2004200  2004200        c     4         ./ra_gen/hal_data.o:(.rodata.g_ipc0)
 2004200  2004200        c     1                 g_ipc0
 200420c  200420c        4     4         ./ra_gen/new_thread0.o:(.rodata.new_thread0_parameters)
 200420c  200420c        4     1                 new_thread0_parameters
 2004210  2004210       50     4         ./ra_gen/pin_data.o:(.rodata.g_bsp_pin_cfg_data)
 2004210  2004210       50     1                 g_bsp_pin_cfg_data
 2004260  2004260        c     4         ./ra_gen/pin_data.o:(.rodata.g_bsp_pin_cfg)
 2004260  2004260        c     1                 g_bsp_pin_cfg
 200426c  200426c        8     2         ./ra_gen/vector_data.o:(.rodata.g_interrupt_event_link_select)
 200426c  200426c        8     1                 g_interrupt_event_link_select
 2004274  2004274       14     4         ./ra/fsp/src/r_sci_b_uart/r_sci_b_uart.o:(.rodata..Lswitch.table.R_SCI_B_UART_BaudCalculate)
 2004274  2004274       14     1                 .Lswitch.table.R_SCI_B_UART_BaudCalculate
 2004288  2004288       14     4         ./ra/fsp/src/r_ipc/r_ipc.o:(.rodata.g_ipc_on_ipc)
 2004288  2004288       14     1                 g_ipc_on_ipc
 200429c  200429c        6     2         ./ra/fsp/src/r_ioport/r_ioport.o:(.rodata.g_vbatt_pins_input)
 200429c  200429c        6     1                 g_vbatt_pins_input
 20042a4  20042a4       20     4         ./ra/fsp/src/bsp/mcu/ra8p1/bsp_linker.o:(.rodata.nocache_list)
 20042a4  20042a4       20     1                 nocache_list
 20042c4  20042c4       18     4         ./ra/fsp/src/bsp/mcu/ra8p1/bsp_linker.o:(.rodata.g_init_info)
 20042c4  20042c4       18     1                 g_init_info
 20042dc  20042dc       84     4         ./ra/fsp/src/bsp/mcu/ra8p1/bsp_linker.o:(.rodata.zero_list)
 20042dc  20042dc       84     1                 zero_list
 2004360  2004360      190     4         ./ra/fsp/src/bsp/mcu/ra8p1/bsp_linker.o:(.rodata.copy_list)
 2004360  2004360      190     1                 copy_list
 20044f0  20044f0        a     2         ./ra/fsp/src/bsp/mcu/all/bsp_register_protection.o:(.rodata.g_prcr_masks)
 20044f0  20044f0        a     1                 g_prcr_masks
 20044fc  20044fc        4     4         ./ra/aws/FreeRTOS/FreeRTOS/Source/tasks.o:(.rodata.uxTopUsedPriority)
 20044fc  20044fc        4     1                 uxTopUsedPriority
 2004500  2004500       4e     4         ./ra/fsp/src/bsp/mcu/all/bsp_common.o:(.version)
 2004500  2004500        4     1                 g_fsp_version
 2004504  2004504        6     1                 g_fsp_version_string
 200450a  200450a       44     1                 g_fsp_version_build_string
 200454e  200454e        0     1         __flash_readonly$$Limit = .
 200454e  200454e        0     1 __flash_preinit_array$$
 200454e  200454e        0     1         __preinit_array_start = .
 200454e  200454e        0     1         __preinit_array_end = .
 200454e  200454e        0     1 __flash_init_array$$
 200454e  200454e        0     1         __init_array_start = .
 200454e  200454e        0     1         __init_array_end = .
 200454e  200454e        0     1 __flash_fini_array$$
 200454e  200454e        0     1         __fini_array_start = .
 200454e  200454e        0     1         __fini_array_end = .
 200454e  200454e        0     1 __flash_arm.exidx$$
 200454e  200454e        0     1         __exidx_start = .
 200454e  200454e        0     1         __exidx_end = .
 2004600  2004600        0     1 .flash.endof
 2004600  2004600        0     1         __ddsc_FLASH_END = .
 2004600  2004600        0     1 .flash.flat_nsc
 2004600  2004600        0     1         __ddsc_FLASH_NSC = .
 2c9f040  2c9f040        0     1 .option_setting_ofs0.startof
 2c9f040  2c9f040        0     1         __ddsc_OPTION_SETTING_OFS0_START = .
 2c9f040  2c9f040        4     4 __option_setting_ofs0_reg$$
 2c9f040  2c9f040        0     1         __option_setting_ofs0_reg$$Base = .
 2c9f040  2c9f040        4     4         ./ra/fsp/src/bsp/mcu/ra8p1/bsp_linker.o:(.option_setting_ofs0)
 2c9f040  2c9f040        4     1                 g_bsp_cfg_option_setting_ofs0
 2c9f044  2c9f044        0     1         __option_setting_ofs0_reg$$Limit = .
 2c9f044  2c9f044        0     1 .option_setting_ofs0.endof
 2c9f044  2c9f044        0     1         __ddsc_OPTION_SETTING_OFS0_END = .
 2c9f044  2c9f044        0     1 .option_setting_ofs2.startof
 2c9f044  2c9f044        0     1         __ddsc_OPTION_SETTING_OFS2_START = .
 2c9f044  2c9f044        4     4 __option_setting_ofs2_reg$$
 2c9f044  2c9f044        0     1         __option_setting_ofs2_reg$$Base = .
 2c9f044  2c9f044        4     4         ./ra/fsp/src/bsp/mcu/ra8p1/bsp_linker.o:(.option_setting_ofs2)
 2c9f044  2c9f044        4     1                 g_bsp_cfg_option_setting_ofs2
 2c9f048  2c9f048        0     1         __option_setting_ofs2_reg$$Limit = .
 2c9f048  2c9f048        0     1 .option_setting_ofs2.endof
 2c9f048  2c9f048        0     1         __ddsc_OPTION_SETTING_OFS2_END = .
 2c9f074  2c9f074        0     1 .option_setting_sas.startof
 2c9f074  2c9f074        0     1         __ddsc_OPTION_SETTING_SAS_START = .
 2c9f074  2c9f074        0     1 __option_setting_sas_reg$$
 2c9f074  2c9f074        0     1         __option_setting_sas_reg$$Base = .
 2c9f074  2c9f074        0     1         __option_setting_sas_reg$$Limit = .
 2c9f074  2c9f074        0     1 .option_setting_sas.endof
 2c9f074  2c9f074        0     1         __ddsc_OPTION_SETTING_SAS_END = .
12c9f4c0 12c9f4c0        0     1 .option_setting_ofs1.startof
12c9f4c0 12c9f4c0        0     1         __ddsc_OPTION_SETTING_OFS1_START = .
12c9f4c0 12c9f4c0        0     1 __option_setting_ofs1_reg$$
12c9f4c0 12c9f4c0        0     1         __option_setting_ofs1_reg$$Base = .
12c9f4c0 12c9f4c0        0     1         __option_setting_ofs1_reg$$Limit = .
12c9f4c0 12c9f4c0        0     1 .option_setting_ofs1.endof
12c9f4c0 12c9f4c0        0     1         __ddsc_OPTION_SETTING_OFS1_END = .
 2c9f0c0  2c9f0c0        0     1 .option_setting_ofs1_sec.startof
 2c9f0c0  2c9f0c0        0     1         __ddsc_OPTION_SETTING_OFS1_SEC_START = .
 2c9f0c0  2c9f0c0        4     4 __option_setting_ofs1_sec_reg$$
 2c9f0c0  2c9f0c0        0     1         __option_setting_ofs1_sec_reg$$Base = .
 2c9f0c0  2c9f0c0        4     4         ./ra/fsp/src/bsp/mcu/ra8p1/bsp_linker.o:(.option_setting_ofs1_sec)
 2c9f0c0  2c9f0c0        4     1                 g_bsp_cfg_option_setting_ofs1_sec
 2c9f0c4  2c9f0c4        0     1         __option_setting_ofs1_sec_reg$$Limit = .
 2c9f0c4  2c9f0c4        0     1 .option_setting_ofs1_sec.endof
 2c9f0c4  2c9f0c4        0     1         __ddsc_OPTION_SETTING_OFS1_SEC_END = .
 2c9f120  2c9f120        0     1 .option_setting_ofs1_sel.startof
 2c9f120  2c9f120        0     1         __ddsc_OPTION_SETTING_OFS1_SEL_START = .
 2c9f120  2c9f120        4     4 __option_setting_ofs1_sel_reg$$
 2c9f120  2c9f120        0     1         __option_setting_ofs1_sel_reg$$Base = .
 2c9f120  2c9f120        4     4         ./ra/fsp/src/bsp/mcu/ra8p1/bsp_linker.o:(.option_setting_ofs1_sel)
 2c9f120  2c9f120        4     1                 g_bsp_cfg_option_setting_ofs1_sel
 2c9f124  2c9f124        0     1         __option_setting_ofs1_sel_reg$$Limit = .
 2c9f124  2c9f124        0     1 .option_setting_ofs1_sel.endof
 2c9f124  2c9f124        0     1         __ddsc_OPTION_SETTING_OFS1_SEL_END = .
12c9f4c4 12c9f4c4        0     1 .option_setting_ofs3.startof
12c9f4c4 12c9f4c4        0     1         __ddsc_OPTION_SETTING_OFS3_START = .
12c9f4c4 12c9f4c4        0     1 __option_setting_ofs3_reg$$
12c9f4c4 12c9f4c4        0     1         __option_setting_ofs3_reg$$Base = .
12c9f4c4 12c9f4c4        0     1         __option_setting_ofs3_reg$$Limit = .
12c9f4c4 12c9f4c4        0     1 .option_setting_ofs3.endof
12c9f4c4 12c9f4c4        0     1         __ddsc_OPTION_SETTING_OFS3_END = .
 2c9f0c4  2c9f0c4        0     1 .option_setting_ofs3_sec.startof
 2c9f0c4  2c9f0c4        0     1         __ddsc_OPTION_SETTING_OFS3_SEC_START = .
 2c9f0c4  2c9f0c4        4     4 __option_setting_ofs3_sec_reg$$
 2c9f0c4  2c9f0c4        0     1         __option_setting_ofs3_sec_reg$$Base = .
 2c9f0c4  2c9f0c4        4     4         ./ra/fsp/src/bsp/mcu/ra8p1/bsp_linker.o:(.option_setting_ofs3_sec)
 2c9f0c4  2c9f0c4        4     1                 g_bsp_cfg_option_setting_ofs3_sec
 2c9f0c8  2c9f0c8        0     1         __option_setting_ofs3_sec_reg$$Limit = .
 2c9f0c8  2c9f0c8        0     1 .option_setting_ofs3_sec.endof
 2c9f0c8  2c9f0c8        0     1         __ddsc_OPTION_SETTING_OFS3_SEC_END = .
 2c9f124  2c9f124        0     1 .option_setting_ofs3_sel.startof
 2c9f124  2c9f124        0     1         __ddsc_OPTION_SETTING_OFS3_SEL_START = .
 2c9f124  2c9f124        4     4 __option_setting_ofs3_sel_reg$$
 2c9f124  2c9f124        0     1         __option_setting_ofs3_sel_reg$$Base = .
 2c9f124  2c9f124        4     4         ./ra/fsp/src/bsp/mcu/ra8p1/bsp_linker.o:(.option_setting_ofs3_sel)
 2c9f124  2c9f124        4     1                 g_bsp_cfg_option_setting_ofs3_sel
 2c9f128  2c9f128        0     1         __option_setting_ofs3_sel_reg$$Limit = .
 2c9f128  2c9f128        0     1 .option_setting_ofs3_sel.endof
 2c9f128  2c9f128        0     1         __ddsc_OPTION_SETTING_OFS3_SEL_END = .
12c9f600 12c9f600        0     1 .option_setting_bps.startof
12c9f600 12c9f600        0     1         __ddsc_OPTION_SETTING_BPS_START = .
12c9f600 12c9f600        0     1 __option_setting_bps_reg$$
12c9f600 12c9f600        0     1         __option_setting_bps_reg$$Base = .
12c9f600 12c9f600        0     1         __option_setting_bps_reg$$Limit = .
12c9f600 12c9f600        0     1 .option_setting_bps.endof
12c9f600 12c9f600        0     1         __ddsc_OPTION_SETTING_BPS_END = .
 2c9f200  2c9f200        0     1 .option_setting_bps_sec.startof
 2c9f200  2c9f200        0     1         __ddsc_OPTION_SETTING_BPS_SEC_START = .
 2c9f200  2c9f200        0     1 __option_setting_bps_sec_reg$$
 2c9f200  2c9f200        0     1         __option_setting_bps_sec_reg$$Base = .
 2c9f200  2c9f200        0     1         __option_setting_bps_sec_reg$$Limit = .
 2c9f200  2c9f200        0     1 .option_setting_bps_sec.endof
 2c9f200  2c9f200        0     1         __ddsc_OPTION_SETTING_BPS_SEC_END = .
 2e07600  2e07600        0     1 .option_setting_otp_fsblctrl0.startof
 2e07600  2e07600        0     1         __ddsc_OPTION_SETTING_OTP_FSBLCTRL0_START = .
 2e07600  2e07600        0     1 __option_setting_otp_fsblctrl0_reg$$
 2e07600  2e07600        0     1         __option_setting_otp_fsblctrl0_reg$$Base = .
 2e07600  2e07600        0     1         __option_setting_otp_fsblctrl0_reg$$Limit = .
 2e07600  2e07600        0     1 .option_setting_otp_fsblctrl0.endof
 2e07600  2e07600        0     1         __ddsc_OPTION_SETTING_OTP_FSBLCTRL0_END = .
 2e07604  2e07604        0     1 .option_setting_otp_fsblctrl1.startof
 2e07604  2e07604        0     1         __ddsc_OPTION_SETTING_OTP_FSBLCTRL1_START = .
 2e07604  2e07604        0     1 __option_setting_otp_fsblctrl1_reg$$
 2e07604  2e07604        0     1         __option_setting_otp_fsblctrl1_reg$$Base = .
 2e07604  2e07604        0     1         __option_setting_otp_fsblctrl1_reg$$Limit = .
 2e07604  2e07604        0     1 .option_setting_otp_fsblctrl1.endof
 2e07604  2e07604        0     1         __ddsc_OPTION_SETTING_OTP_FSBLCTRL1_END = .
 2e07608  2e07608        0     1 .option_setting_otp_fsblctrl2.startof
 2e07608  2e07608        0     1         __ddsc_OPTION_SETTING_OTP_FSBLCTRL2_START = .
 2e07608  2e07608        0     1 __option_setting_otp_fsblctrl2_reg$$
 2e07608  2e07608        0     1         __option_setting_otp_fsblctrl2_reg$$Base = .
 2e07608  2e07608        0     1         __option_setting_otp_fsblctrl2_reg$$Limit = .
 2e07608  2e07608        0     1 .option_setting_otp_fsblctrl2.endof
 2e07608  2e07608        0     1         __ddsc_OPTION_SETTING_OTP_FSBLCTRL2_END = .
 2e07614  2e07614        0     1 .option_setting_otp_samr.startof
 2e07614  2e07614        0     1         __ddsc_OPTION_SETTING_OTP_SAMR_START = .
 2e07614  2e07614        0     1 __option_setting_otp_samr_reg$$
 2e07614  2e07614        0     1         __option_setting_otp_samr_reg$$Base = .
 2e07614  2e07614        0     1         __option_setting_otp_samr_reg$$Limit = .
 2e07614  2e07614        0     1 .option_setting_otp_samr.endof
 2e07614  2e07614        0     1         __ddsc_OPTION_SETTING_OTP_SAMR_END = .
 2e07620  2e07620        0     1 .option_setting_otp_sacc00.startof
 2e07620  2e07620        0     1         __ddsc_OPTION_SETTING_OTP_SACC00_START = .
 2e07620  2e07620        0     1 __option_setting_otp_sacc00_reg$$
 2e07620  2e07620        0     1         __option_setting_otp_sacc00_reg$$Base = .
 2e07620  2e07620        0     1         __option_setting_otp_sacc00_reg$$Limit = .
 2e07620  2e07620        0     1 .option_setting_otp_sacc00.endof
 2e07620  2e07620        0     1         __ddsc_OPTION_SETTING_OTP_SACC00_END = .
 2e07630  2e07630        0     1 .option_setting_otp_sacc10.startof
 2e07630  2e07630        0     1         __ddsc_OPTION_SETTING_OTP_SACC10_START = .
 2e07630  2e07630        0     1 __option_setting_otp_sacc10_reg$$
 2e07630  2e07630        0     1         __option_setting_otp_sacc10_reg$$Base = .
 2e07630  2e07630        0     1         __option_setting_otp_sacc10_reg$$Limit = .
 2e07630  2e07630        0     1 .option_setting_otp_sacc10.endof
 2e07630  2e07630        0     1         __ddsc_OPTION_SETTING_OTP_SACC10_END = .
 2e07640  2e07640        0     1 .option_setting_otp_sacc01.startof
 2e07640  2e07640        0     1         __ddsc_OPTION_SETTING_OTP_SACC01_START = .
 2e07640  2e07640        0     1 __option_setting_otp_sacc01_reg$$
 2e07640  2e07640        0     1         __option_setting_otp_sacc01_reg$$Base = .
 2e07640  2e07640        0     1         __option_setting_otp_sacc01_reg$$Limit = .
 2e07640  2e07640        0     1 .option_setting_otp_sacc01.endof
 2e07640  2e07640        0     1         __ddsc_OPTION_SETTING_OTP_SACC01_END = .
 2e07650  2e07650        0     1 .option_setting_otp_sacc11.startof
 2e07650  2e07650        0     1         __ddsc_OPTION_SETTING_OTP_SACC11_START = .
 2e07650  2e07650        0     1 __option_setting_otp_sacc11_reg$$
 2e07650  2e07650        0     1         __option_setting_otp_sacc11_reg$$Base = .
 2e07650  2e07650        0     1         __option_setting_otp_sacc11_reg$$Limit = .
 2e07650  2e07650        0     1 .option_setting_otp_sacc11.endof
 2e07650  2e07650        0     1         __ddsc_OPTION_SETTING_OTP_SACC11_END = .
 2e07660  2e07660        0     1 .option_setting_otp_sacc02.startof
 2e07660  2e07660        0     1         __ddsc_OPTION_SETTING_OTP_SACC02_START = .
 2e07660  2e07660        0     1 __option_setting_otp_sacc02_reg$$
 2e07660  2e07660        0     1         __option_setting_otp_sacc02_reg$$Base = .
 2e07660  2e07660        0     1         __option_setting_otp_sacc02_reg$$Limit = .
 2e07660  2e07660        0     1 .option_setting_otp_sacc02.endof
 2e07660  2e07660        0     1         __ddsc_OPTION_SETTING_OTP_SACC02_END = .
 2e07670  2e07670        0     1 .option_setting_otp_sacc12.startof
 2e07670  2e07670        0     1         __ddsc_OPTION_SETTING_OTP_SACC12_START = .
 2e07670  2e07670        0     1 __option_setting_otp_sacc12_reg$$
 2e07670  2e07670        0     1         __option_setting_otp_sacc12_reg$$Base = .
 2e07670  2e07670        0     1         __option_setting_otp_sacc12_reg$$Limit = .
 2e07670  2e07670        0     1 .option_setting_otp_sacc12.endof
 2e07670  2e07670        0     1         __ddsc_OPTION_SETTING_OTP_SACC12_END = .
 2e07680  2e07680        0     1 .option_setting_otp_sacc03.startof
 2e07680  2e07680        0     1         __ddsc_OPTION_SETTING_OTP_SACC03_START = .
 2e07680  2e07680        0     1 __option_setting_otp_sacc03_reg$$
 2e07680  2e07680        0     1         __option_setting_otp_sacc03_reg$$Base = .
 2e07680  2e07680        0     1         __option_setting_otp_sacc03_reg$$Limit = .
 2e07680  2e07680        0     1 .option_setting_otp_sacc03.endof
[...]
                                                  ./ra/fsp/src/bsp/mcu/ra8p1/bsp_linker.o
__ospi1_cs0_from_data_flash$$Limit                fsp_gen.lld:321
                                                  ./ra/fsp/src/bsp/mcu/ra8p1/bsp_linker.o
__ospi1_cs0_from_data_flash$$Load                 fsp_gen.lld:316
                                                  ./ra/fsp/src/bsp/mcu/ra8p1/bsp_linker.o
__ospi1_cs0_from_flash$$Base                      fsp_gen.lld:507
                                                  ./ra/fsp/src/bsp/mcu/ra8p1/bsp_linker.o
__ospi1_cs0_from_flash$$Limit                     fsp_gen.lld:512
                                                  ./ra/fsp/src/bsp/mcu/ra8p1/bsp_linker.o
__ospi1_cs0_from_flash$$Load                      fsp_gen.lld:507
                                                  ./ra/fsp/src/bsp/mcu/ra8p1/bsp_linker.o
__itcm_from_ospi0_cs1$$Base                       fsp_gen.lld:112
                                                  ./ra/fsp/src/bsp/mcu/ra8p1/bsp_linker.o
__itcm_from_ospi0_cs1$$Limit                      fsp_gen.lld:117
                                                  ./ra/fsp/src/bsp/mcu/ra8p1/bsp_linker.o
__itcm_from_ospi0_cs1$$Load                       fsp_gen.lld:112
                                                  ./ra/fsp/src/bsp/mcu/ra8p1/bsp_linker.o
__itcm_from_ospi1_cs1$$Base                       fsp_gen.lld:228
                                                  ./ra/fsp/src/bsp/mcu/ra8p1/bsp_linker.o
__itcm_from_ospi1_cs1$$Limit                      fsp_gen.lld:233
                                                  ./ra/fsp/src/bsp/mcu/ra8p1/bsp_linker.o
__itcm_from_ospi1_cs1$$Load                       fsp_gen.lld:228
                                                  ./ra/fsp/src/bsp/mcu/ra8p1/bsp_linker.o
__itcm_from_data_flash$$Base                      fsp_gen.lld:328
                                                  ./ra/fsp/src/bsp/mcu/ra8p1/bsp_linker.o
__itcm_from_data_flash$$Limit                     fsp_gen.lld:333
                                                  ./ra/fsp/src/bsp/mcu/ra8p1/bsp_linker.o
__itcm_from_data_flash$$Load                      fsp_gen.lld:328
                                                  ./ra/fsp/src/bsp/mcu/ra8p1/bsp_linker.o
__itcm_from_flash$$Base                           fsp_gen.lld:557
                                                  ./ra/fsp/src/bsp/mcu/ra8p1/bsp_linker.o
__itcm_from_flash$$Limit                          fsp_gen.lld:562
                                                  ./ra/fsp/src/bsp/mcu/ra8p1/bsp_linker.o
__itcm_from_flash$$Load                           fsp_gen.lld:557
                                                  ./ra/fsp/src/bsp/mcu/ra8p1/bsp_linker.o
__dtcm_from_ospi0_cs1$$Base                       fsp_gen.lld:129
                                                  ./ra/fsp/src/bsp/mcu/ra8p1/bsp_linker.o
__dtcm_from_ospi0_cs1$$Limit                      fsp_gen.lld:134
                                                  ./ra/fsp/src/bsp/mcu/ra8p1/bsp_linker.o
__dtcm_from_ospi0_cs1$$Load                       fsp_gen.lld:129
                                                  ./ra/fsp/src/bsp/mcu/ra8p1/bsp_linker.o
__dtcm_from_ospi1_cs1$$Base                       fsp_gen.lld:240
                                                  ./ra/fsp/src/bsp/mcu/ra8p1/bsp_linker.o
__dtcm_from_ospi1_cs1$$Limit                      fsp_gen.lld:245
                                                  ./ra/fsp/src/bsp/mcu/ra8p1/bsp_linker.o
__dtcm_from_ospi1_cs1$$Load                       fsp_gen.lld:240
                                                  ./ra/fsp/src/bsp/mcu/ra8p1/bsp_linker.o
__dtcm_from_data_flash$$Base                      fsp_gen.lld:340
                                                  ./ra/fsp/src/bsp/mcu/ra8p1/bsp_linker.o
__dtcm_from_data_flash$$Limit                     fsp_gen.lld:345
                                                  ./ra/fsp/src/bsp/mcu/ra8p1/bsp_linker.o
__dtcm_from_data_flash$$Load                      fsp_gen.lld:340
                                                  ./ra/fsp/src/bsp/mcu/ra8p1/bsp_linker.o
__dtcm_from_flash$$Base                           fsp_gen.lld:590
                                                  ./ra/fsp/src/bsp/mcu/ra8p1/bsp_linker.o
__dtcm_from_flash$$Limit                          fsp_gen.lld:595
                                                  ./ra/fsp/src/bsp/mcu/ra8p1/bsp_linker.o
__dtcm_from_flash$$Load                           fsp_gen.lld:590
                                                  ./ra/fsp/src/bsp/mcu/ra8p1/bsp_linker.o
__ram_from_ospi0_cs1$$Base                        fsp_gen.lld:152
                                                  ./ra/fsp/src/bsp/mcu/ra8p1/bsp_linker.o
__ram_from_ospi0_cs1$$Limit                       fsp_gen.lld:157
                                                  ./ra/fsp/src/bsp/mcu/ra8p1/bsp_linker.o
__ram_from_ospi0_cs1$$Load                        fsp_gen.lld:152
                                                  ./ra/fsp/src/bsp/mcu/ra8p1/bsp_linker.o
__ram_from_ospi1_cs1$$Base                        fsp_gen.lld:252
                                                  ./ra/fsp/src/bsp/mcu/ra8p1/bsp_linker.o
__ram_from_ospi1_cs1$$Limit                       fsp_gen.lld:257
                                                  ./ra/fsp/src/bsp/mcu/ra8p1/bsp_linker.o
__ram_from_ospi1_cs1$$Load                        fsp_gen.lld:252
                                                  ./ra/fsp/src/bsp/mcu/ra8p1/bsp_linker.o
__ram_from_data_flash$$Base                       fsp_gen.lld:352
                                                  ./ra/fsp/src/bsp/mcu/ra8p1/bsp_linker.o
__ram_from_data_flash$$Limit                      fsp_gen.lld:357
                                                  ./ra/fsp/src/bsp/mcu/ra8p1/bsp_linker.o
__ram_from_data_flash$$Load                       fsp_gen.lld:352
                                                  ./ra/fsp/src/bsp/mcu/ra8p1/bsp_linker.o
__ram_from_flash$$Base                            fsp_gen.lld:623
                                                  ./ra/fsp/src/bsp/mcu/ra8p1/bsp_linker.o
__ram_from_flash$$Limit                           fsp_gen.lld:630
                                                  ./ra/fsp/src/bsp/mcu/ra8p1/bsp_linker.o
__ram_from_flash$$Load                            fsp_gen.lld:623
                                                  ./ra/fsp/src/bsp/mcu/ra8p1/bsp_linker.o
__ram_tdata$$Base                                 fsp_gen.lld:672
                                                  ./ra/fsp/src/bsp/mcu/ra8p1/bsp_linker.o
__ram_tdata$$Limit                                fsp_gen.lld:676
                                                  ./ra/fsp/src/bsp/mcu/ra8p1/bsp_linker.o
__ram_tdata$$Load                                 fsp_gen.lld:672
                                                  ./ra/fsp/src/bsp/mcu/ra8p1/bsp_linker.o
SystemCoreClockUpdate                             ./ra/fsp/src/bsp/mcu/all/bsp_clocks.o
                                                  ./ra/fsp/src/bsp/cmsis/Device/RENESAS/Source/system.o
bsp_clock_init                                    ./ra/fsp/src/bsp/mcu/all/bsp_clocks.o
                                                  ./ra/fsp/src/bsp/cmsis/Device/RENESAS/Source/system.o
R_BSP_SubClockStabilizeWaitAfterReset             ./ra/fsp/src/bsp/mcu/all/bsp_clocks.o
R_BSP_Init_RTC                                    ./ra/fsp/src/bsp/mcu/all/bsp_clocks.o
                                                  ./ra/fsp/src/bsp/cmsis/Device/RENESAS/Source/system.o
bsp_init_internal                                 ./ra/fsp/src/bsp/mcu/all/bsp_common.o
bsp_init                                          ./ra/fsp/src/bsp/mcu/all/bsp_common.o
                                                  ./ra/fsp/src/bsp/cmsis/Device/RENESAS/Source/system.o
g_bsp_group_irq_sources                           ./ra/fsp/src/bsp/mcu/all/bsp_group_irq.o
NMI_Handler                                       ./ra/fsp/src/bsp/mcu/all/bsp_group_irq.o
                                                  ./ra/fsp/src/bsp/cmsis/Device/RENESAS/Source/startup.o
bsp_irq_cfg                                       ./ra/fsp/src/bsp/mcu/all/bsp_irq.o
                                                  ./ra/fsp/src/bsp/cmsis/Device/RENESAS/Source/system.o
__aeabi_memcpy4                                   E:\e2studio\toolchains\llvm_arm\ATfE-21.1.1-Windows-x86_64\bin\..\lib\clang-runtimes/arm-none-eabi/armv8.1m.main_hard_fpdp_nomve_exn_rtti_unaligned_size\lib\libc.a(memcpy.c.o)
                                                  ./ra/fsp/src/bsp/mcu/all/bsp_ospi_b.o
                                                  ./ra/fsp/src/bsp/cmsis/Device/RENESAS/Source/system.o
g_protect_counters                                ./ra/fsp/src/bsp/mcu/all/bsp_register_protection.o
Reset_Handler                                     ./ra/fsp/src/bsp/cmsis/Device/RENESAS/Source/startup.o
SystemInit                                        ./ra/fsp/src/bsp/cmsis/Device/RENESAS/Source/system.o
                                                  ./ra/fsp/src/bsp/cmsis/Device/RENESAS/Source/startup.o
Default_Handler                                   ./ra/fsp/src/bsp/cmsis/Device/RENESAS/Source/startup.o
g_main_stack                                      ./ra/fsp/src/bsp/cmsis/Device/RENESAS/Source/startup.o
                                                  ./ra/fsp/src/bsp/cmsis/Device/RENESAS/Source/system.o
__Vectors                                         ./ra/fsp/src/bsp/cmsis/Device/RENESAS/Source/startup.o
                                                  ./ra/fsp/src/bsp/cmsis/Device/RENESAS/Source/system.o
HardFault_Handler                                 ./ra/fsp/src/bsp/cmsis/Device/RENESAS/Source/startup.o
MemManage_Handler                                 ./ra/fsp/src/bsp/cmsis/Device/RENESAS/Source/startup.o
BusFault_Handler                                  ./ra/fsp/src/bsp/cmsis/Device/RENESAS/Source/startup.o
UsageFault_Handler                                ./ra/fsp/src/bsp/cmsis/Device/RENESAS/Source/startup.o
SecureFault_Handler                               ./ra/fsp/src/bsp/cmsis/Device/RENESAS/Source/startup.o
DebugMon_Handler                                  ./ra/fsp/src/bsp/cmsis/Device/RENESAS/Source/startup.o
_init_tls                                         E:\e2studio\toolchains\llvm_arm\ATfE-21.1.1-Windows-x86_64\bin\..\lib\clang-runtimes/arm-none-eabi/armv8.1m.main_hard_fpdp_nomve_exn_rtti_unaligned_size\lib\libc.a(libc_picolib_inittls.c.o)
                                                  ./ra/fsp/src/bsp/cmsis/Device/RENESAS/Source/system.o
__init_array_start                                fsp_gen.lld:749
                                                  ./ra/fsp/src/bsp/cmsis/Device/RENESAS/Source/system.o
__init_array_end                                  fsp_gen.lld:752
                                                  ./ra/fsp/src/bsp/cmsis/Device/RENESAS/Source/system.o
pvPortMalloc                                      ./ra/aws/FreeRTOS/FreeRTOS/Source/portable/MemMang/heap_4.o
                                                  ./ra/aws/FreeRTOS/FreeRTOS/Source/event_groups.o
                                                  ./ra/aws/FreeRTOS/FreeRTOS/Source/queue.o
                                                  ./ra/aws/FreeRTOS/FreeRTOS/Source/stream_buffer.o
                                                  ./ra/aws/FreeRTOS/FreeRTOS/Source/tasks.o
                                                  ./ra/aws/FreeRTOS/FreeRTOS/Source/timers.o
vPortFree                                         ./ra/aws/FreeRTOS/FreeRTOS/Source/portable/MemMang/heap_4.o
                                                  ./ra/aws/FreeRTOS/FreeRTOS/Source/event_groups.o
                                                  ./ra/aws/FreeRTOS/FreeRTOS/Source/queue.o
                                                  ./ra/aws/FreeRTOS/FreeRTOS/Source/stream_buffer.o
                                                  ./ra/aws/FreeRTOS/FreeRTOS/Source/tasks.o
                                                  ./ra/aws/FreeRTOS/FreeRTOS/Source/timers.o
__aeabi_memclr                                    E:\e2studio\toolchains\llvm_arm\ATfE-21.1.1-Windows-x86_64\bin\..\lib\clang-runtimes/arm-none-eabi/armv8.1m.main_hard_fpdp_nomve_exn_rtti_unaligned_size\lib\libc.a(bzero.c.o)
                                                  ./ra/aws/FreeRTOS/FreeRTOS/Source/portable/MemMang/heap_4.o
                                                  ./ra/aws/FreeRTOS/FreeRTOS/Source/stream_buffer.o
                                                  ./ra/aws/FreeRTOS/FreeRTOS/Source/tasks.o
                                                  E:\e2studio\toolchains\llvm_arm\ATfE-21.1.1-Windows-x86_64\bin\..\lib\clang-runtimes/arm-none-eabi/armv8.1m.main_hard_fpdp_nomve_exn_rtti_unaligned_size\lib\libc.a(libc_picolib_inittls.c.o)
vListInitialise                                   ./ra/aws/FreeRTOS/FreeRTOS/Source/list.o
                                                  ./ra/aws/FreeRTOS/FreeRTOS/Source/event_groups.o
                                                  ./ra/aws/FreeRTOS/FreeRTOS/Source/queue.o
                                                  ./ra/aws/FreeRTOS/FreeRTOS/Source/tasks.o
                                                  ./ra/aws/FreeRTOS/FreeRTOS/Source/timers.o
xTaskGetSchedulerState                            ./ra/aws/FreeRTOS/FreeRTOS/Source/tasks.o
                                                  ./ra/aws/FreeRTOS/FreeRTOS/Source/event_groups.o
                                                  ./ra/aws/FreeRTOS/FreeRTOS/Source/queue.o
                                                  ./ra/aws/FreeRTOS/FreeRTOS/Source/timers.o
vListInitialiseItem                               ./ra/aws/FreeRTOS/FreeRTOS/Source/list.o
                                                  ./ra/aws/FreeRTOS/FreeRTOS/Source/tasks.o
                                                  ./ra/aws/FreeRTOS/FreeRTOS/Source/timers.o
vListInsert                                       ./ra/aws/FreeRTOS/FreeRTOS/Source/list.o
                                                  ./ra/aws/FreeRTOS/FreeRTOS/Source/tasks.o
                                                  ./ra/aws/FreeRTOS/FreeRTOS/Source/timers.o
uxListRemove                                      ./ra/aws/FreeRTOS/FreeRTOS/Source/list.o
                                                  ./ra/aws/FreeRTOS/FreeRTOS/Source/tasks.o
                                                  ./ra/aws/FreeRTOS/FreeRTOS/Source/timers.o
xQueueGenericReset                                ./ra/aws/FreeRTOS/FreeRTOS/Source/queue.o
xTaskRemoveFromEventList                          ./ra/aws/FreeRTOS/FreeRTOS/Source/tasks.o
                                                  ./ra/aws/FreeRTOS/FreeRTOS/Source/queue.o
xQueueGenericCreateStatic                         ./ra/aws/FreeRTOS/FreeRTOS/Source/queue.o
                                                  ./ra/aws/FreeRTOS/FreeRTOS/Source/timers.o
vTaskInternalSetTimeOutState                      ./ra/aws/FreeRTOS/FreeRTOS/Source/tasks.o
                                                  ./ra/aws/FreeRTOS/FreeRTOS/Source/queue.o
xTaskCheckForTimeOut                              ./ra/aws/FreeRTOS/FreeRTOS/Source/tasks.o
                                                  ./ra/aws/FreeRTOS/FreeRTOS/Source/queue.o
                                                  ./ra/aws/FreeRTOS/FreeRTOS/Source/stream_buffer.o
vTaskPlaceOnEventList                             ./ra/aws/FreeRTOS/FreeRTOS/Source/tasks.o
                                                  ./ra/aws/FreeRTOS/FreeRTOS/Source/queue.o
vTaskMissedYield                                  ./ra/aws/FreeRTOS/FreeRTOS/Source/tasks.o
                                                  ./ra/aws/FreeRTOS/FreeRTOS/Source/queue.o
xQueueRegistry                                    ./ra/aws/FreeRTOS/FreeRTOS/Source/queue.o
vQueueAddToRegistry                               ./ra/aws/FreeRTOS/FreeRTOS/Source/queue.o
                                                  ./ra/aws/FreeRTOS/FreeRTOS/Source/timers.o
vQueueWaitForMessageRestricted                    ./ra/aws/FreeRTOS/FreeRTOS/Source/queue.o
                                                  ./ra/aws/FreeRTOS/FreeRTOS/Source/timers.o
vTaskPlaceOnEventListRestricted                   ./ra/aws/FreeRTOS/FreeRTOS/Source/tasks.o
                                                  ./ra/aws/FreeRTOS/FreeRTOS/Source/queue.o
xTimerCreateTimerTask                             ./ra/aws/FreeRTOS/FreeRTOS/Source/timers.o
                                                  ./ra/aws/FreeRTOS/FreeRTOS/Source/tasks.o
xTaskGetTickCount                                 ./ra/aws/FreeRTOS/FreeRTOS/Source/tasks.o
                                                  ./ra/aws/FreeRTOS/FreeRTOS/Source/timers.o
bzero                                             E:\e2studio\toolchains\llvm_arm\ATfE-21.1.1-Windows-x86_64\bin\..\lib\clang-runtimes/arm-none-eabi/armv8.1m.main_hard_fpdp_nomve_exn_rtti_unaligned_size\lib\libc.a(bzero.c.o)
__aeabi_memclr8                                   E:\e2studio\toolchains\llvm_arm\ATfE-21.1.1-Windows-x86_64\bin\..\lib\clang-runtimes/arm-none-eabi/armv8.1m.main_hard_fpdp_nomve_exn_rtti_unaligned_size\lib\libc.a(bzero.c.o)
__aeabi_memcpy8                                   E:\e2studio\toolchains\llvm_arm\ATfE-21.1.1-Windows-x86_64\bin\..\lib\clang-runtimes/arm-none-eabi/armv8.1m.main_hard_fpdp_nomve_exn_rtti_unaligned_size\lib\libc.a(memcpy.c.o)
__tdata_source                                    fsp_gen.lld:1285
                                                  E:\e2studio\toolchains\llvm_arm\ATfE-21.1.1-Windows-x86_64\bin\..\lib\clang-runtimes/arm-none-eabi/armv8.1m.main_hard_fpdp_nomve_exn_rtti_unaligned_size\lib\libc.a(libc_picolib_inittls.c.o)
__tdata_size                                      fsp_gen.lld:1286
                                                  E:\e2studio\toolchains\llvm_arm\ATfE-21.1.1-Windows-x86_64\bin\..\lib\clang-runtimes/arm-none-eabi/armv8.1m.main_hard_fpdp_nomve_exn_rtti_unaligned_size\lib\libc.a(libc_picolib_inittls.c.o)
__tbss_offset                                     fsp_gen.lld:1287
                                                  E:\e2studio\toolchains\llvm_arm\ATfE-21.1.1-Windows-x86_64\bin\..\lib\clang-runtimes/arm-none-eabi/armv8.1m.main_hard_fpdp_nomve_exn_rtti_unaligned_size\lib\libc.a(libc_picolib_inittls.c.o)
__tbss_size                                       fsp_gen.lld:1288
                                                  E:\e2studio\toolchains\llvm_arm\ATfE-21.1.1-Windows-x86_64\bin\..\lib\clang-runtimes/arm-none-eabi/armv8.1m.main_hard_fpdp_nomve_exn_rtti_unaligned_size\lib\libc.a(libc_picolib_inittls.c.o)
__arm32_tls_tcb_offset                            fsp_gen.lld:1289
                                                  E:\e2studio\toolchains\llvm_arm\ATfE-21.1.1-Windows-x86_64\bin\..\lib\clang-runtimes/arm-none-eabi/armv8.1m.main_hard_fpdp_nomve_exn_rtti_unaligned_size\lib\libc.a(libc_picolib_machine_arm_set_tls.c.o)
__tls                                             E:\e2studio\toolchains\llvm_arm\ATfE-21.1.1-Windows-x86_64\bin\..\lib\clang-runtimes/arm-none-eabi/armv8.1m.main_hard_fpdp_nomve_exn_rtti_unaligned_size\lib\libc.a(libc_picolib_machine_arm_tls.c.o)
                                                  E:\e2studio\toolchains\llvm_arm\ATfE-21.1.1-Windows-x86_64\bin\..\lib\clang-runtimes/arm-none-eabi/armv8.1m.main_hard_fpdp_nomve_exn_rtti_unaligned_size\lib\libc.a(libc_picolib_machine_arm_set_tls.c.o)
                                                  E:\e2studio\toolchains\llvm_arm\ATfE-21.1.1-Windows-x86_64\bin\..\lib\clang-runtimes/arm-none-eabi/armv8.1m.main_hard_fpdp_nomve_exn_rtti_unaligned_size\lib\libc.a(libc_picolib_machine_arm_read_tp.S.o)
