     VMA      LMA     Size Align Out     In      Symbol
       0        0        0     1 RAM_START = 0x220ea000
       0        0        0     1 RAM_LENGTH = 0x000ea000
       0        0        0     1 FLASH_START = 0x02080000
       0        0        0     1 FLASH_LENGTH = 0x00080000
       0        0        0     1 DATA_FLASH_START = 0x27000000
       0        0        0     1 DATA_FLASH_LENGTH = 0x00000000
       0        0        0     1 SDRAM_START = 0x6c000000
       0        0        0     1 SDRAM_LENGTH = 0x04000000
       0        0        0     1 OSPI0_CS0_START = 0x88000000
       0        0        0     1 OSPI0_CS0_LENGTH = 0x08000000
       0        0        0     1 OSPI0_CS1_START = 0x98000000
       0        0        0     1 OSPI0_CS1_LENGTH = 0x08000000
       0        0        0     1 OSPI1_CS0_START = 0x74000000
       0        0        0     1 OSPI1_CS0_LENGTH = 0x04000000
       0        0        0     1 OSPI1_CS1_START = 0x7c000000
       0        0        0     1 OSPI1_CS1_LENGTH = 0x04000000
       0        0        0     1 OPTION_SETTING_OFS0_START = 0x02c9f040
       0        0        0     1 OPTION_SETTING_OFS0_LENGTH = 0x00000000
       0        0        0     1 OPTION_SETTING_OFS2_START = 0x02c9f044
       0        0        0     1 OPTION_SETTING_OFS2_LENGTH = 0x00000000
       0        0        0     1 OPTION_SETTING_SAS_START = 0x02c9f074
       0        0        0     1 OPTION_SETTING_SAS_LENGTH = 0x00000000
       0        0        0     1 OPTION_SETTING_OFS1_START = 0x12c9f4c0
       0        0        0     1 OPTION_SETTING_OFS1_LENGTH = 0x00000000
       0        0        0     1 OPTION_SETTING_OFS1_SEC_START = 0x02c9f0c0
       0        0        0     1 OPTION_SETTING_OFS1_SEC_LENGTH = 0x00000000
       0        0        0     1 OPTION_SETTING_OFS1_SEL_START = 0x02c9f120
       0        0        0     1 OPTION_SETTING_OFS1_SEL_LENGTH = 0x00000000
       0        0        0     1 OPTION_SETTING_OFS3_START = 0x12c9f4c4
       0        0        0     1 OPTION_SETTING_OFS3_LENGTH = 0x00000000
       0        0        0     1 OPTION_SETTING_OFS3_SEC_START = 0x02c9f0c4
       0        0        0     1 OPTION_SETTING_OFS3_SEC_LENGTH = 0x00000000
       0        0        0     1 OPTION_SETTING_OFS3_SEL_START = 0x02c9f124
       0        0        0     1 OPTION_SETTING_OFS3_SEL_LENGTH = 0x00000000
       0        0        0     1 OPTION_SETTING_BPS_START = 0x12c9f600
       0        0        0     1 OPTION_SETTING_BPS_LENGTH = 0x00000000
       0        0        0     1 OPTION_SETTING_BPS_SEC_START = 0x02c9f200
       0        0        0     1 OPTION_SETTING_BPS_SEC_LENGTH = 0x00000000
       0        0        0     1 OPTION_SETTING_OTP_FSBLCTRL0_START = 0x02e07600
       0        0        0     1 OPTION_SETTING_OTP_FSBLCTRL0_LENGTH = 0x00000000
       0        0        0     1 OPTION_SETTING_OTP_FSBLCTRL1_START = 0x02e07604
       0        0        0     1 OPTION_SETTING_OTP_FSBLCTRL1_LENGTH = 0x00000000
       0        0        0     1 OPTION_SETTING_OTP_FSBLCTRL2_START = 0x02e07608
       0        0        0     1 OPTION_SETTING_OTP_FSBLCTRL2_LENGTH = 0x00000000
       0        0        0     1 OPTION_SETTING_OTP_SAMR_START = 0x02e07614
       0        0        0     1 OPTION_SETTING_OTP_SAMR_LENGTH = 0x00000000
       0        0        0     1 OPTION_SETTING_OTP_SACC00_START = 0x02e07620
       0        0        0     1 OPTION_SETTING_OTP_SACC00_LENGTH = 0x00000000
       0        0        0     1 OPTION_SETTING_OTP_SACC10_START = 0x02e07630
       0        0        0     1 OPTION_SETTING_OTP_SACC10_LENGTH = 0x00000000
       0        0        0     1 OPTION_SETTING_OTP_SACC01_START = 0x02e07640
       0        0        0     1 OPTION_SETTING_OTP_SACC01_LENGTH = 0x00000000
       0        0        0     1 OPTION_SETTING_OTP_SACC11_START = 0x02e07650
       0        0        0     1 OPTION_SETTING_OTP_SACC11_LENGTH = 0x00000000
       0        0        0     1 OPTION_SETTING_OTP_SACC02_START = 0x02e07660
       0        0        0     1 OPTION_SETTING_OTP_SACC02_LENGTH = 0x00000000
       0        0        0     1 OPTION_SETTING_OTP_SACC12_START = 0x02e07670
       0        0        0     1 OPTION_SETTING_OTP_SACC12_LENGTH = 0x00000000
       0        0        0     1 OPTION_SETTING_OTP_SACC03_START = 0x02e07680
       0        0        0     1 OPTION_SETTING_OTP_SACC03_LENGTH = 0x00000000
       0        0        0     1 OPTION_SETTING_OTP_SACC13_START = 0x02e07690
       0        0        0     1 OPTION_SETTING_OTP_SACC13_LENGTH = 0x00000000
       0        0        0     1 OPTION_SETTING_OTP_PBPS_SEC_START = 0x02e17700
       0        0        0     1 OPTION_SETTING_OTP_PBPS_SEC_LENGTH = 0x00000000
       0        0        0     1 OPTION_SETTING_OTP_PBPS_START = 0x12e17780
       0        0        0     1 OPTION_SETTING_OTP_PBPS_LENGTH = 0x00000000
       0        0        0     1 OPTION_SETTING_OTP_ZHUK_START = 0x02e17920
       0        0        0     1 OPTION_SETTING_OTP_ZHUK_LENGTH = 0x00000000
       0        0        0     1 CTCM_START = 0x00000000
       0        0        0     1 CTCM_LENGTH = 0x00010000
       0        0        0     1 STCM_START = 0x20000000
       0        0        0     1 STCM_LENGTH = 0x00010000
98000000 98000000        0     1 .ospi0_cs1.startof
98000000 98000000        0     1         __ddsc_OSPI0_CS1_START = .
6c000000 6c000000        0     1 .sdram.startof
6c000000 6c000000        0     1         __ddsc_SDRAM_START = .
6c000000 6c000000        0     1 __sdram_from_ospi0_cs1$$
6c000000 6c000000        0     1         __sdram_from_ospi0_cs1$$Base = .
6c000000 6c000000        0     1         __sdram_from_ospi0_cs1$$Load = LOADADDR(__sdram_from_ospi0_cs1$$)
6c000000 6c000000        0     1         __sdram_from_ospi0_cs1$$Limit = .
88000000 88000000        0     1 .ospi0_cs0.startof
88000000 88000000        0     1         __ddsc_OSPI0_CS0_START = .
88000000 88000000        0     1 __ospi0_cs0_from_ospi0_cs1$$
88000000 88000000        0     1         __ospi0_cs0_from_ospi0_cs1$$Base = .
88000000 88000000        0     1         __ospi0_cs0_from_ospi0_cs1$$Load = LOADADDR(__ospi0_cs0_from_ospi0_cs1$$)
88000000 88000000        0     1         __ospi0_cs0_from_ospi0_cs1$$Limit = .
74000000 74000000        0     1 .ospi1_cs0.startof
74000000 74000000        0     1         __ddsc_OSPI1_CS0_START = .
74000000 74000000        0     1 __ospi1_cs0_from_ospi0_cs1$$
74000000 74000000        0     1         __ospi1_cs0_from_ospi0_cs1$$Base = .
74000000 74000000        0     1         __ospi1_cs0_from_ospi0_cs1$$Load = LOADADDR(__ospi1_cs0_from_ospi0_cs1$$)
74000000 74000000        0     1         __ospi1_cs0_from_ospi0_cs1$$Limit = .
       0        0        0     1 .ctcm.startof
       0        0        0     1         __ddsc_CTCM_START = .
       0        0        0     1 __ctcm_from_ospi0_cs1$$
       0        0        0     1         __ctcm_from_ospi0_cs1$$Base = .
       0        0        0     1         __ctcm_from_ospi0_cs1$$Load = LOADADDR(__ctcm_from_ospi0_cs1$$)
       0        0        0     1         __ctcm_from_ospi0_cs1$$Limit = .
20000000 20000000        0     1 .stcm.startof
20000000 20000000        0     1         __ddsc_STCM_START = .
20000000 20000000        0     1 __stcm_from_ospi0_cs1$$
20000000 20000000        0     1         __stcm_from_ospi0_cs1$$Base = .
20000000 20000000        0     1         __stcm_from_ospi0_cs1$$Load = LOADADDR(__stcm_from_ospi0_cs1$$)
20000000 20000000        0     1         __stcm_from_ospi0_cs1$$Limit = .
220ea000 220ea000        0     1 .ram.startof
220ea000 220ea000        0     1         __ddsc_RAM_START = .
220ea000 220ea000        0     1 __ram_dtc_vector$$
220ea000 220ea000        0     1         __ram_dtc_vector$$Base = .
220ea000 220ea000        0     1         __ram_dtc_vector$$Limit = .
220ea000 220ea000        0     1 __ram_from_ospi0_cs1$$
220ea000 220ea000        0     1         __ram_from_ospi0_cs1$$Base = .
220ea000 220ea000        0     1         __ram_from_ospi0_cs1$$Load = LOADADDR(__ram_from_ospi0_cs1$$)
220ea000 220ea000        0     1         __ram_from_ospi0_cs1$$Limit = .
98000000 98000000        0     1 __ospi0_cs1_readonly$$
98000000 98000000        0     1         __ospi0_cs1_readonly$$Base = .
98000000 98000000        0     1         __ospi0_cs1_readonly$$Limit = .
98000000 98000000        0     1 __ospi0_cs1_noinit$$
98000000 98000000        0     1         __ospi0_cs1_noinit$$Base = .
98000000 98000000        0     1         __ospi0_cs1_noinit$$Limit = .
98000000 98000000        0     1 .ospi0_cs1.endof
98000000 98000000        0     1         __ddsc_OSPI0_CS1_END = .
7c000000 7c000000        0     1 .ospi1_cs1.startof
7c000000 7c000000        0     1         __ddsc_OSPI1_CS1_START = .
6c000000 6c000000        0     1 __sdram_from_ospi1_cs1$$
6c000000 6c000000        0     1         __sdram_from_ospi1_cs1$$Base = .
6c000000 6c000000        0     1         __sdram_from_ospi1_cs1$$Load = LOADADDR(__sdram_from_ospi1_cs1$$)
6c000000 6c000000        0     1         __sdram_from_ospi1_cs1$$Limit = .
88000000 88000000        0     1 __ospi0_cs0_from_ospi1_cs1$$
88000000 88000000        0     1         __ospi0_cs0_from_ospi1_cs1$$Base = .
88000000 88000000        0     1         __ospi0_cs0_from_ospi1_cs1$$Load = LOADADDR(__ospi0_cs0_from_ospi1_cs1$$)
88000000 88000000        0     1         __ospi0_cs0_from_ospi1_cs1$$Limit = .
74000000 74000000        0     1 __ospi1_cs0_from_ospi1_cs1$$
74000000 74000000        0     1         __ospi1_cs0_from_ospi1_cs1$$Base = .
74000000 74000000        0     1         __ospi1_cs0_from_ospi1_cs1$$Load = LOADADDR(__ospi1_cs0_from_ospi1_cs1$$)
74000000 74000000        0     1         __ospi1_cs0_from_ospi1_cs1$$Limit = .
       0        0        0     1 __ctcm_from_ospi1_cs1$$
       0        0        0     1         __ctcm_from_ospi1_cs1$$Base = .
       0        0        0     1         __ctcm_from_ospi1_cs1$$Load = LOADADDR(__ctcm_from_ospi1_cs1$$)
       0        0        0     1         __ctcm_from_ospi1_cs1$$Limit = .
20000000 20000000        0     1 __stcm_from_ospi1_cs1$$
20000000 20000000        0     1         __stcm_from_ospi1_cs1$$Base = .
20000000 20000000        0     1         __stcm_from_ospi1_cs1$$Load = LOADADDR(__stcm_from_ospi1_cs1$$)
20000000 20000000        0     1         __stcm_from_ospi1_cs1$$Limit = .
220ea000 220ea000        0     1 __ram_from_ospi1_cs1$$
220ea000 220ea000        0     1         __ram_from_ospi1_cs1$$Base = .
220ea000 220ea000        0     1         __ram_from_ospi1_cs1$$Load = LOADADDR(__ram_from_ospi1_cs1$$)
220ea000 220ea000        0     1         __ram_from_ospi1_cs1$$Limit = .
7c000000 7c000000        0     1 __ospi1_cs1_readonly$$
7c000000 7c000000        0     1         __ospi1_cs1_readonly$$Base = .
7c000000 7c000000        0     1         __ospi1_cs1_readonly$$Limit = .
7c000000 7c000000        0     1 __ospi1_cs1_noinit$$
7c000000 7c000000        0     1         __ospi1_cs1_noinit$$Base = .
7c000000 7c000000        0     1         __ospi1_cs1_noinit$$Limit = .
7c000000 7c000000        0     1 .ospi1_cs1.endof
7c000000 7c000000        0     1         __ddsc_OSPI1_CS1_END = .
27000000 27000000        0     1 .data_flash.startof
27000000 27000000        0     1         __ddsc_DATA_FLASH_START = .
6c000000 6c000000        0     1 __sdram_from_data_flash$$
6c000000 6c000000        0     1         __sdram_from_data_flash$$Base = .
6c000000 6c000000        0     1         __sdram_from_data_flash$$Load = LOADADDR(__sdram_from_data_flash$$)
6c000000 6c000000        0     1         __sdram_from_data_flash$$Limit = .
88000000 88000000        0     1 __ospi0_cs0_from_data_flash$$
88000000 88000000        0     1         __ospi0_cs0_from_data_flash$$Base = .
88000000 88000000        0     1         __ospi0_cs0_from_data_flash$$Load = LOADADDR(__ospi0_cs0_from_data_flash$$)
88000000 88000000        0     1         __ospi0_cs0_from_data_flash$$Limit = .
74000000 74000000        0     1 __ospi1_cs0_from_data_flash$$
74000000 74000000        0     1         __ospi1_cs0_from_data_flash$$Base = .
74000000 74000000        0     1         __ospi1_cs0_from_data_flash$$Load = LOADADDR(__ospi1_cs0_from_data_flash$$)
74000000 74000000        0     1         __ospi1_cs0_from_data_flash$$Limit = .
       0        0        0     1 __ctcm_from_data_flash$$
       0        0        0     1         __ctcm_from_data_flash$$Base = .
       0        0        0     1         __ctcm_from_data_flash$$Load = LOADADDR(__ctcm_from_data_flash$$)
       0        0        0     1         __ctcm_from_data_flash$$Limit = .
20000000 20000000        0     1 __stcm_from_data_flash$$
20000000 20000000        0     1         __stcm_from_data_flash$$Base = .
20000000 20000000        0     1         __stcm_from_data_flash$$Load = LOADADDR(__stcm_from_data_flash$$)
20000000 20000000        0     1         __stcm_from_data_flash$$Limit = .
220ea000 220ea000        0     1 __ram_from_data_flash$$
220ea000 220ea000        0     1         __ram_from_data_flash$$Base = .
220ea000 220ea000        0     1         __ram_from_data_flash$$Load = LOADADDR(__ram_from_data_flash$$)
220ea000 220ea000        0     1         __ram_from_data_flash$$Limit = .
27000000 27000000        0     1 __data_flash_readonly$$
27000000 27000000        0     1         __data_flash_readonly$$Base = .
27000000 27000000        0     1         __data_flash_readonly$$Limit = .
27000000 27000000        0     1 __data_flash_noinit$$
27000000 27000000        0     1         __data_flash_noinit$$Base = .
27000000 27000000        0     1         __data_flash_noinit$$Limit = .
27000000 27000000        0     1 .data_flash.endof
27000000 27000000        0     1         __ddsc_DATA_FLASH_END = .
 2080000  2080000        0     1 .flash.startof
 2080000  2080000        0     1         __ddsc_FLASH_START = .
 2080000  2080000       80     4 __flash_vectors$$
 2080000  2080000        0     1         __flash_vectors$$Base = .
 2080000  2080000        0     1         _VECTORS = .
 2080000  2080000       40     4         ./ra/fsp/src/bsp/cmsis/Device/RENESAS/Source/startup.o:(.fixed_vectors)
 2080000  2080000       40     1                 __Vectors
 2080040  2080040       40     4         ./ra_gen/vector_data.o:(.application_vectors)
 2080040  2080040       40     1                 g_vector_table
 2080080  2080080        0     1         __flash_vectors$$Limit = .
 2080080  2080080        0     1 __flash_noinit$$
 2080080  2080080        0     1         __flash_noinit$$Base = .
 2080080  2080080        0     1         __flash_noinit$$Limit = .
6c000000 6c000000        0     1 __sdram_from_flash$$
6c000000 6c000000        0     1         __sdram_from_flash$$Base = .
6c000000 6c000000        0     1         __sdram_from_flash$$Load = LOADADDR(__sdram_from_flash$$)
6c000000 6c000000        0     1         __sdram_from_flash$$Limit = .
6c000000 6c000000        0     1 __sdram_noinit_nocache$$
6c000000 6c000000        0     1         __sdram_noinit_nocache$$Base = .
6c000000 6c000000        0     1         __sdram_noinit_nocache$$Limit = .
6c000000 6c000000        0     1 __sdram_zero_nocache$$
6c000000 6c000000        0     1         __sdram_zero_nocache$$Base = .
6c000000 6c000000        0     1         . = ALIGN(32)
6c000000 6c000000        0     1         __sdram_zero_nocache$$Limit = .
6c000000 6c000000        0     1 __sdram_noinit$$
6c000000 6c000000        0     1         __sdram_noinit$$Base = .
6c000000 6c000000        0     1         __sdram_noinit$$Limit = .
6c000000 6c000000        0     1 __sdram_zero$$
6c000000 6c000000        0     1         __sdram_zero$$Base = .
6c000000 6c000000        0     1         __sdram_zero$$Limit = .
6c000000 6c000000        0     1 .sdram.endof
6c000000 6c000000        0     1         __ddsc_SDRAM_END = .
88000000 88000000        0     1 __ospi0_cs0_from_flash$$
88000000 88000000        0     1         __ospi0_cs0_from_flash$$Base = .
88000000 88000000        0     1         __ospi0_cs0_from_flash$$Load = LOADADDR(__ospi0_cs0_from_flash$$)
88000000 88000000        0     1         __ospi0_cs0_from_flash$$Limit = .
88000000 88000000        0     1 __ospi0_cs0_noinit_nocache$$
88000000 88000000        0     1         __ospi0_cs0_noinit_nocache$$Base = .
88000000 88000000        0     1         __ospi0_cs0_noinit_nocache$$Limit = .
88000000 88000000        0     1 __ospi0_cs0_zero_nocache$$
88000000 88000000        0     1         __ospi0_cs0_zero_nocache$$Base = .
88000000 88000000        0     1         . = ALIGN(32)
88000000 88000000        0     1         __ospi0_cs0_zero_nocache$$Limit = .
88000000 88000000        0     1 __ospi0_cs0_noinit$$
88000000 88000000        0     1         __ospi0_cs0_noinit$$Base = .
88000000 88000000        0     1         __ospi0_cs0_noinit$$Limit = .
88000000 88000000        0     1 __ospi0_cs0_zero$$
88000000 88000000        0     1         __ospi0_cs0_zero$$Base = .
88000000 88000000        0     1         __ospi0_cs0_zero$$Limit = .
88000000 88000000        0     1 .ospi0_cs0.endof
88000000 88000000        0     1         __ddsc_OSPI0_CS0_END = .
74000000 74000000        0     1 __ospi1_cs0_from_flash$$
74000000 74000000        0     1         __ospi1_cs0_from_flash$$Base = .
74000000 74000000        0     1         __ospi1_cs0_from_flash$$Load = LOADADDR(__ospi1_cs0_from_flash$$)
74000000 74000000        0     1         __ospi1_cs0_from_flash$$Limit = .
74000000 74000000        0     1 __ospi1_cs0_noinit_nocache$$
74000000 74000000        0     1         __ospi1_cs0_noinit_nocache$$Base = .
74000000 74000000        0     1         __ospi1_cs0_noinit_nocache$$Limit = .
74000000 74000000        0     1 __ospi1_cs0_zero_nocache$$
74000000 74000000        0     1         __ospi1_cs0_zero_nocache$$Base = .
74000000 74000000        0     1         . = ALIGN(32)
74000000 74000000        0     1         __ospi1_cs0_zero_nocache$$Limit = .
74000000 74000000        0     1 __ospi1_cs0_noinit$$
74000000 74000000        0     1         __ospi1_cs0_noinit$$Base = .
74000000 74000000        0     1         __ospi1_cs0_noinit$$Limit = .
74000000 74000000        0     1 __ospi1_cs0_zero$$
74000000 74000000        0     1         __ospi1_cs0_zero$$Base = .
74000000 74000000        0     1         __ospi1_cs0_zero$$Limit = .
74000000 74000000        0     1 .ospi1_cs0.endof
74000000 74000000        0     1         __ddsc_OSPI1_CS0_END = .
       0        0        0     1 __ctcm_from_flash$$
       0        0        0     1         __ctcm_from_flash$$Base = .
       0        0        0     1         __ctcm_from_flash$$Load = LOADADDR(__ctcm_from_flash$$)
       0        0        0     1         __ctcm_from_flash$$Limit = .
       0        0        0     1 __ctcm_noinit$$
       0        0        0     1         __ctcm_noinit$$Base = .
       0        0        0     1         __ctcm_noinit$$Limit = .
       0        0        0     1 __ctcm_zero$$
       0        0        0     1         __ctcm_zero$$Base = .
       0        0        0     1         __ctcm_zero$$Limit = .
       0        0        0     1 .ctcm.endof
       0        0        0     1         __ddsc_CTCM_END = .
20000000 20000000        0     1 __stcm_from_flash$$
20000000 20000000        0     1         __stcm_from_flash$$Base = .
20000000 20000000        0     1         __stcm_from_flash$$Load = LOADADDR(__stcm_from_flash$$)
20000000 20000000        0     1         __stcm_from_flash$$Limit = .
20000000 20000000        0     1 __stcm_noinit$$
20000000 20000000        0     1         __stcm_noinit$$Base = .
20000000 20000000        0     1         __stcm_noinit$$Limit = .
20000000 20000000        0     1 __stcm_zero$$
20000000 20000000        0     1         __stcm_zero$$Base = .
20000000 20000000        0     1         __stcm_zero$$Limit = .
20000000 20000000        0     1 .stcm.endof
20000000 20000000        0     1         __ddsc_STCM_END = .
220ea000  2080080       1c     4 __ram_from_flash$$
220ea000  2080080        0     1         __ram_from_flash$$Base = .
220ea000  2080080        0     1         __ram_from_flash$$Load = LOADADDR(__ram_from_flash$$)
220ea000  2080080        4     4         ./src/PULSE.o:(.data.frequency_)
220ea000  2080080        4     1                 frequency_
220ea004  2080084        4     4         ./src/cJSON.o:(.data.cJSON_malloc)
220ea004  2080084        4     1                 cJSON_malloc
220ea008  2080088        4     4         ./src/cJSON.o:(.data.cJSON_free)
220ea008  2080088        4     1                 cJSON_free
220ea00c  208008c        4     4         ./src/uart.o:(.data.UART_ProcessPacket.last_mqtt_tab)
220ea00c  208008c        4     1                 UART_ProcessPacket.last_mqtt_tab
220ea010  2080090        4     4         ./ra_gen/hal_data.o:(.data.g_uart0_baud_setting)
220ea010  2080090        4     1                 g_uart0_baud_setting
220ea014  2080094        4     4         ./ra_gen/hal_data.o:(.data.g_uart6_baud_setting)
220ea014  2080094        4     1                 g_uart6_baud_setting
220ea018  2080098        4     4         ./ra_gen/hal_data.o:(.data.g_uart9_baud_setting)
220ea018  2080098        4     1                 g_uart9_baud_setting
220ea01c  208009c        0     1         __ram_from_flash$$Limit = .
220ea020 220ea020        0     1 __ram_noinit_nocache$$
220ea020 220ea020        0     1         __ram_noinit_nocache$$Base = .
220ea020 220ea020        0     1         __ram_noinit_nocache$$Limit = .
220ea020 220ea020        0     1 __ram_zero_nocache$$
220ea020 220ea020        0     1         __ram_zero_nocache$$Base = .
220ea020 220ea020        0     1         . = ALIGN(32)
220ea020 220ea020        0     1         __ram_zero_nocache$$Limit = .
220ea020 220ea020     e02c     8 __ram_noinit$$
220ea020 220ea020        0     1         __ram_noinit$$Base = .
220ea020 220ea020     a000     8         ./ra/fsp/src/bsp/cmsis/Device/RENESAS/Source/startup.o:(.bss.g_heap)
220ea020 220ea020     a000     1                 g_heap
220f4020 220f4020     4000     8         ./ra/fsp/src/bsp/cmsis/Device/RENESAS/Source/startup.o:(.bss.g_main_stack)
220f4020 220f4020     4000     1                 g_main_stack
220f8020 220f8020       2c     4         ./ra/fsp/src/bsp/mcu/all/bsp_clocks.o:(.ram_noinit)
220f8020 220f8020       2c     1                 g_clock_freq
220f804c 220f804c        0     1         __ram_noinit$$Limit = .
220f804c 220f804c    a0e64     4 __ram_zero$$
220f804c 220f804c        0     1         __ram_zero$$Base = .
220f804c 220f804c        1     1         ./src/Cloud.o:(.bss.Cloud_X_Direction)
220f804c 220f804c        1     1                 Cloud_X_Direction
220f804d 220f804d        1     1         ./src/Cloud.o:(.bss.Cloud_Y_Direction)
220f804d 220f804d        1     1                 Cloud_Y_Direction
220f8050 220f8050        4     4         ./src/Cloud.o:(.bss.X_pulse)
220f8050 220f8050        4     1                 X_pulse
220f8054 220f8054        4     4         ./src/Cloud.o:(.bss.Y_pulse)
220f8054 220f8054        4     1                 Y_pulse
220f8058 220f8058        1     1         ./src/Cloud_thread_entry.o:(.bss.find_value)
220f8058 220f8058        1     1                 find_value
220f805c 220f805c        4     4         ./src/IPC_thread_entry.o:(.bss.g_queue_count)
220f805c 220f805c        4     1                 g_queue_count
220f8060 220f8060       20     4         ./src/IPC_thread_entry.o:(.bss.g_ipc_queues)
220f8060 220f8060       20     1                 g_ipc_queues
220f8080 220f8080        4     4         ./src/IPC_thread_entry.o:(.bss.g_recv_count)
220f8080 220f8080        4     1                 g_recv_count
220f8084 220f8084        4     4         ./src/PULSE.o:(.bss.Pulsex_count)
220f8084 220f8084        4     1                 Pulsex_count
220f8088 220f8088        4     4         ./src/PULSE.o:(.bss.Pulsey_count)
220f8088 220f8088        4     1                 Pulsey_count
220f808c 220f808c        1     1         ./src/PULSE.o:(.bss.X_Arrive_Flag)
220f808c 220f808c        1     1                 X_Arrive_Flag
220f808d 220f808d        1     1         ./src/PULSE.o:(.bss.Y_Arrive_Flag)
220f808d 220f808d        1     1                 Y_Arrive_Flag
220f808e 220f808e        1     1         ./src/Wifi_thread_entry.o:(.bss.g_cloud_up)
220f808e 220f808e        1     1                 g_cloud_up
220f808f 220f808f        1     1         ./src/Wifi_thread_entry.o:(.bss.g_cloud_down)
220f808f 220f808f        1     1                 g_cloud_down
220f8090 220f8090        1     1         ./src/Wifi_thread_entry.o:(.bss.g_cloud_left)
220f8090 220f8090        1     1                 g_cloud_left
220f8091 220f8091        1     1         ./src/Wifi_thread_entry.o:(.bss.g_cloud_right)
220f8091 220f8091        1     1                 g_cloud_right
220f8094 220f8094        4     4         ./src/Wifi_thread_entry.o:(.bss.g_mqtt_tab)
220f8094 220f8094        4     1                 g_mqtt_tab
220f8098 220f8098        4     4         ./src/Wifi_thread_entry.o:(.bss.g_mqtt_crack)
220f8098 220f8098        4     1                 g_mqtt_crack
220f809c 220f809c        1     1         ./src/Wifi_thread_entry.o:(.bss.g_mqtt_tab_changed)
220f809c 220f809c        1     1                 g_mqtt_tab_changed
220f80a0 220f80a0        4     4         ./src/Wifi_thread_entry.o:(.bss.Wifi_thread_entry.check_counter)
220f80a0 220f80a0        4     1                 Wifi_thread_entry.check_counter
220f80a4 220f80a4        1     1         ./src/bsp_debug_uart.o:(.bss.uart_send_complete_flag1)
220f80a4 220f80a4        1     1                 uart_send_complete_flag1
220f80a5 220f80a5        1     1         ./src/bsp_debug_uart.o:(.bss.uart9_rx_data_ready)
220f80a5 220f80a5        1     1                 uart9_rx_data_ready
220f80a6 220f80a6        1     1         ./src/bsp_debug_uart.o:(.bss.uart9_rx_data)
220f80a6 220f80a6        1     1                 uart9_rx_data
220f80a7 220f80a7        1     1         ./src/bsp_wifi_esp8266.o:(.bss.Uart6_Send_Flag)
220f80a7 220f80a7        1     1                 Uart6_Send_Flag
220f80a8 220f80a8        2     2         ./src/bsp_wifi_esp8266.o:(.bss.Uart6_Num)
220f80a8 220f80a8        2     1                 Uart6_Num
220f80ac 220f80ac      200     4         ./src/bsp_wifi_esp8266.o:(.bss.At_Rx_Buff)
220f80ac 220f80ac      200     1                 At_Rx_Buff
220f82ac 220f82ac        4     4         ./src/bsp_wifi_esp8266.o:(.bss.g_socket_id)
220f82ac 220f82ac        4     1                 g_socket_id
220f82b0 220f82b0        4     4         ./src/bsp_wifi_esp8266.o:(.bss.g_client_id)
220f82b0 220f82b0        4     1                 g_client_id
220f82b4 220f82b4        4     4         ./src/bsp_wifi_esp8266.o:(.bss.g_user_name)
220f82b4 220f82b4        4     1                 g_user_name
220f82b8 220f82b8        4     4         ./src/bsp_wifi_esp8266.o:(.bss.g_user_password)
220f82b8 220f82b8        4     1                 g_user_password
220f82bc 220f82bc        4     4         ./src/cJSON.o:(.bss.ep)
220f82bc 220f82bc        4     1                 ep
220f82c0 220f82c0        1     4         ./src/servo.o:(.bss.g_servo.0)
220f82c0 220f82c0        1     1                 g_servo.0
220f82c1 220f82c1        1     1         ./src/servo.o:(.bss.g_servo.1)
220f82c1 220f82c1        1     1                 g_servo.1
220f82c2 220f82c2        1     1         ./src/uart.o:(.bss.uart_send_complete_flag)
220f82c2 220f82c2        1     1                 uart_send_complete_flag
220f82c4 220f82c4      25c     2         ./src/uart.o:(.bss.Circular_queue)
220f82c4 220f82c4      25c     1                 Circular_queue
220f8520 220f8520        1     1         ./src/uart_thread_entry.o:(.bss.beep_active)
220f8520 220f8520        1     1                 beep_active
220f8524 220f8524        4     4         ./src/uart_thread_entry.o:(.bss.beep_timer)
220f8524 220f8524        4     1                 beep_timer
220f8528 220f8528        1     1         ./src/uart_thread_entry.o:(.bss.led_blink)
220f8528 220f8528        1     1                 led_blink
220f852c 220f852c        4     4         ./src/uart_thread_entry.o:(.bss.led_timer)
220f852c 220f852c        4     1                 led_timer
220f8530 220f8530        1     1         ./src/uart_thread_entry.o:(.bss.led_state)
220f8530 220f8530        1     1                 led_state
220f8531 220f8531        1     1         ./src/uart_thread_entry.o:(.bss.crack_detecting)
220f8531 220f8531        1     1                 crack_detecting
220f8534 220f8534        4     4         ./ra_gen/Cloud_thread.o:(.bss.Cloud_thread)
220f8534 220f8534        4     1                 Cloud_thread
220f8538 220f8538        4     4         ./ra_gen/IPC_thread.o:(.bss.IPC_thread)
220f8538 220f8538        4     1                 IPC_thread
220f853c 220f853c        4     4         ./ra_gen/Wifi_thread.o:(.bss.Wifi_thread)
220f853c 220f853c        4     1                 Wifi_thread
220f8540 220f8540        8     4         ./ra_gen/common_data.o:(.bss.g_ioport_ctrl)
220f8540 220f8540        8     1                 g_ioport_ctrl
220f8548 220f8548       20     4         ./ra_gen/hal_data.o:(.bss.g_timer5_ctrl)
220f8548 220f8548       20     1                 g_timer5_ctrl
220f8568 220f8568       1c     4         ./ra_gen/hal_data.o:(.bss.g_ipc0_ctrl)
220f8568 220f8568       1c     1                 g_ipc0_ctrl
220f8584 220f8584       34     4         ./ra_gen/hal_data.o:(.bss.g_uart0_ctrl)
220f8584 220f8584       34     1                 g_uart0_ctrl
220f85b8 220f85b8       20     4         ./ra_gen/hal_data.o:(.bss.g_timer2_ctrl)
220f85b8 220f85b8       20     1                 g_timer2_ctrl
220f85d8 220f85d8       20     4         ./ra_gen/hal_data.o:(.bss.g_timer1_ctrl)
220f85d8 220f85d8       20     1                 g_timer1_ctrl
220f85f8 220f85f8       34     4         ./ra_gen/hal_data.o:(.bss.g_uart6_ctrl)
220f85f8 220f85f8       34     1                 g_uart6_ctrl
220f862c 220f862c       34     4         ./ra_gen/hal_data.o:(.bss.g_uart9_ctrl)
220f862c 220f862c       34     1                 g_uart9_ctrl
220f8660 220f8660        4     4         ./ra_gen/main.o:(.bss.g_fsp_common_initialized_semaphore)
220f8660 220f8660        4     1                 g_fsp_common_initialized_semaphore
220f8664 220f8664        1     1         ./ra_gen/main.o:(.bss.g_fsp_common_initialized)
220f8664 220f8664        1     1                 g_fsp_common_initialized
220f8668 220f8668        4     4         ./ra_gen/main.o:(.bss.g_fsp_common_thread_count)
220f8668 220f8668        4     1                 g_fsp_common_thread_count
220f866c 220f866c       48     4         ./ra_gen/main.o:(.bss.g_fsp_common_initialized_semaphore_memory)
220f866c 220f866c       48     1                 g_fsp_common_initialized_semaphore_memory
220f86b4 220f86b4       60     4         ./ra_gen/main.o:(.bss.vApplicationGetIdleTaskMemory.xIdleTaskTCB)
220f86b4 220f86b4       60     1                 vApplicationGetIdleTaskMemory.xIdleTaskTCB
220f8714 220f8714      200     4         ./ra_gen/main.o:(.bss.vApplicationGetIdleTaskMemory.uxIdleTaskStack)
220f8714 220f8714      200     1                 vApplicationGetIdleTaskMemory.uxIdleTaskStack
220f8914 220f8914       60     4         ./ra_gen/main.o:(.bss.vApplicationGetTimerTaskMemory.xTimerTaskTCB)
220f8914 220f8914       60     1                 vApplicationGetTimerTaskMemory.xTimerTaskTCB
220f8974 220f8974      200     4         ./ra_gen/main.o:(.bss.vApplicationGetTimerTaskMemory.uxTimerTaskStack)
220f8974 220f8974      200     1                 vApplicationGetTimerTaskMemory.uxTimerTaskStack
220f8b74 220f8b74        4     4         ./ra_gen/servo_thread.o:(.bss.servo_thread)
220f8b74 220f8b74        4     1                 servo_thread
220f8b78 220f8b78        4     4         ./ra_gen/uart_thread.o:(.bss.uart_thread)
220f8b78 220f8b78        4     1                 uart_thread
220f8b7c 220f8b7c        4     4         ./ra/fsp/src/rm_freertos_port/port.o:(.bss.uxCriticalNesting)
220f8b7c 220f8b7c        4     1                 uxCriticalNesting
220f8b80 220f8b80        4     4         ./ra/fsp/src/rm_freertos_port/port.o:(.bss.g_mask_level_before_disable)
220f8b80 220f8b80        4     1                 g_mask_level_before_disable
220f8b84 220f8b84       54     4         ./ra/fsp/src/bsp/mcu/all/bsp_group_irq.o:(.bss.g_bsp_group_irq_sources)
220f8b84 220f8b84       54     1                 g_bsp_group_irq_sources
220f8bd8 220f8bd8        4     4         ./ra/fsp/src/bsp/mcu/all/bsp_io.o:(.bss.g_protect_pfswe_counter)
220f8bd8 220f8bd8        4     1                 g_protect_pfswe_counter
220f8bdc 220f8bdc       40     4         ./ra/fsp/src/bsp/mcu/all/bsp_irq.o:(.bss.gp_renesas_isr_context)
220f8bdc 220f8bdc       40     1                 gp_renesas_isr_context
220f8c1c 220f8c1c        a     2         ./ra/fsp/src/bsp/mcu/all/bsp_register_protection.o:(.bss.g_protect_counters)
220f8c1c 220f8c1c        a     1                 g_protect_counters
220f8c28 220f8c28        4     4         ./ra/fsp/src/bsp/mcu/all/bsp_sbrk.o:(.bss.sbrk.current_block_offset)
220f8c28 220f8c28        4     1                 sbrk.current_block_offset
220f8c2c 220f8c2c        4     4         ./ra/fsp/src/bsp/cmsis/Device/RENESAS/Source/system.o:(.bss.SystemCoreClock)
220f8c2c 220f8c2c        4     1                 SystemCoreClock
220f8c30 220f8c30        4     4         ./ra/aws/FreeRTOS/FreeRTOS/Source/portable/MemMang/heap_4.o:(.bss.pxEnd)
220f8c30 220f8c30        4     1                 pxEnd
220f8c34 220f8c34        4     4         ./ra/aws/FreeRTOS/FreeRTOS/Source/portable/MemMang/heap_4.o:(.bss.xFreeBytesRemaining)
220f8c34 220f8c34        4     1                 xFreeBytesRemaining
220f8c38 220f8c38        8     4         ./ra/aws/FreeRTOS/FreeRTOS/Source/portable/MemMang/heap_4.o:(.bss.xStart)
220f8c38 220f8c38        8     1                 xStart
220f8c40 220f8c40    a0000     1         ./ra/aws/FreeRTOS/FreeRTOS/Source/portable/MemMang/heap_4.o:(.bss.ucHeap)
220f8c40 220f8c40    a0000     1                 ucHeap
22198c40 22198c40        4     4         ./ra/aws/FreeRTOS/FreeRTOS/Source/portable/MemMang/heap_4.o:(.bss.xMinimumEverFreeBytesRemaining)
22198c40 22198c40        4     1                 xMinimumEverFreeBytesRemaining
22198c44 22198c44        4     4         ./ra/aws/FreeRTOS/FreeRTOS/Source/portable/MemMang/heap_4.o:(.bss.xNumberOfSuccessfulAllocations)
22198c44 22198c44        4     1                 xNumberOfSuccessfulAllocations
22198c48 22198c48        4     4         ./ra/aws/FreeRTOS/FreeRTOS/Source/portable/MemMang/heap_4.o:(.bss.xNumberOfSuccessfulFrees)
22198c48 22198c48        4     1                 xNumberOfSuccessfulFrees
22198c4c 22198c4c       50     4         ./ra/aws/FreeRTOS/FreeRTOS/Source/queue.o:(.bss.xQueueRegistry)
22198c4c 22198c4c       50     1                 xQueueRegistry
22198c9c 22198c9c        4     4         ./ra/aws/FreeRTOS/FreeRTOS/Source/tasks.o:(.bss.pxCurrentTCB)
22198c9c 22198c9c        4     1                 pxCurrentTCB
22198ca0 22198ca0        4     4         ./ra/aws/FreeRTOS/FreeRTOS/Source/tasks.o:(.bss.uxTaskNumber)
22198ca0 22198ca0        4     1                 uxTaskNumber
22198ca4 22198ca4        4     4         ./ra/aws/FreeRTOS/FreeRTOS/Source/tasks.o:(.bss.xSchedulerRunning)
22198ca4 22198ca4        4     1                 xSchedulerRunning
22198ca8 22198ca8       14     4         ./ra/aws/FreeRTOS/FreeRTOS/Source/tasks.o:(.bss.xTasksWaitingTermination)
22198ca8 22198ca8       14     1                 xTasksWaitingTermination
22198cbc 22198cbc        4     4         ./ra/aws/FreeRTOS/FreeRTOS/Source/tasks.o:(.bss.uxDeletedTasksWaitingCleanUp)
22198cbc 22198cbc        4     1                 uxDeletedTasksWaitingCleanUp
22198cc0 22198cc0        4     4         ./ra/aws/FreeRTOS/FreeRTOS/Source/tasks.o:(.bss.uxCurrentNumberOfTasks)
22198cc0 22198cc0        4     1                 uxCurrentNumberOfTasks
22198cc4 22198cc4        4     4         ./ra/aws/FreeRTOS/FreeRTOS/Source/tasks.o:(.bss.uxSchedulerSuspended)
22198cc4 22198cc4        4     1                 uxSchedulerSuspended
22198cc8 22198cc8        4     4         ./ra/aws/FreeRTOS/FreeRTOS/Source/tasks.o:(.bss.xTickCount)
22198cc8 22198cc8        4     1                 xTickCount
22198ccc 22198ccc       64     4         ./ra/aws/FreeRTOS/FreeRTOS/Source/tasks.o:(.bss.pxReadyTasksLists)
22198ccc 22198ccc       64     1                 pxReadyTasksLists
22198d30 22198d30        4     4         ./ra/aws/FreeRTOS/FreeRTOS/Source/tasks.o:(.bss.uxTopReadyPriority)
22198d30 22198d30        4     1                 uxTopReadyPriority
22198d34 22198d34       14     4         ./ra/aws/FreeRTOS/FreeRTOS/Source/tasks.o:(.bss.xSuspendedTaskList)
22198d34 22198d34       14     1                 xSuspendedTaskList
22198d48 22198d48        4     4         ./ra/aws/FreeRTOS/FreeRTOS/Source/tasks.o:(.bss.xYieldPendings)
22198d48 22198d48        4     1                 xYieldPendings
22198d4c 22198d4c       14     4         ./ra/aws/FreeRTOS/FreeRTOS/Source/tasks.o:(.bss.xPendingReadyList)
22198d4c 22198d4c       14     1                 xPendingReadyList
22198d60 22198d60        4     4         ./ra/aws/FreeRTOS/FreeRTOS/Source/tasks.o:(.bss.xNextTaskUnblockTime)
22198d60 22198d60        4     1                 xNextTaskUnblockTime
22198d64 22198d64        4     4         ./ra/aws/FreeRTOS/FreeRTOS/Source/tasks.o:(.bss.xIdleTaskHandles.0)
22198d64 22198d64        4     1                 xIdleTaskHandles.0
22198d68 22198d68        4     4         ./ra/aws/FreeRTOS/FreeRTOS/Source/tasks.o:(.bss.xPendedTicks)
22198d68 22198d68        4     1                 xPendedTicks
22198d6c 22198d6c        4     4         ./ra/aws/FreeRTOS/FreeRTOS/Source/tasks.o:(.bss.pxDelayedTaskList)
22198d6c 22198d6c        4     1                 pxDelayedTaskList
22198d70 22198d70        4     4         ./ra/aws/FreeRTOS/FreeRTOS/Source/tasks.o:(.bss.pxOverflowDelayedTaskList)
22198d70 22198d70        4     1                 pxOverflowDelayedTaskList
22198d74 22198d74        4     4         ./ra/aws/FreeRTOS/FreeRTOS/Source/tasks.o:(.bss.xNumOfOverflows)
22198d74 22198d74        4     1                 xNumOfOverflows
22198d78 22198d78       14     4         ./ra/aws/FreeRTOS/FreeRTOS/Source/tasks.o:(.bss.xDelayedTaskList1)
22198d78 22198d78       14     1                 xDelayedTaskList1
22198d8c 22198d8c       14     4         ./ra/aws/FreeRTOS/FreeRTOS/Source/tasks.o:(.bss.xDelayedTaskList2)
22198d8c 22198d8c       14     1                 xDelayedTaskList2
22198da0 22198da0        4     4         ./ra/aws/FreeRTOS/FreeRTOS/Source/timers.o:(.bss.xTimerQueue)
22198da0 22198da0        4     1                 xTimerQueue
22198da4 22198da4        4     4         ./ra/aws/FreeRTOS/FreeRTOS/Source/timers.o:(.bss.xTimerTaskHandle)
22198da4 22198da4        4     1                 xTimerTaskHandle
22198da8 22198da8        4     4         ./ra/aws/FreeRTOS/FreeRTOS/Source/timers.o:(.bss.pxCurrentTimerList)
22198da8 22198da8        4     1                 pxCurrentTimerList
22198dac 22198dac        4     4         ./ra/aws/FreeRTOS/FreeRTOS/Source/timers.o:(.bss.pxOverflowTimerList)
22198dac 22198dac        4     1                 pxOverflowTimerList
22198db0 22198db0        4     4         ./ra/aws/FreeRTOS/FreeRTOS/Source/timers.o:(.bss.prvSampleTimeNow.xLastTime)
22198db0 22198db0        4     1                 prvSampleTimeNow.xLastTime
22198db4 22198db4       14     4         ./ra/aws/FreeRTOS/FreeRTOS/Source/timers.o:(.bss.xActiveTimerList1)
22198db4 22198db4       14     1                 xActiveTimerList1
22198dc8 22198dc8       14     4         ./ra/aws/FreeRTOS/FreeRTOS/Source/timers.o:(.bss.xActiveTimerList2)
22198dc8 22198dc8       14     1                 xActiveTimerList2
22198ddc 22198ddc       48     4         ./ra/aws/FreeRTOS/FreeRTOS/Source/timers.o:(.bss.prvCheckForValidListAndQueue.xStaticTimerQueue)
22198ddc 22198ddc       48     1                 prvCheckForValidListAndQueue.xStaticTimerQueue
22198e24 22198e24       78     1         ./ra/aws/FreeRTOS/FreeRTOS/Source/timers.o:(.bss.prvCheckForValidListAndQueue.ucStaticTimerQueueStorage)
22198e24 22198e24       78     1                 prvCheckForValidListAndQueue.ucStaticTimerQueueStorage
22198e9c 22198e9c        4     4         E:\e2studio\toolchains\llvm_arm\ATfE-21.1.1-Windows-x86_64\bin\..\lib\clang-runtimes/arm-none-eabi/armv8m.main_hard_fp_exn_rtti_unaligned_size\lib\libc.a(nano-malloc.c.o):(.bss.__malloc_free_list)
22198e9c 22198e9c        4     1                 __malloc_free_list
22198ea0 22198ea0        8     4         E:\e2studio\toolchains\llvm_arm\ATfE-21.1.1-Windows-x86_64\bin\..\lib\clang-runtimes/arm-none-eabi/armv8m.main_hard_fp_exn_rtti_unaligned_size\lib\libc.a(nano-malloc.c.o):(.bss..L_MergedGlobals)
22198ea0 22198ea0        4     1                 __malloc_sbrk_top
22198ea4 22198ea4        4     1                 __malloc_sbrk_start
22198ea8 22198ea8        1     1         E:\e2studio\toolchains\llvm_arm\ATfE-21.1.1-Windows-x86_64\bin\..\lib\clang-runtimes/arm-none-eabi/armv8m.main_hard_fp_exn_rtti_unaligned_size\lib\libc.a(libc_misc_lock.c.o):(.bss.__lock___libc_recursive_mutex)
22198ea8 22198ea8        1     1                 __lock___libc_recursive_mutex
22198eac 22198eac        4     4         E:\e2studio\toolchains\llvm_arm\ATfE-21.1.1-Windows-x86_64\bin\..\lib\clang-runtimes/arm-none-eabi/armv8m.main_hard_fp_exn_rtti_unaligned_size\lib\libc.a(libc_picolib_machine_arm_tls.c.o):(.bss.__tls)
22198eac 22198eac        4     1                 __tls
22198eb0 22198eb0        0     1         __ram_zero$$Limit = .
22198eb0 22198eb0        0     1 __ram_tdata$$
22198eb0 22198eb0        0     1         __ram_tdata$$Base = .
22198eb0 22198eb0        0     1         __ram_tdata$$Load = LOADADDR(__ram_tdata$$)
22198eb0 22198eb0        0     1         __ram_tdata$$Limit = .
22198eb0 22198eb0        4     4 __ram_tbss$$
22198eb0 22198eb0        0     1         __ram_tbss$$Base = .
22198eb0 22198eb0        4     4         E:\e2studio\toolchains\llvm_arm\ATfE-21.1.1-Windows-x86_64\bin\..\lib\clang-runtimes/arm-none-eabi/armv8m.main_hard_fp_exn_rtti_unaligned_size\lib\libc.a(libc_errno_errno.c.o):(.tbss.errno)
       0        0        4     1                 errno
22198eb4 22198eb4        0     1         __ram_tbss$$Limit = .
22198eb8 22198eb8        0     1 __ram_thread_stack$$
22198eb8 22198eb8        0     1         __ram_thread_stack$$Base = .
22198eb8 22198eb8        0     1         __ram_thread_stack$$Limit = .
22199000 22199000        0     1 .ram.endof
22199000 22199000        0     1         __ddsc_RAM_END = .
22199000 22199000        0     1 .ram.flat_nsc
22199000 22199000        0     1         __ddsc_RAM_NSC = .
 20800a0  20800a0     c9ae    16 __flash_readonly$$
 20800a0  20800a0        0     1         __flash_readonly$$Base = .
 20800a0  20800a0       2a     2         ./src/Cloud.o:(.text.Cloud_X_Move_speed)
 20800a0  20800a0        0     1                 $t
 20800a1  20800a1       2a     1                 Cloud_X_Move_speed
 20800ca  20800ca       2a     2         ./src/Cloud.o:(.text.Cloud_Y_Move_speed)
 20800ca  20800ca        0     1                 $t
 20800cb  20800cb       2a     1                 Cloud_Y_Move_speed
 20800f4  20800f4       86     2         ./src/Cloud.o:(.text.Cloud_Calculate_Sync)
 20800f4  20800f4        0     1                 $t
 20800f5  20800f5       86     1                 Cloud_Calculate_Sync
 208017c  208017c       aa     4         ./src/Cloud.o:(.text.Cloud_XY_synMove_position)
 208017c  208017c        0     1                 $t
 208017d  208017d       aa     1                 Cloud_XY_synMove_position
 2080226  2080226        a     2         ./src/Cloud.o:(.text.synmove_to_point)
 2080226  2080226        0     1                 $t
 2080227  2080227        a     1                 synmove_to_point
 2080230  2080230      110     4         ./src/Cloud_thread_entry.o:(.text.Cloud_thread_entry)
 2080230  2080230        0     1                 $t
 2080231  2080231      110     1                 Cloud_thread_entry
 20802a0  20802a0        0     1                 $d
 20802aa  20802aa        0     1                 $t
 2080340  2080340       30     2         ./src/GPIO.o:(.text.GPIO_DirectionInit)
 2080340  2080340        0     1                 $t
 2080341  2080341       30     1                 GPIO_DirectionInit
 2080370  2080370       30     2         ./src/GPIO.o:(.text.GPIO_SetXDirection)
 2080370  2080370        0     1                 $t
 2080371  2080371       30     1                 GPIO_SetXDirection
 20803a0  20803a0       30     2         ./src/GPIO.o:(.text.GPIO_SetYDirection)
 20803a0  20803a0        0     1                 $t
 20803a1  20803a1       30     1                 GPIO_SetYDirection
 20803d0  20803d0       5a     4         ./src/IPC_thread_entry.o:(.text.IPC_Register_Queue)
 20803d0  20803d0        0     1                 $t
 20803d1  20803d1       5a     1                 IPC_Register_Queue
 208042c  208042c       6e     4         ./src/IPC_thread_entry.o:(.text.g_ipc0_Callback)
 208042c  208042c        0     1                 $t
 208042d  208042d       6e     1                 g_ipc0_Callback
 208049c  208049c       90     4         ./src/IPC_thread_entry.o:(.text.IPC_thread_entry)
 208049c  208049c        0     1                 $t
 208049d  208049d       90     1                 IPC_thread_entry
 208052c  208052c       3e     2         ./src/PULSE.o:(.text.PULSE_Init)
 208052c  208052c        0     1                 $t
 208052d  208052d       3e     1                 PULSE_Init
 2080570  2080570       70     8         ./src/PULSE.o:(.text.PULSE_SetXAxisPulse)
 2080570  2080570        0     1                 $t
 2080571  2080571       70     1                 PULSE_SetXAxisPulse
 20805d0  20805d0        0     1                 $d
 20805e0  20805e0       70     8         ./src/PULSE.o:(.text.PULSE_SetYAxisPulse)
 20805e0  20805e0        0     1                 $t
 20805e1  20805e1       70     1                 PULSE_SetYAxisPulse
 2080640  2080640        0     1                 $d
 2080650  2080650       46     2         ./src/PULSE.o:(.text.g_timer1_Callback)
 2080650  2080650        0     1                 $t
 2080651  2080651       46     1                 g_timer1_Callback
 2080696  2080696       46     2         ./src/PULSE.o:(.text.g_timer2_Callback)
 2080696  2080696        0     1                 $t
 2080697  2080697       46     1                 g_timer2_Callback
 20806dc  20806dc       28     2         ./src/PULSE.o:(.text.PULSE_GetFlag)
 20806dc  20806dc        0     1                 $t
 20806dd  20806dd       28     1                 PULSE_GetFlag
 2080704  2080704       42     2         ./src/PULSE.o:(.text.PULSE_Stop)
 2080704  2080704        0     1                 $t
 2080705  2080705       42     1                 PULSE_Stop
 2080748  2080748      24e     4         ./src/Wifi_thread_entry.o:(.text.Wifi_thread_entry)
 2080748  2080748        0     1                 $t
 2080749  2080749      24e     1                 Wifi_thread_entry
 2080996  2080996       74     2         ./src/Wifi_thread_entry.o:(.text.MQTT_Report_Data)
 2080996  2080996        0     1                 $t
 2080997  2080997       74     1                 MQTT_Report_Data
 2080a0c  2080a0c        2     4         ./src/bsp_debug_uart.o:(.text.vApplicationMallocFailedHook)
 2080a0c  2080a0c        0     1                 $t
 2080a0d  2080a0d        2     1                 vApplicationMallocFailedHook
 2080a0e  2080a0e       38     2         ./src/bsp_debug_uart.o:(.text.Debug_UART9_Init)
 2080a0e  2080a0e        0     1                 $t
 2080a0f  2080a0f       38     1                 Debug_UART9_Init
 2080a46  2080a46       30     2         ./src/bsp_debug_uart.o:(.text.g_uart9_Callback)
 2080a46  2080a46        0     1                 $t
 2080a47  2080a47       30     1                 g_uart9_Callback
 2080a78  2080a78       52     4         ./src/bsp_debug_uart.o:(.text.Debug_Print)
 2080a78  2080a78        0     1                 $t
 2080a79  2080a79       52     1                 Debug_Print
 2080aca  2080aca       40     2         ./src/bsp_wifi_esp8266.o:(.text.g_uart6_Callback)
 2080aca  2080aca        0     1                 $t
 2080acb  2080acb       40     1                 g_uart6_Callback
 2080b0c  2080b0c      28c     4         ./src/bsp_wifi_esp8266.o:(.text.ESP8266_MQTT_Test)
 2080b0c  2080b0c        0     1                 $t
 2080b0d  2080b0d      28c     1                 ESP8266_MQTT_Test
 2080d98  2080d98       2e     4         ./src/bsp_wifi_esp8266.o:(.text.ESP8266_AT_Send)
 2080d98  2080d98        0     1                 $t
 2080d99  2080d99       2e     1                 ESP8266_AT_Send
 2080dc8  2080dc8       de     4         ./src/bsp_wifi_esp8266.o:(.text.ESP8266_STA)
 2080dc8  2080dc8        0     1                 $t
 2080dc9  2080dc9       de     1                 ESP8266_STA
 2080ea8  2080ea8      1fc     4         ./src/bsp_wifi_esp8266.o:(.text.ESP8266_STA_JoinAP)
 2080ea8  2080ea8        0     1                 $t
 2080ea9  2080ea9      1fc     1                 ESP8266_STA_JoinAP
 20810a4  20810a4       80     2         ./src/bsp_wifi_esp8266.o:(.text.MQTT_SetUserProperty)
 20810a4  20810a4        0     1                 $t
 20810a5  20810a5       80     1                 MQTT_SetUserProperty
 2081124  2081124      3d8     4         ./src/bsp_wifi_esp8266.o:(.text.Connect_MQTT)
 2081124  2081124        0     1                 $t
 2081125  2081125      3d8     1                 Connect_MQTT
 20814fc  20814fc       f0     2         ./src/bsp_wifi_esp8266.o:(.text.Subscribes_Topics)
 20814fc  20814fc        0     1                 $t
 20814fd  20814fd       f0     1                 Subscribes_Topics
 20815ec  20815ec       be     4         ./src/bsp_wifi_esp8266.o:(.text.Generate_MQTT_Data_Multiple)
 20815ec  20815ec        0     1                 $t
 20815ed  20815ed       be     1                 Generate_MQTT_Data_Multiple
 20816ac  20816ac      148     4         ./src/bsp_wifi_esp8266.o:(.text.Send_Data)
 20816ac  20816ac        0     1                 $t
 20816ad  20816ad      148     1                 Send_Data
 20817f4  20817f4       38     2         ./src/bsp_wifi_esp8266.o:(.text.ESP8266_UART6_Init)
 20817f4  20817f4        0     1                 $t
 20817f5  20817f5       38     1                 ESP8266_UART6_Init
 208182c  208182c       94     4         ./src/bsp_wifi_esp8266.o:(.text.ESP8266_Rst)
 208182c  208182c        0     1                 $t
 208182d  208182d       94     1                 ESP8266_Rst
 20818c0  20818c0       94     2         ./src/bsp_wifi_esp8266.o:(.text.Check_MQTT_Connection)
 20818c0  20818c0        0     1                 $t
 20818c1  20818c1       94     1                 Check_MQTT_Connection
 2081954  2081954       dc     4         ./src/bsp_wifi_esp8266.o:(.text.Receive_MQTT_Message)
 2081954  2081954        0     1                 $t
 2081955  2081955       dc     1                 Receive_MQTT_Message
 2081a30  2081a30       1c     2         ./src/buzzer.o:(.text.Buzzer_On)
 2081a30  2081a30        0     1                 $t
 2081a31  2081a31       1c     1                 Buzzer_On
 2081a4c  2081a4c       1c     2         ./src/buzzer.o:(.text.Buzzer_Off)
 2081a4c  2081a4c        0     1                 $t
 2081a4d  2081a4d       1c     1                 Buzzer_Off
 2081a68  2081a68       34     2         ./src/buzzer.o:(.text.Buzzer_Init)
 2081a68  2081a68        0     1                 $t
 2081a69  2081a69       34     1                 Buzzer_Init
 2081a9c  2081a9c       4e     4         ./src/cJSON.o:(.text.cJSON_Delete)
 2081a9c  2081a9c        0     1                 $t
 2081a9d  2081a9d       4e     1                 cJSON_Delete
 2081aec  2081aec       86     4         ./src/cJSON.o:(.text.cJSON_ParseWithOpts)
 2081aec  2081aec        0     1                 $t
 2081aed  2081aed       86     1                 cJSON_ParseWithOpts
 2081b78  2081b78      2a0     8         ./src/cJSON.o:(.text.parse_value)
 2081b78  2081b78        0     1                 $t
 2081b79  2081b79      2a0     1                 parse_value
 2081e00  2081e00        0     1                 $d
 2081e18  2081e18        8     2         ./src/cJSON.o:(.text.cJSON_Parse)
 2081e18  2081e18        0     1                 $t
 2081e19  2081e19        8     1                 cJSON_Parse
 2081e20  2081e20       1c     4         ./src/cJSON.o:(.text.cJSON_GetObjectItem)
 2081e20  2081e20        0     1                 $t
 2081e21  2081e21       1c     1                 cJSON_GetObjectItem
 2081e3c  2081e3c       5c     4         ./src/cJSON.o:(.text.cJSON_strcasecmp)
 2081e3c  2081e3c        0     1                 $t
 2081e3d  2081e3d       5c     1                 cJSON_strcasecmp
 2081e98  2081e98      17e     4         ./src/cJSON.o:(.text.parse_string)
 2081e98  2081e98        0     1                 $t
 2081e99  2081e99      17e     1                 parse_string
 2081f22  2081f22        0     1                 $d
 2081f2a  2081f2a        0     1                 $t
 2082018  2082018       cc     4         ./src/cJSON.o:(.text.parse_array)
 2082018  2082018        0     1                 $t
 2082019  2082019       cc     1                 parse_array
 20820e4  20820e4      12e     4         ./src/cJSON.o:(.text.parse_object)
 20820e4  20820e4        0     1                 $t
 20820e5  20820e5      12e     1                 parse_object
 2082212  2082212       c4     2         ./src/cJSON.o:(.text.parse_hex4)
 2082212  2082212        0     1                 $t
 2082213  2082213       c4     1                 parse_hex4
 20822d6  20822d6       1a     2         ./src/hal_warmstart.o:(.text.R_BSP_WarmStart)
 20822d6  20822d6        0     1                 $t
 20822d7  20822d7       1a     1                 R_BSP_WarmStart
 20822f0  20822f0       1c     2         ./src/led.o:(.text.LED_Off)
 20822f0  20822f0        0     1                 $t
 20822f1  20822f1       1c     1                 LED_Off
 208230c  208230c       1c     2         ./src/led.o:(.text.LED_On)
 208230c  208230c        0     1                 $t
 208230d  208230d       1c     1                 LED_On
 2082328  2082328       4a     2         ./src/servo.o:(.text.servo_init)
 2082328  2082328        0     1                 $t
 2082329  2082329       4a     1                 servo_init
 2082372  2082372        e     2         ./src/servo.o:(.text.servo_start)
 2082372  2082372        0     1                 $t
 2082373  2082373        e     1                 servo_start
 2082380  2082380       2e     2         ./src/servo.o:(.text.servo_stop)
 2082380  2082380        0     1                 $t
 2082381  2082381       2e     1                 servo_stop
 20823ae  20823ae       56     2         ./src/servo.o:(.text.servo_process)
 20823ae  20823ae        0     1                 $t
 20823af  20823af       56     1                 servo_process
 2082404  2082404       8c     4         ./src/servo_thread_entry.o:(.text.servo_thread_entry)
 2082404  2082404        0     1                 $t
 2082405  2082405       8c     1                 servo_thread_entry
 2082490  2082490       14     2         ./src/uart.o:(.text.UART_Init)
 2082490  2082490        0     1                 $t
 2082491  2082491       14     1                 UART_Init
 20824a4  20824a4       74     4         ./src/uart.o:(.text.Queue_Wirte)
 20824a4  20824a4        0     1                 $t
 20824a5  20824a5       74     1                 Queue_Wirte
 2082518  2082518       74     4         ./src/uart.o:(.text.Queue_Read)
 2082518  2082518        0     1                 $t
 2082519  2082519       74     1                 Queue_Read
 208258c  208258c       78     2         ./src/uart.o:(.text.g_uart0_Callback)
 208258c  208258c        0     1                 $t
 208258d  208258d       78     1                 g_uart0_Callback
 2082604  2082604       fa     4         ./src/uart.o:(.text.UART_ProcessPacket)
 2082604  2082604        0     1                 $t
 2082605  2082605       fa     1                 UART_ProcessPacket
 2082700  2082700       4e     4         ./src/uart.o:(.text.UART0_Send_FF)
 2082700  2082700        0     1                 $t
 2082701  2082701       4e     1                 UART0_Send_FF
 2082750  2082750      134     4         ./src/uart_thread_entry.o:(.text.uart_thread_entry)
 2082750  2082750        0     1                 $t
 2082751  2082751      134     1                 uart_thread_entry
 2082884  2082884       56     2         ./ra_gen/Cloud_thread.o:(.text.Cloud_thread_create)
 2082884  2082884        0     1                 $t
 2082885  2082885       56     1                 Cloud_thread_create
 20828da  20828da       12     2         ./ra_gen/Cloud_thread.o:(.text.Cloud_thread_func)
 20828da  20828da        0     1                 $t
 20828db  20828db       12     1                 Cloud_thread_func
 20828ec  20828ec       56     2         ./ra_gen/IPC_thread.o:(.text.IPC_thread_create)
 20828ec  20828ec        0     1                 $t
 20828ed  20828ed       56     1                 IPC_thread_create
 2082942  2082942       12     2         ./ra_gen/IPC_thread.o:(.text.IPC_thread_func)
 2082942  2082942        0     1                 $t
 2082943  2082943       12     1                 IPC_thread_func
 2082954  2082954       56     2         ./ra_gen/Wifi_thread.o:(.text.Wifi_thread_create)
 2082954  2082954        0     1                 $t
 2082955  2082955       56     1                 Wifi_thread_create
 20829aa  20829aa       12     2         ./ra_gen/Wifi_thread.o:(.text.Wifi_thread_func)
 20829aa  20829aa        0     1                 $t
 20829ab  20829ab       12     1                 Wifi_thread_func
 20829bc  20829bc        2     2         ./ra_gen/common_data.o:(.text.g_common_init)
 20829bc  20829bc        0     1                 $t
 20829bd  20829bd        2     1                 g_common_init
 20829be  20829be        4     2         ./ra_gen/hal_data.o:(.text.g_hal_init)
 20829be  20829be        0     1                 $t
 20829bf  20829bf        4     1                 g_hal_init
 20829c2  20829c2        4     2         ./ra_gen/main.o:(.text.rtos_startup_err_callback_internal)
 20829c2  20829c2        0     1                 $t
 20829c3  20829c3        4     1                 rtos_startup_err_callback_internal
 20829c3  20829c3        4     1                 rtos_startup_err_callback
 20829c8  20829c8       62     4         ./ra_gen/main.o:(.text.rtos_startup_common_init)
 20829c8  20829c8        0     1                 $t
 20829c9  20829c9       62     1                 rtos_startup_common_init
 2082a2a  2082a2a       5a     2         ./ra_gen/main.o:(.text.main)
 2082a2a  2082a2a        0     1                 $t
 2082a2b  2082a2b       5a     1                 main
 2082a84  2082a84       1a     2         ./ra_gen/main.o:(.text.vApplicationGetIdleTaskMemory)
 2082a84  2082a84        0     1                 $t
 2082a85  2082a85       1a     1                 vApplicationGetIdleTaskMemory
 2082a9e  2082a9e       1a     2         ./ra_gen/main.o:(.text.vApplicationGetTimerTaskMemory)
 2082a9e  2082a9e        0     1                 $t
 2082a9f  2082a9f       1a     1                 vApplicationGetTimerTaskMemory
 2082ab8  2082ab8       56     2         ./ra_gen/servo_thread.o:(.text.servo_thread_create)
 2082ab8  2082ab8        0     1                 $t
 2082ab9  2082ab9       56     1                 servo_thread_create
 2082b0e  2082b0e       12     2         ./ra_gen/servo_thread.o:(.text.servo_thread_func)
 2082b0e  2082b0e        0     1                 $t
 2082b0f  2082b0f       12     1                 servo_thread_func
 2082b20  2082b20       56     2         ./ra_gen/uart_thread.o:(.text.uart_thread_create)
 2082b20  2082b20        0     1                 $t
 2082b21  2082b21       56     1                 uart_thread_create
 2082b76  2082b76       12     2         ./ra_gen/uart_thread.o:(.text.uart_thread_func)
 2082b76  2082b76        0     1                 $t
 2082b77  2082b77       12     1                 uart_thread_func
 2082b88  2082b88       18     4         ./ra/fsp/src/rm_freertos_port/port.o:(.text.SVC_Handler)
 2082b88  2082b88        0     1                 $t
 2082b89  2082b89       12     1                 SVC_Handler
 2082b9c  2082b9c        0     1                 $d
 2082ba0  2082ba0       44     4         ./ra/fsp/src/rm_freertos_port/port.o:(.text.PendSV_Handler)
 2082ba0  2082ba0        0     1                 $t
 2082ba1  2082ba1       40     1                 PendSV_Handler
 2082be0  2082be0        0     1                 $d
 2082be4  2082be4       24     4         ./ra/fsp/src/rm_freertos_port/port.o:(.text.rm_freertos_port_restore_task_stackless)
 2082be4  2082be4        0     1                 $t
 2082be5  2082be5       20     1                 rm_freertos_port_restore_task_stackless
 2082bfe  2082bfe        0     1                 _skip_restore_ns_context
 2082c04  2082c04        0     1                 $d
 2082c08  2082c08       26     2         ./ra/fsp/src/rm_freertos_port/port.o:(.text.SysTick_Handler)
 2082c08  2082c08        0     1                 $t
 2082c09  2082c09       26     1                 SysTick_Handler
 2082c2e  2082c2e       36     2         ./ra/fsp/src/rm_freertos_port/port.o:(.text.vPortSVCHandler_C)
 2082c2e  2082c2e        0     1                 $t
 2082c2f  2082c2f       36     1                 vPortSVCHandler_C
 2082c64  2082c64       28     2         ./ra/fsp/src/rm_freertos_port/port.o:(.text.pxPortInitialiseStack)
 2082c64  2082c64        0     1                 $t
 2082c65  2082c65       28     1                 pxPortInitialiseStack
 2082c8c  2082c8c        6     4         ./ra/fsp/src/rm_freertos_port/port.o:(.text.prvTaskExitError)
 2082c8c  2082c8c        0     1                 $t
 2082c8d  2082c8d        6     1                 prvTaskExitError
 2082c94  2082c94       3c     4         ./ra/fsp/src/rm_freertos_port/port.o:(.text.xPortStartScheduler)
 2082c94  2082c94        0     1                 $t
 2082c95  2082c95       3c     1                 xPortStartScheduler
 2082cd0  2082cd0       46     2         ./ra/fsp/src/rm_freertos_port/port.o:(.text.vPortSetupTimerInterrupt)
 2082cd0  2082cd0        0     1                 $t
 2082cd1  2082cd1       46     1                 vPortSetupTimerInterrupt
 2082d16  2082d16       56     2         ./ra/fsp/src/rm_freertos_port/port.o:(.text.vPortEnterCritical)
 2082d16  2082d16        0     1                 $t
 2082d17  2082d17       56     1                 vPortEnterCritical
 2082d6c  2082d6c       46     2         ./ra/fsp/src/rm_freertos_port/port.o:(.text.vPortExitCritical)
 2082d6c  2082d6c        0     1                 $t
 2082d6d  2082d6d       46     1                 vPortExitCritical
 2082db2  2082db2       6e     2         ./ra/fsp/src/rm_freertos_port/port.o:(.text.rm_freertos_port_sleep_preserving_lpm)
 2082db2  2082db2        0     1                 $t
 2082db3  2082db3       6e     1                 rm_freertos_port_sleep_preserving_lpm
 2082e20  2082e20       18     2         ./ra/fsp/src/rm_freertos_port/port.o:(.text.vApplicationIdleHook)
 2082e20  2082e20        0     1                 $t
 2082e21  2082e21       18     1                 vApplicationIdleHook
 2082e38  2082e38       6c     2         ./ra/fsp/src/rm_freertos_port/port.o:(.text.vPortValidateInterruptPriority)
 2082e38  2082e38        0     1                 $t
 2082e39  2082e39       6c     1                 vPortValidateInterruptPriority
 2082ea4  2082ea4      31a     4         ./ra/fsp/src/r_sci_b_uart/r_sci_b_uart.o:(.text.R_SCI_B_UART_Open)
 2082ea4  2082ea4        0     1                 $t
 2082ea5  2082ea5      31a     1                 R_SCI_B_UART_Open
 20831c0  20831c0       4c     4         ./ra/fsp/src/r_sci_b_uart/r_sci_b_uart.o:(.text.R_SCI_B_UART_Write)
 20831c0  20831c0        0     1                 $t
 20831c1  20831c1       4c     1                 R_SCI_B_UART_Write
 208320c  208320c       6e     2         ./ra/fsp/src/r_sci_b_uart/r_sci_b_uart.o:(.text.r_sci_b_uart_synchronization_delay_cfg)
 208320c  208320c        0     1                 $t
 208320d  208320d       6e     1                 r_sci_b_uart_synchronization_delay_cfg
 208327a  208327a       94     2         ./ra/fsp/src/r_sci_b_uart/r_sci_b_uart.o:(.text.sci_b_uart_txi_isr)
 208327a  208327a        0     1                 $t
 208327b  208327b       94     1                 sci_b_uart_txi_isr
 208330e  208330e       4a     2         ./ra/fsp/src/r_sci_b_uart/r_sci_b_uart.o:(.text.r_sci_b_uart_call_callback)
 208330e  208330e        0     1                 $t
 208330f  208330f       4a     1                 r_sci_b_uart_call_callback
 2083358  2083358       88     2         ./ra/fsp/src/r_sci_b_uart/r_sci_b_uart.o:(.text.sci_b_uart_rxi_isr)
 2083358  2083358        0     1                 $t
 2083359  2083359       88     1                 sci_b_uart_rxi_isr
 20833e0  20833e0       52     2         ./ra/fsp/src/r_sci_b_uart/r_sci_b_uart.o:(.text.sci_b_uart_tei_isr)
 20833e0  20833e0        0     1                 $t
 20833e1  20833e1       52     1                 sci_b_uart_tei_isr
 2083432  2083432       82     2         ./ra/fsp/src/r_sci_b_uart/r_sci_b_uart.o:(.text.sci_b_uart_eri_isr)
 2083432  2083432        0     1                 $t
 2083433  2083433       82     1                 sci_b_uart_eri_isr
 20834b4  20834b4       92     2         ./ra/fsp/src/r_ipc/r_ipc.o:(.text.R_IPC_Open)
 20834b4  20834b4        0     1                 $t
 20834b5  20834b5       92     1                 R_IPC_Open
 2083546  2083546       10     2         ./ra/fsp/src/r_ipc/r_ipc.o:(.text.R_IPC_MessageSend)
 2083546  2083546        0     1                 $t
 2083547  2083547       10     1                 R_IPC_MessageSend
 2083556  2083556        8     2         ./ra/fsp/src/r_ipc/r_ipc.o:(.text.R_IPC_EventGenerate)
 2083556  2083556        0     1                 $t
 2083557  2083557        8     1                 R_IPC_EventGenerate
 208355e  208355e        e     2         ./ra/fsp/src/r_ipc/r_ipc.o:(.text.R_IPC_CallbackSet)
 208355e  208355e        0     1                 $t
 208355f  208355f        e     1                 R_IPC_CallbackSet
 208356c  208356c       34     2         ./ra/fsp/src/r_ipc/r_ipc.o:(.text.R_IPC_Close)
 208356c  208356c        0     1                 $t
 208356d  208356d       34     1                 R_IPC_Close
 20835a0  20835a0       54     2         ./ra/fsp/src/r_ipc/r_ipc.o:(.text.ipc_isr)
 20835a0  20835a0        0     1                 $t
 20835a1  20835a1       54     1                 ipc_isr
 20835f4  20835f4       4e     2         ./ra/fsp/src/r_ipc/r_ipc.o:(.text.r_ipc_call_callback)
 20835f4  20835f4        0     1                 $t
 20835f5  20835f5       4e     1                 r_ipc_call_callback
 2083642  2083642       16     2         ./ra/fsp/src/r_ioport/r_ioport.o:(.text.R_IOPORT_Open)
 2083642  2083642        0     1                 $t
 2083643  2083643       16     1                 R_IOPORT_Open
 2083658  2083658        a     2         ./ra/fsp/src/r_ioport/r_ioport.o:(.text.R_IOPORT_Close)
 2083658  2083658        0     1                 $t
 2083659  2083659        a     1                 R_IOPORT_Close
 2083662  2083662        c     2         ./ra/fsp/src/r_ioport/r_ioport.o:(.text.R_IOPORT_PinsCfg)
 2083662  2083662        0     1                 $t
 2083663  2083663        c     1                 R_IOPORT_PinsCfg
 208366e  208366e       b4     2         ./ra/fsp/src/r_ioport/r_ioport.o:(.text.R_IOPORT_PinCfg)
 208366e  208366e        0     1                 $t
 208366f  208366f       b4     1                 R_IOPORT_PinCfg
 2083722  2083722       28     2         ./ra/fsp/src/r_ioport/r_ioport.o:(.text.R_IOPORT_PinEventInputRead)
 2083722  2083722        0     1                 $t
 2083723  2083723       28     1                 R_IOPORT_PinEventInputRead
 208374a  208374a       52     2         ./ra/fsp/src/r_ioport/r_ioport.o:(.text.R_IOPORT_PinEventOutputWrite)
 208374a  208374a        0     1                 $t
 208374b  208374b       52     1                 R_IOPORT_PinEventOutputWrite
 208379c  208379c       22     2         ./ra/fsp/src/r_ioport/r_ioport.o:(.text.R_IOPORT_PinRead)
 208379c  208379c        0     1                 $t
 208379d  208379d       22     1                 R_IOPORT_PinRead
 20837be  20837be       2a     2         ./ra/fsp/src/r_ioport/r_ioport.o:(.text.R_IOPORT_PinWrite)
 20837be  20837be        0     1                 $t
 20837bf  20837bf       2a     1                 R_IOPORT_PinWrite
 20837e8  20837e8       2e     2         ./ra/fsp/src/r_ioport/r_ioport.o:(.text.R_IOPORT_PortDirectionSet)
 20837e8  20837e8        0     1                 $t
 20837e9  20837e9       2e     1                 R_IOPORT_PortDirectionSet
 2083816  2083816       1a     2         ./ra/fsp/src/r_ioport/r_ioport.o:(.text.R_IOPORT_PortEventInputRead)
 2083816  2083816        0     1                 $t
 2083817  2083817       1a     1                 R_IOPORT_PortEventInputRead
 2083830  2083830       22     2         ./ra/fsp/src/r_ioport/r_ioport.o:(.text.R_IOPORT_PortEventOutputWrite)
 2083830  2083830        0     1                 $t
 2083831  2083831       22     1                 R_IOPORT_PortEventOutputWrite
 2083852  2083852       18     2         ./ra/fsp/src/r_ioport/r_ioport.o:(.text.R_IOPORT_PortRead)
 2083852  2083852        0     1                 $t
 2083853  2083853       18     1                 R_IOPORT_PortRead
 208386a  208386a       22     2         ./ra/fsp/src/r_ioport/r_ioport.o:(.text.R_IOPORT_PortWrite)
 208386a  208386a        0     1                 $t
 208386b  208386b       22     1                 R_IOPORT_PortWrite
 208388c  208388c       be     4         ./ra/fsp/src/r_ioport/r_ioport.o:(.text.r_ioport_pins_config)
 208388c  208388c        0     1                 $t
 208388d  208388d       be     1                 r_ioport_pins_config
 208394c  208394c       ce     4         ./ra/fsp/src/r_ioport/r_ioport.o:(.text.bsp_vbatt_init)
 208394c  208394c        0     1                 $t
 208394d  208394d       ce     1                 bsp_vbatt_init
 2083a1c  2083a1c      4e6     4         ./ra/fsp/src/r_gpt/r_gpt.o:(.text.R_GPT_Open)
 2083a1c  2083a1c        0     1                 $t
 2083a1d  2083a1d      4e6     1                 R_GPT_Open
 2083f02  2083f02        a     2         ./ra/fsp/src/r_gpt/r_gpt.o:(.text.R_GPT_Start)
 2083f02  2083f02        0     1                 $t
 2083f03  2083f03        a     1                 R_GPT_Start
 2083f0c  2083f0c        a     2         ./ra/fsp/src/r_gpt/r_gpt.o:(.text.R_GPT_Stop)
 2083f0c  2083f0c        0     1                 $t
 2083f0d  2083f0d        a     1                 R_GPT_Stop
 2083f16  2083f16       38     2         ./ra/fsp/src/r_gpt/r_gpt.o:(.text.R_GPT_PeriodSet)
 2083f16  2083f16        0     1                 $t
 2083f17  2083f17       38     1                 R_GPT_PeriodSet
 2083f4e  2083f4e       a6     2         ./ra/fsp/src/r_gpt/r_gpt.o:(.text.R_GPT_DutyCycleSet)
 2083f4e  2083f4e        0     1                 $t
 2083f4f  2083f4f       a6     1                 R_GPT_DutyCycleSet
 2083ff4  2083ff4       6c     2         ./ra/fsp/src/r_gpt/r_gpt.o:(.text.gpt_calculate_duty_cycle)
 2083ff4  2083ff4        0     1                 $t
 2083ff5  2083ff5       6c     1                 gpt_calculate_duty_cycle
 2084060  2084060      1c8     2         ./ra/fsp/src/r_gpt/r_gpt.o:(.text.gpt_counter_overflow_isr)
 2084060  2084060        0     1                 $t
 2084061  2084061      1c8     1                 gpt_counter_overflow_isr
 2084228  2084228       9c     2         ./ra/fsp/src/r_agt/r_agt.o:(.text.agt_int_isr)
 2084228  2084228        0     1                 $t
 2084229  2084229       9c     1                 agt_int_isr
 20842c4  20842c4       aa     4         ./ra/fsp/src/bsp/mcu/all/bsp_clocks.o:(.text.SystemCoreClockUpdate)
 20842c4  20842c4        0     1                 $t
 20842c5  20842c5       aa     1                 SystemCoreClockUpdate
 20842e0  20842e0        0     1                 $d
 20842e4  20842e4        0     1                 $t
 208436e  208436e       70     2         ./ra/fsp/src/bsp/mcu/all/bsp_clocks.o:(.text.bsp_clock_freq_var_init)
 208436e  208436e        0     1                 $t
 208436f  208436f       70     1                 bsp_clock_freq_var_init
 20843de  20843de        e     2         ./ra/fsp/src/bsp/mcu/all/bsp_clocks.o:(.text.R_BSP_SourceClockHzGet)
 20843de  20843de        0     1                 $t
 20843df  20843df        e     1                 R_BSP_SourceClockHzGet
 20843ec  20843ec        2     2         ./ra/fsp/src/bsp/mcu/all/bsp_common.o:(.text.bsp_init_internal)
 20843ec  20843ec        0     1                 $t
 20843ed  20843ed        2     1                 bsp_init_internal
 20843ed  20843ed        2     1                 bsp_init
 20843f0  20843f0        6     4         ./ra/fsp/src/bsp/mcu/all/bsp_common.o:(.text.__assert_func)
 20843f0  20843f0        0     1                 $t
 20843f1  20843f1        6     1                 __assert_func
 20843f6  20843f6       84     2         ./ra/fsp/src/bsp/mcu/all/bsp_delay.o:(.text.R_BSP_SoftwareDelay)
 20843f6  20843f6        0     1                 $t
 20843f7  20843f7       84     1                 R_BSP_SoftwareDelay
 208447a  208447a        8     2         ./ra/fsp/src/bsp/mcu/all/bsp_delay.o:(.text.bsp_prv_software_delay_loop)
 208447a  208447a        0     1                 sw_delay_loop
 208447a  208447a        0     1                 $t
 208447b  208447b        8     1                 bsp_prv_software_delay_loop
 2084484  2084484       46     4         ./ra/fsp/src/bsp/mcu/all/bsp_group_irq.o:(.text.NMI_Handler)
 2084484  2084484        0     1                 $t
 2084485  2084485       46     1                 NMI_Handler
 20844cc  20844cc       52     4         ./ra/fsp/src/bsp/mcu/all/bsp_irq.o:(.text.bsp_irq_cfg)
 20844cc  20844cc        0     1                 $t
 20844cd  20844cd       52     1                 bsp_irq_cfg
 208451e  208451e       52     2         ./ra/fsp/src/bsp/mcu/all/bsp_register_protection.o:(.text.R_BSP_RegisterProtectEnable)
 208451e  208451e        0     1                 $t
 208451f  208451f       52     1                 R_BSP_RegisterProtectEnable
 2084570  2084570       4e     2         ./ra/fsp/src/bsp/mcu/all/bsp_register_protection.o:(.text.R_BSP_RegisterProtectDisable)
 2084570  2084570        0     1                 $t
 2084571  2084571       4e     1                 R_BSP_RegisterProtectDisable
 20845c0  20845c0       3c     4         ./ra/fsp/src/bsp/mcu/all/bsp_sbrk.o:(.text.sbrk)
 20845c0  20845c0        0     1                 $t
 20845c1  20845c1       3c     1                 sbrk
 20845f8  20845f8        0     1                 $d
 20845fc  20845fc        a     4         ./ra/fsp/src/bsp/cmsis/Device/RENESAS/Source/startup.o:(.text.Reset_Handler)
 20845fc  20845fc        0     1                 $t
 20845fd  20845fd        a     1                 Reset_Handler
 2084606  2084606        4     2         ./ra/fsp/src/bsp/cmsis/Device/RENESAS/Source/startup.o:(.text.Default_Handler)
 2084606  2084606        0     1                 $t
 2084607  2084607        4     1                 Default_Handler
 2084607  2084607        4     1                 HardFault_Handler
 2084607  2084607        4     1                 MemManage_Handler
 2084607  2084607        4     1                 BusFault_Handler
 2084607  2084607        4     1                 UsageFault_Handler
 2084607  2084607        4     1                 SecureFault_Handler
 2084607  2084607        4     1                 DebugMon_Handler
 208460c  208460c       b8     4         ./ra/fsp/src/bsp/cmsis/Device/RENESAS/Source/system.o:(.text.SystemInit)
 208460c  208460c        0     1                 $t
 208460d  208460d       b8     1                 SystemInit
 20846c4  20846c4       5a     4         ./ra/fsp/src/bsp/cmsis/Device/RENESAS/Source/system.o:(.text.SystemRuntimeInit)
 20846c4  20846c4        0     1                 $t
 20846c5  20846c5       5a     1                 SystemRuntimeInit
 2084720  2084720      238     4         ./ra/aws/FreeRTOS/FreeRTOS/Source/portable/MemMang/heap_4.o:(.text.pvPortMalloc)
 2084720  2084720        0     1                 $t
 2084721  2084721      238     1                 pvPortMalloc
 2084958  2084958      148     4         ./ra/aws/FreeRTOS/FreeRTOS/Source/portable/MemMang/heap_4.o:(.text.vPortFree)
 2084958  2084958        0     1                 $t
 2084959  2084959      148     1                 vPortFree
 2084aa0  2084aa0       16     2         ./ra/aws/FreeRTOS/FreeRTOS/Source/list.o:(.text.vListInitialise)
 2084aa0  2084aa0        0     1                 $t
 2084aa1  2084aa1       16     1                 vListInitialise
 2084ab6  2084ab6        6     2         ./ra/aws/FreeRTOS/FreeRTOS/Source/list.o:(.text.vListInitialiseItem)
 2084ab6  2084ab6        0     1                 $t
 2084ab7  2084ab7        6     1                 vListInitialiseItem
 2084abc  2084abc       3a     4         ./ra/aws/FreeRTOS/FreeRTOS/Source/list.o:(.text.vListInsert)
 2084abc  2084abc        0     1                 $t
 2084abd  2084abd       3a     1                 vListInsert
 2084af6  2084af6       22     2         ./ra/aws/FreeRTOS/FreeRTOS/Source/list.o:(.text.uxListRemove)
 2084af6  2084af6        0     1                 $t
 2084af7  2084af7       22     1                 uxListRemove
 2084b18  2084b18       be     2         ./ra/aws/FreeRTOS/FreeRTOS/Source/queue.o:(.text.xQueueGenericReset)
 2084b18  2084b18        0     1                 $t
 2084b19  2084b19       be     1                 xQueueGenericReset
 2084bd6  2084bd6       9e     2         ./ra/aws/FreeRTOS/FreeRTOS/Source/queue.o:(.text.xQueueGenericCreateStatic)
 2084bd6  2084bd6        0     1                 $t
 2084bd7  2084bd7       9e     1                 xQueueGenericCreateStatic
 2084c74  2084c74       62     2         ./ra/aws/FreeRTOS/FreeRTOS/Source/queue.o:(.text.xQueueGenericCreate)
 2084c74  2084c74        0     1                 $t
 2084c75  2084c75       62     1                 xQueueGenericCreate
 2084cd6  2084cd6       40     2         ./ra/aws/FreeRTOS/FreeRTOS/Source/queue.o:(.text.xQueueCreateCountingSemaphoreStatic)
 2084cd6  2084cd6        0     1                 $t
 2084cd7  2084cd7       40     1                 xQueueCreateCountingSemaphoreStatic
 2084d18  2084d18      1c8     4         ./ra/aws/FreeRTOS/FreeRTOS/Source/queue.o:(.text.xQueueGenericSend)
 2084d18  2084d18        0     1                 $t
 2084d19  2084d19      1c8     1                 xQueueGenericSend
 2084ee0  2084ee0       62     2         ./ra/aws/FreeRTOS/FreeRTOS/Source/queue.o:(.text.prvCopyDataToQueue)
 2084ee0  2084ee0        0     1                 $t
 2084ee1  2084ee1       62     1                 prvCopyDataToQueue
 2084f44  2084f44       72     4         ./ra/aws/FreeRTOS/FreeRTOS/Source/queue.o:(.text.prvUnlockQueue)
 2084f44  2084f44        0     1                 $t
 2084f45  2084f45       72     1                 prvUnlockQueue
 2084fb6  2084fb6      11e     2         ./ra/aws/FreeRTOS/FreeRTOS/Source/queue.o:(.text.xQueueGenericSendFromISR)
 2084fb6  2084fb6        0     1                 $t
 2084fb7  2084fb7      11e     1                 xQueueGenericSendFromISR
 20850d4  20850d4      1b2     4         ./ra/aws/FreeRTOS/FreeRTOS/Source/queue.o:(.text.xQueueReceive)
 20850d4  20850d4        0     1                 $t
[...]
__malloc_malloc                                   E:\e2studio\toolchains\llvm_arm\ATfE-21.1.1-Windows-x86_64\bin\..\lib\clang-runtimes/arm-none-eabi/armv8m.main_hard_fp_exn_rtti_unaligned_size\lib\libc.a(nano-malloc.c.o)
__malloc_sbrk_top                                 E:\e2studio\toolchains\llvm_arm\ATfE-21.1.1-Windows-x86_64\bin\..\lib\clang-runtimes/arm-none-eabi/armv8m.main_hard_fp_exn_rtti_unaligned_size\lib\libc.a(nano-malloc.c.o)
__malloc_sbrk_start                               E:\e2studio\toolchains\llvm_arm\ATfE-21.1.1-Windows-x86_64\bin\..\lib\clang-runtimes/arm-none-eabi/armv8m.main_hard_fp_exn_rtti_unaligned_size\lib\libc.a(nano-malloc.c.o)
_ctype_b                                          E:\e2studio\toolchains\llvm_arm\ATfE-21.1.1-Windows-x86_64\bin\..\lib\clang-runtimes/arm-none-eabi/armv8m.main_hard_fp_exn_rtti_unaligned_size\lib\libc.a(libc_ctype_ctype_.c.o)
                                                  E:\e2studio\toolchains\llvm_arm\ATfE-21.1.1-Windows-x86_64\bin\..\lib\clang-runtimes/arm-none-eabi/armv8m.main_hard_fp_exn_rtti_unaligned_size\lib\libc.a(libc_ctype_tolower.c.o)
__tdata_source                                    fsp_gen.lld:1285
                                                  E:\e2studio\toolchains\llvm_arm\ATfE-21.1.1-Windows-x86_64\bin\..\lib\clang-runtimes/arm-none-eabi/armv8m.main_hard_fp_exn_rtti_unaligned_size\lib\libc.a(libc_picolib_inittls.c.o)
__tdata_size                                      fsp_gen.lld:1286
                                                  E:\e2studio\toolchains\llvm_arm\ATfE-21.1.1-Windows-x86_64\bin\..\lib\clang-runtimes/arm-none-eabi/armv8m.main_hard_fp_exn_rtti_unaligned_size\lib\libc.a(libc_picolib_inittls.c.o)
__tbss_offset                                     fsp_gen.lld:1287
                                                  E:\e2studio\toolchains\llvm_arm\ATfE-21.1.1-Windows-x86_64\bin\..\lib\clang-runtimes/arm-none-eabi/armv8m.main_hard_fp_exn_rtti_unaligned_size\lib\libc.a(libc_picolib_inittls.c.o)
__tbss_size                                       fsp_gen.lld:1288
                                                  E:\e2studio\toolchains\llvm_arm\ATfE-21.1.1-Windows-x86_64\bin\..\lib\clang-runtimes/arm-none-eabi/armv8m.main_hard_fp_exn_rtti_unaligned_size\lib\libc.a(libc_picolib_inittls.c.o)
__arm32_tls_tcb_offset                            fsp_gen.lld:1289
                                                  E:\e2studio\toolchains\llvm_arm\ATfE-21.1.1-Windows-x86_64\bin\..\lib\clang-runtimes/arm-none-eabi/armv8m.main_hard_fp_exn_rtti_unaligned_size\lib\libc.a(libc_picolib_machine_arm_set_tls.c.o)
__tls                                             E:\e2studio\toolchains\llvm_arm\ATfE-21.1.1-Windows-x86_64\bin\..\lib\clang-runtimes/arm-none-eabi/armv8m.main_hard_fp_exn_rtti_unaligned_size\lib\libc.a(libc_picolib_machine_arm_tls.c.o)
                                                  E:\e2studio\toolchains\llvm_arm\ATfE-21.1.1-Windows-x86_64\bin\..\lib\clang-runtimes/arm-none-eabi/armv8m.main_hard_fp_exn_rtti_unaligned_size\lib\libc.a(libc_picolib_machine_arm_set_tls.c.o)
                                                  E:\e2studio\toolchains\llvm_arm\ATfE-21.1.1-Windows-x86_64\bin\..\lib\clang-runtimes/arm-none-eabi/armv8m.main_hard_fp_exn_rtti_unaligned_size\lib\libc.a(libc_picolib_machine_arm_read_tp.S.o)
vfprintf                                          E:\e2studio\toolchains\llvm_arm\ATfE-21.1.1-Windows-x86_64\bin\..\lib\clang-runtimes/arm-none-eabi/armv8m.main_hard_fp_exn_rtti_unaligned_size\lib\libc.a(libc_tinystdio_vfprintf.c.o)
                                                  E:\e2studio\toolchains\llvm_arm\ATfE-21.1.1-Windows-x86_64\bin\..\lib\clang-runtimes/arm-none-eabi/armv8m.main_hard_fp_exn_rtti_unaligned_size\lib\libc.a(libc_tinystdio_snprintf.c.o)
                                                  E:\e2studio\toolchains\llvm_arm\ATfE-21.1.1-Windows-x86_64\bin\..\lib\clang-runtimes/arm-none-eabi/armv8m.main_hard_fp_exn_rtti_unaligned_size\lib\libc.a(libc_tinystdio_sprintf.c.o)
                                                  E:\e2studio\toolchains\llvm_arm\ATfE-21.1.1-Windows-x86_64\bin\..\lib\clang-runtimes/arm-none-eabi/armv8m.main_hard_fp_exn_rtti_unaligned_size\lib\libc.a(libc_tinystdio_vsnprintf.c.o)
__file_str_put                                    E:\e2studio\toolchains\llvm_arm\ATfE-21.1.1-Windows-x86_64\bin\..\lib\clang-runtimes/arm-none-eabi/armv8m.main_hard_fp_exn_rtti_unaligned_size\lib\libc.a(libc_tinystdio_filestrput.c.o)
                                                  E:\e2studio\toolchains\llvm_arm\ATfE-21.1.1-Windows-x86_64\bin\..\lib\clang-runtimes/arm-none-eabi/armv8m.main_hard_fp_exn_rtti_unaligned_size\lib\libc.a(libc_tinystdio_snprintf.c.o)
                                                  E:\e2studio\toolchains\llvm_arm\ATfE-21.1.1-Windows-x86_64\bin\..\lib\clang-runtimes/arm-none-eabi/armv8m.main_hard_fp_exn_rtti_unaligned_size\lib\libc.a(libc_tinystdio_sprintf.c.o)
                                                  E:\e2studio\toolchains\llvm_arm\ATfE-21.1.1-Windows-x86_64\bin\..\lib\clang-runtimes/arm-none-eabi/armv8m.main_hard_fp_exn_rtti_unaligned_size\lib\libc.a(libc_tinystdio_vsnprintf.c.o)
__dtox_engine                                     E:\e2studio\toolchains\llvm_arm\ATfE-21.1.1-Windows-x86_64\bin\..\lib\clang-runtimes/arm-none-eabi/armv8m.main_hard_fp_exn_rtti_unaligned_size\lib\libc.a(libc_tinystdio_dtox_engine.c.o)
                                                  E:\e2studio\toolchains\llvm_arm\ATfE-21.1.1-Windows-x86_64\bin\..\lib\clang-runtimes/arm-none-eabi/armv8m.main_hard_fp_exn_rtti_unaligned_size\lib\libc.a(libc_tinystdio_vfprintf.c.o)
__dtoa_engine                                     E:\e2studio\toolchains\llvm_arm\ATfE-21.1.1-Windows-x86_64\bin\..\lib\clang-runtimes/arm-none-eabi/armv8m.main_hard_fp_exn_rtti_unaligned_size\lib\libc.a(libc_tinystdio_dtoa_ryu.c.o)
                                                  E:\e2studio\toolchains\llvm_arm\ATfE-21.1.1-Windows-x86_64\bin\..\lib\clang-runtimes/arm-none-eabi/armv8m.main_hard_fp_exn_rtti_unaligned_size\lib\libc.a(libc_tinystdio_vfprintf.c.o)
strnlen                                           E:\e2studio\toolchains\llvm_arm\ATfE-21.1.1-Windows-x86_64\bin\..\lib\clang-runtimes/arm-none-eabi/armv8m.main_hard_fp_exn_rtti_unaligned_size\lib\libc.a(libc_string_strnlen.c.o)
                                                  E:\e2studio\toolchains\llvm_arm\ATfE-21.1.1-Windows-x86_64\bin\..\lib\clang-runtimes/arm-none-eabi/armv8m.main_hard_fp_exn_rtti_unaligned_size\lib\libc.a(libc_tinystdio_vfprintf.c.o)
__d_vfprintf                                      E:\e2studio\toolchains\llvm_arm\ATfE-21.1.1-Windows-x86_64\bin\..\lib\clang-runtimes/arm-none-eabi/armv8m.main_hard_fp_exn_rtti_unaligned_size\lib\libc.a(libc_tinystdio_vfprintf.c.o)
__log10Pow2                                       E:\e2studio\toolchains\llvm_arm\ATfE-21.1.1-Windows-x86_64\bin\..\lib\clang-runtimes/arm-none-eabi/armv8m.main_hard_fp_exn_rtti_unaligned_size\lib\libc.a(libc_tinystdio_ryu_log10.c.o)
                                                  E:\e2studio\toolchains\llvm_arm\ATfE-21.1.1-Windows-x86_64\bin\..\lib\clang-runtimes/arm-none-eabi/armv8m.main_hard_fp_exn_rtti_unaligned_size\lib\libc.a(libc_tinystdio_dtoa_ryu.c.o)
__pow5bits                                        E:\e2studio\toolchains\llvm_arm\ATfE-21.1.1-Windows-x86_64\bin\..\lib\clang-runtimes/arm-none-eabi/armv8m.main_hard_fp_exn_rtti_unaligned_size\lib\libc.a(libc_tinystdio_ryu_pow5bits.c.o)
                                                  E:\e2studio\toolchains\llvm_arm\ATfE-21.1.1-Windows-x86_64\bin\..\lib\clang-runtimes/arm-none-eabi/armv8m.main_hard_fp_exn_rtti_unaligned_size\lib\libc.a(libc_tinystdio_dtoa_ryu.c.o)
                                                  E:\e2studio\toolchains\llvm_arm\ATfE-21.1.1-Windows-x86_64\bin\..\lib\clang-runtimes/arm-none-eabi/armv8m.main_hard_fp_exn_rtti_unaligned_size\lib\libc.a(libc_tinystdio_ryu_table.c.o)
__double_computeInvPow5                           E:\e2studio\toolchains\llvm_arm\ATfE-21.1.1-Windows-x86_64\bin\..\lib\clang-runtimes/arm-none-eabi/armv8m.main_hard_fp_exn_rtti_unaligned_size\lib\libc.a(libc_tinystdio_ryu_table.c.o)
                                                  E:\e2studio\toolchains\llvm_arm\ATfE-21.1.1-Windows-x86_64\bin\..\lib\clang-runtimes/arm-none-eabi/armv8m.main_hard_fp_exn_rtti_unaligned_size\lib\libc.a(libc_tinystdio_dtoa_ryu.c.o)
__pow5Factor                                      E:\e2studio\toolchains\llvm_arm\ATfE-21.1.1-Windows-x86_64\bin\..\lib\clang-runtimes/arm-none-eabi/armv8m.main_hard_fp_exn_rtti_unaligned_size\lib\libc.a(libc_tinystdio_ryu_table.c.o)
                                                  E:\e2studio\toolchains\llvm_arm\ATfE-21.1.1-Windows-x86_64\bin\..\lib\clang-runtimes/arm-none-eabi/armv8m.main_hard_fp_exn_rtti_unaligned_size\lib\libc.a(libc_tinystdio_dtoa_ryu.c.o)
__log10Pow5                                       E:\e2studio\toolchains\llvm_arm\ATfE-21.1.1-Windows-x86_64\bin\..\lib\clang-runtimes/arm-none-eabi/armv8m.main_hard_fp_exn_rtti_unaligned_size\lib\libc.a(libc_tinystdio_ryu_log10.c.o)
                                                  E:\e2studio\toolchains\llvm_arm\ATfE-21.1.1-Windows-x86_64\bin\..\lib\clang-runtimes/arm-none-eabi/armv8m.main_hard_fp_exn_rtti_unaligned_size\lib\libc.a(libc_tinystdio_dtoa_ryu.c.o)
__double_computePow5                              E:\e2studio\toolchains\llvm_arm\ATfE-21.1.1-Windows-x86_64\bin\..\lib\clang-runtimes/arm-none-eabi/armv8m.main_hard_fp_exn_rtti_unaligned_size\lib\libc.a(libc_tinystdio_ryu_table.c.o)
                                                  E:\e2studio\toolchains\llvm_arm\ATfE-21.1.1-Windows-x86_64\bin\..\lib\clang-runtimes/arm-none-eabi/armv8m.main_hard_fp_exn_rtti_unaligned_size\lib\libc.a(libc_tinystdio_dtoa_ryu.c.o)
__umul128                                         E:\e2studio\toolchains\llvm_arm\ATfE-21.1.1-Windows-x86_64\bin\..\lib\clang-runtimes/arm-none-eabi/armv8m.main_hard_fp_exn_rtti_unaligned_size\lib\libc.a(libc_tinystdio_ryu_umul128.c.o)
                                                  E:\e2studio\toolchains\llvm_arm\ATfE-21.1.1-Windows-x86_64\bin\..\lib\clang-runtimes/arm-none-eabi/armv8m.main_hard_fp_exn_rtti_unaligned_size\lib\libc.a(libc_tinystdio_dtoa_ryu.c.o)
                                                  E:\e2studio\toolchains\llvm_arm\ATfE-21.1.1-Windows-x86_64\bin\..\lib\clang-runtimes/arm-none-eabi/armv8m.main_hard_fp_exn_rtti_unaligned_size\lib\libc.a(libc_tinystdio_ryu_table.c.o)
__shiftright128                                   E:\e2studio\toolchains\llvm_arm\ATfE-21.1.1-Windows-x86_64\bin\..\lib\clang-runtimes/arm-none-eabi/armv8m.main_hard_fp_exn_rtti_unaligned_size\lib\libc.a(libc_tinystdio_ryu_umul128.c.o)
                                                  E:\e2studio\toolchains\llvm_arm\ATfE-21.1.1-Windows-x86_64\bin\..\lib\clang-runtimes/arm-none-eabi/armv8m.main_hard_fp_exn_rtti_unaligned_size\lib\libc.a(libc_tinystdio_dtoa_ryu.c.o)
                                                  E:\e2studio\toolchains\llvm_arm\ATfE-21.1.1-Windows-x86_64\bin\..\lib\clang-runtimes/arm-none-eabi/armv8m.main_hard_fp_exn_rtti_unaligned_size\lib\libc.a(libc_tinystdio_ryu_table.c.o)
scalbn                                            E:\e2studio\toolchains\llvm_arm\ATfE-21.1.1-Windows-x86_64\bin\..\lib\clang-runtimes/arm-none-eabi/armv8m.main_hard_fp_exn_rtti_unaligned_size\lib\libc.a(libm_common_s_scalbn.c.o)
                                                  E:\e2studio\toolchains\llvm_arm\ATfE-21.1.1-Windows-x86_64\bin\..\lib\clang-runtimes/arm-none-eabi/armv8m.main_hard_fp_exn_rtti_unaligned_size\lib\libc.a(libm_math_s_pow.c.o)
                                                  E:\e2studio\toolchains\llvm_arm\ATfE-21.1.1-Windows-x86_64\bin\..\lib\clang-runtimes/arm-none-eabi/armv8m.main_hard_fp_exn_rtti_unaligned_size\lib\libc.a(libm_math_k_rem_pio2.c.o)
sqrt                                              E:\e2studio\toolchains\llvm_arm\ATfE-21.1.1-Windows-x86_64\bin\..\lib\clang-runtimes/arm-none-eabi/armv8m.main_hard_fp_exn_rtti_unaligned_size\lib\libc.a(libm_machine_arm_s_sqrt.c.o)
                                                  E:\e2studio\toolchains\llvm_arm\ATfE-21.1.1-Windows-x86_64\bin\..\lib\clang-runtimes/arm-none-eabi/armv8m.main_hard_fp_exn_rtti_unaligned_size\lib\libc.a(libm_math_s_pow.c.o)
_pow                                              E:\e2studio\toolchains\llvm_arm\ATfE-21.1.1-Windows-x86_64\bin\..\lib\clang-runtimes/arm-none-eabi/armv8m.main_hard_fp_exn_rtti_unaligned_size\lib\libc.a(libm_math_s_pow.c.o)
powl                                              E:\e2studio\toolchains\llvm_arm\ATfE-21.1.1-Windows-x86_64\bin\..\lib\clang-runtimes/arm-none-eabi/armv8m.main_hard_fp_exn_rtti_unaligned_size\lib\libc.a(libm_math_s_pow.c.o)
__isnand                                          E:\e2studio\toolchains\llvm_arm\ATfE-21.1.1-Windows-x86_64\bin\..\lib\clang-runtimes/arm-none-eabi/armv8m.main_hard_fp_exn_rtti_unaligned_size\lib\libc.a(libm_common_s_isnan.c.o)
                                                  E:\e2studio\toolchains\llvm_arm\ATfE-21.1.1-Windows-x86_64\bin\..\lib\clang-runtimes/arm-none-eabi/armv8m.main_hard_fp_exn_rtti_unaligned_size\lib\libc.a(libm_machine_arm_s_sqrt.c.o)
                                                  E:\e2studio\toolchains\llvm_arm\ATfE-21.1.1-Windows-x86_64\bin\..\lib\clang-runtimes/arm-none-eabi/armv8m.main_hard_fp_exn_rtti_unaligned_size\lib\libc.a(libm_common_math_err_invalid.c.o)
sqrtl                                             E:\e2studio\toolchains\llvm_arm\ATfE-21.1.1-Windows-x86_64\bin\..\lib\clang-runtimes/arm-none-eabi/armv8m.main_hard_fp_exn_rtti_unaligned_size\lib\libc.a(libm_machine_arm_s_sqrt.c.o)
atanf                                             E:\e2studio\toolchains\llvm_arm\ATfE-21.1.1-Windows-x86_64\bin\..\lib\clang-runtimes/arm-none-eabi/armv8m.main_hard_fp_exn_rtti_unaligned_size\lib\libc.a(libm_math_sf_atan.c.o)
                                                  E:\e2studio\toolchains\llvm_arm\ATfE-21.1.1-Windows-x86_64\bin\..\lib\clang-runtimes/arm-none-eabi/armv8m.main_hard_fp_exn_rtti_unaligned_size\lib\libc.a(libm_math_sf_atan2.c.o)
__kernel_cosf                                     E:\e2studio\toolchains\llvm_arm\ATfE-21.1.1-Windows-x86_64\bin\..\lib\clang-runtimes/arm-none-eabi/armv8m.main_hard_fp_exn_rtti_unaligned_size\lib\libc.a(libm_math_kf_cos.c.o)
                                                  E:\e2studio\toolchains\llvm_arm\ATfE-21.1.1-Windows-x86_64\bin\..\lib\clang-runtimes/arm-none-eabi/armv8m.main_hard_fp_exn_rtti_unaligned_size\lib\libc.a(libm_math_sf_cos.c.o)
                                                  E:\e2studio\toolchains\llvm_arm\ATfE-21.1.1-Windows-x86_64\bin\..\lib\clang-runtimes/arm-none-eabi/armv8m.main_hard_fp_exn_rtti_unaligned_size\lib\libc.a(libm_math_sf_sin.c.o)
__rem_pio2f                                       E:\e2studio\toolchains\llvm_arm\ATfE-21.1.1-Windows-x86_64\bin\..\lib\clang-runtimes/arm-none-eabi/armv8m.main_hard_fp_exn_rtti_unaligned_size\lib\libc.a(libm_math_sf_rem_pio2.c.o)
                                                  E:\e2studio\toolchains\llvm_arm\ATfE-21.1.1-Windows-x86_64\bin\..\lib\clang-runtimes/arm-none-eabi/armv8m.main_hard_fp_exn_rtti_unaligned_size\lib\libc.a(libm_math_sf_cos.c.o)
                                                  E:\e2studio\toolchains\llvm_arm\ATfE-21.1.1-Windows-x86_64\bin\..\lib\clang-runtimes/arm-none-eabi/armv8m.main_hard_fp_exn_rtti_unaligned_size\lib\libc.a(libm_math_sf_sin.c.o)
__kernel_sinf                                     E:\e2studio\toolchains\llvm_arm\ATfE-21.1.1-Windows-x86_64\bin\..\lib\clang-runtimes/arm-none-eabi/armv8m.main_hard_fp_exn_rtti_unaligned_size\lib\libc.a(libm_math_kf_sin.c.o)
                                                  E:\e2studio\toolchains\llvm_arm\ATfE-21.1.1-Windows-x86_64\bin\..\lib\clang-runtimes/arm-none-eabi/armv8m.main_hard_fp_exn_rtti_unaligned_size\lib\libc.a(libm_math_sf_cos.c.o)
                                                  E:\e2studio\toolchains\llvm_arm\ATfE-21.1.1-Windows-x86_64\bin\..\lib\clang-runtimes/arm-none-eabi/armv8m.main_hard_fp_exn_rtti_unaligned_size\lib\libc.a(libm_math_sf_sin.c.o)
_cosf                                             E:\e2studio\toolchains\llvm_arm\ATfE-21.1.1-Windows-x86_64\bin\..\lib\clang-runtimes/arm-none-eabi/armv8m.main_hard_fp_exn_rtti_unaligned_size\lib\libc.a(libm_math_sf_cos.c.o)
__kernel_rem_pio2f                                E:\e2studio\toolchains\llvm_arm\ATfE-21.1.1-Windows-x86_64\bin\..\lib\clang-runtimes/arm-none-eabi/armv8m.main_hard_fp_exn_rtti_unaligned_size\lib\libc.a(libm_math_kf_rem_pio2.c.o)
                                                  E:\e2studio\toolchains\llvm_arm\ATfE-21.1.1-Windows-x86_64\bin\..\lib\clang-runtimes/arm-none-eabi/armv8m.main_hard_fp_exn_rtti_unaligned_size\lib\libc.a(libm_math_sf_rem_pio2.c.o)
scalbnf                                           E:\e2studio\toolchains\llvm_arm\ATfE-21.1.1-Windows-x86_64\bin\..\lib\clang-runtimes/arm-none-eabi/armv8m.main_hard_fp_exn_rtti_unaligned_size\lib\libc.a(libm_common_sf_scalbn.c.o)
                                                  E:\e2studio\toolchains\llvm_arm\ATfE-21.1.1-Windows-x86_64\bin\..\lib\clang-runtimes/arm-none-eabi/armv8m.main_hard_fp_exn_rtti_unaligned_size\lib\libc.a(libm_math_kf_rem_pio2.c.o)
_sinf                                             E:\e2studio\toolchains\llvm_arm\ATfE-21.1.1-Windows-x86_64\bin\..\lib\clang-runtimes/arm-none-eabi/armv8m.main_hard_fp_exn_rtti_unaligned_size\lib\libc.a(libm_math_sf_sin.c.o)
ldexp                                             E:\e2studio\toolchains\llvm_arm\ATfE-21.1.1-Windows-x86_64\bin\..\lib\clang-runtimes/arm-none-eabi/armv8m.main_hard_fp_exn_rtti_unaligned_size\lib\libc.a(libm_common_s_scalbn.c.o)
scalbnl                                           E:\e2studio\toolchains\llvm_arm\ATfE-21.1.1-Windows-x86_64\bin\..\lib\clang-runtimes/arm-none-eabi/armv8m.main_hard_fp_exn_rtti_unaligned_size\lib\libc.a(libm_common_s_scalbn.c.o)
ldexpl                                            E:\e2studio\toolchains\llvm_arm\ATfE-21.1.1-Windows-x86_64\bin\..\lib\clang-runtimes/arm-none-eabi/armv8m.main_hard_fp_exn_rtti_unaligned_size\lib\libc.a(libm_common_s_scalbn.c.o)
isnan                                             E:\e2studio\toolchains\llvm_arm\ATfE-21.1.1-Windows-x86_64\bin\..\lib\clang-runtimes/arm-none-eabi/armv8m.main_hard_fp_exn_rtti_unaligned_size\lib\libc.a(libm_common_s_isnan.c.o)
isnanl                                            E:\e2studio\toolchains\llvm_arm\ATfE-21.1.1-Windows-x86_64\bin\..\lib\clang-runtimes/arm-none-eabi/armv8m.main_hard_fp_exn_rtti_unaligned_size\lib\libc.a(libm_common_s_isnan.c.o)
__isnanl                                          E:\e2studio\toolchains\llvm_arm\ATfE-21.1.1-Windows-x86_64\bin\..\lib\clang-runtimes/arm-none-eabi/armv8m.main_hard_fp_exn_rtti_unaligned_size\lib\libc.a(libm_common_s_isnan.c.o)
ldexpf                                            E:\e2studio\toolchains\llvm_arm\ATfE-21.1.1-Windows-x86_64\bin\..\lib\clang-runtimes/arm-none-eabi/armv8m.main_hard_fp_exn_rtti_unaligned_size\lib\libc.a(libm_common_sf_scalbn.c.o)
__isnanf                                          E:\e2studio\toolchains\llvm_arm\ATfE-21.1.1-Windows-x86_64\bin\..\lib\clang-runtimes/arm-none-eabi/armv8m.main_hard_fp_exn_rtti_unaligned_size\lib\libc.a(libm_common_sf_isnan.c.o)
                                                  E:\e2studio\toolchains\llvm_arm\ATfE-21.1.1-Windows-x86_64\bin\..\lib\clang-runtimes/arm-none-eabi/armv8m.main_hard_fp_exn_rtti_unaligned_size\lib\libc.a(libm_common_math_errf_invalidf.c.o)
isnanf                                            E:\e2studio\toolchains\llvm_arm\ATfE-21.1.1-Windows-x86_64\bin\..\lib\clang-runtimes/arm-none-eabi/armv8m.main_hard_fp_exn_rtti_unaligned_size\lib\libc.a(libm_common_sf_isnan.c.o)
